Archive member included to satisfy reference by file (symbol)

/Applications/STM32CubeIDE.app/Contents/Eclipse/plugins/com.st.stm32cube.ide.mcu.externaltools.gnu-tools-for-stm32.9-2020-q2-update.macos64_2.0.0.202105311346/tools/bin/../lib/gcc/arm-none-eabi/9.3.1/../../../../arm-none-eabi/lib/thumb/v6-m/nofp/libc_nano.a(lib_a-errno.o)
                              ./Core/Src/syscalls.o (__errno)
/Applications/STM32CubeIDE.app/Contents/Eclipse/plugins/com.st.stm32cube.ide.mcu.externaltools.gnu-tools-for-stm32.9-2020-q2-update.macos64_2.0.0.202105311346/tools/bin/../lib/gcc/arm-none-eabi/9.3.1/../../../../arm-none-eabi/lib/thumb/v6-m/nofp/libc_nano.a(lib_a-exit.o)
                              /Applications/STM32CubeIDE.app/Contents/Eclipse/plugins/com.st.stm32cube.ide.mcu.externaltools.gnu-tools-for-stm32.9-2020-q2-update.macos64_2.0.0.202105311346/tools/bin/../lib/gcc/arm-none-eabi/9.3.1/../../../../arm-none-eabi/lib/thumb/v6-m/nofp/crt0.o (exit)
/Applications/STM32CubeIDE.app/Contents/Eclipse/plugins/com.st.stm32cube.ide.mcu.externaltools.gnu-tools-for-stm32.9-2020-q2-update.macos64_2.0.0.202105311346/tools/bin/../lib/gcc/arm-none-eabi/9.3.1/../../../../arm-none-eabi/lib/thumb/v6-m/nofp/libc_nano.a(lib_a-impure.o)
                              /Applications/STM32CubeIDE.app/Contents/Eclipse/plugins/com.st.stm32cube.ide.mcu.externaltools.gnu-tools-for-stm32.9-2020-q2-update.macos64_2.0.0.202105311346/tools/bin/../lib/gcc/arm-none-eabi/9.3.1/../../../../arm-none-eabi/lib/thumb/v6-m/nofp/libc_nano.a(lib_a-exit.o) (_global_impure_ptr)
/Applications/STM32CubeIDE.app/Contents/Eclipse/plugins/com.st.stm32cube.ide.mcu.externaltools.gnu-tools-for-stm32.9-2020-q2-update.macos64_2.0.0.202105311346/tools/bin/../lib/gcc/arm-none-eabi/9.3.1/../../../../arm-none-eabi/lib/thumb/v6-m/nofp/libc_nano.a(lib_a-init.o)
                              /Applications/STM32CubeIDE.app/Contents/Eclipse/plugins/com.st.stm32cube.ide.mcu.externaltools.gnu-tools-for-stm32.9-2020-q2-update.macos64_2.0.0.202105311346/tools/bin/../lib/gcc/arm-none-eabi/9.3.1/../../../../arm-none-eabi/lib/thumb/v6-m/nofp/crt0.o (__libc_init_array)
/Applications/STM32CubeIDE.app/Contents/Eclipse/plugins/com.st.stm32cube.ide.mcu.externaltools.gnu-tools-for-stm32.9-2020-q2-update.macos64_2.0.0.202105311346/tools/bin/../lib/gcc/arm-none-eabi/9.3.1/../../../../arm-none-eabi/lib/thumb/v6-m/nofp/libc_nano.a(lib_a-malloc.o)
                              ./Middlewares/USB_Device_Library/usbd_customhid.o (malloc)
/Applications/STM32CubeIDE.app/Contents/Eclipse/plugins/com.st.stm32cube.ide.mcu.externaltools.gnu-tools-for-stm32.9-2020-q2-update.macos64_2.0.0.202105311346/tools/bin/../lib/gcc/arm-none-eabi/9.3.1/../../../../arm-none-eabi/lib/thumb/v6-m/nofp/libc_nano.a(lib_a-memcpy-stub.o)
                              ./USB_DEVICE/App/usbd_custom_hid_if.o (memcpy)
/Applications/STM32CubeIDE.app/Contents/Eclipse/plugins/com.st.stm32cube.ide.mcu.externaltools.gnu-tools-for-stm32.9-2020-q2-update.macos64_2.0.0.202105311346/tools/bin/../lib/gcc/arm-none-eabi/9.3.1/../../../../arm-none-eabi/lib/thumb/v6-m/nofp/libc_nano.a(lib_a-memset.o)
                              /Applications/STM32CubeIDE.app/Contents/Eclipse/plugins/com.st.stm32cube.ide.mcu.externaltools.gnu-tools-for-stm32.9-2020-q2-update.macos64_2.0.0.202105311346/tools/bin/../lib/gcc/arm-none-eabi/9.3.1/../../../../arm-none-eabi/lib/thumb/v6-m/nofp/crt0.o (memset)
/Applications/STM32CubeIDE.app/Contents/Eclipse/plugins/com.st.stm32cube.ide.mcu.externaltools.gnu-tools-for-stm32.9-2020-q2-update.macos64_2.0.0.202105311346/tools/bin/../lib/gcc/arm-none-eabi/9.3.1/../../../../arm-none-eabi/lib/thumb/v6-m/nofp/libc_nano.a(lib_a-nano-freer.o)
                              /Applications/STM32CubeIDE.app/Contents/Eclipse/plugins/com.st.stm32cube.ide.mcu.externaltools.gnu-tools-for-stm32.9-2020-q2-update.macos64_2.0.0.202105311346/tools/bin/../lib/gcc/arm-none-eabi/9.3.1/../../../../arm-none-eabi/lib/thumb/v6-m/nofp/libc_nano.a(lib_a-malloc.o) (_free_r)
/Applications/STM32CubeIDE.app/Contents/Eclipse/plugins/com.st.stm32cube.ide.mcu.externaltools.gnu-tools-for-stm32.9-2020-q2-update.macos64_2.0.0.202105311346/tools/bin/../lib/gcc/arm-none-eabi/9.3.1/../../../../arm-none-eabi/lib/thumb/v6-m/nofp/libc_nano.a(lib_a-nano-mallocr.o)
                              /Applications/STM32CubeIDE.app/Contents/Eclipse/plugins/com.st.stm32cube.ide.mcu.externaltools.gnu-tools-for-stm32.9-2020-q2-update.macos64_2.0.0.202105311346/tools/bin/../lib/gcc/arm-none-eabi/9.3.1/../../../../arm-none-eabi/lib/thumb/v6-m/nofp/libc_nano.a(lib_a-malloc.o) (_malloc_r)
/Applications/STM32CubeIDE.app/Contents/Eclipse/plugins/com.st.stm32cube.ide.mcu.externaltools.gnu-tools-for-stm32.9-2020-q2-update.macos64_2.0.0.202105311346/tools/bin/../lib/gcc/arm-none-eabi/9.3.1/../../../../arm-none-eabi/lib/thumb/v6-m/nofp/libc_nano.a(lib_a-sbrkr.o)
[...]
Memory Configuration

Name             Origin             Length             Attributes
RAM              0x0000000020000000 0x0000000000005000 xrw
FLASH            0x0000000008000000 0x0000000000030000 xr
*default*        0x0000000000000000 0xffffffffffffffff

Linker script and memory map

LOAD /Applications/STM32CubeIDE.app/Contents/Eclipse/plugins/com.st.stm32cube.ide.mcu.externaltools.gnu-tools-for-stm32.9-2020-q2-update.macos64_2.0.0.202105311346/tools/bin/../lib/gcc/arm-none-eabi/9.3.1/thumb/v6-m/nofp/crti.o
LOAD /Applications/STM32CubeIDE.app/Contents/Eclipse/plugins/com.st.stm32cube.ide.mcu.externaltools.gnu-tools-for-stm32.9-2020-q2-update.macos64_2.0.0.202105311346/tools/bin/../lib/gcc/arm-none-eabi/9.3.1/thumb/v6-m/nofp/crtbegin.o
LOAD /Applications/STM32CubeIDE.app/Contents/Eclipse/plugins/com.st.stm32cube.ide.mcu.externaltools.gnu-tools-for-stm32.9-2020-q2-update.macos64_2.0.0.202105311346/tools/bin/../lib/gcc/arm-none-eabi/9.3.1/../../../../arm-none-eabi/lib/thumb/v6-m/nofp/crt0.o
LOAD ./Core/Src/main.o
LOAD ./Core/Src/stm32l0xx_hal_msp.o
LOAD ./Core/Src/stm32l0xx_it.o
LOAD ./Core/Src/syscalls.o
LOAD ./Core/Src/sysmem.o
LOAD ./Core/Src/system_stm32l0xx.o
LOAD ./Core/Startup/startup_stm32l073cztx.o
LOAD ./Drivers/STM32L0xx_HAL_Driver/stm32l0xx_hal.o
LOAD ./Drivers/STM32L0xx_HAL_Driver/stm32l0xx_hal_cortex.o
LOAD ./Drivers/STM32L0xx_HAL_Driver/stm32l0xx_hal_dma.o
LOAD ./Drivers/STM32L0xx_HAL_Driver/stm32l0xx_hal_exti.o
LOAD ./Drivers/STM32L0xx_HAL_Driver/stm32l0xx_hal_flash.o
LOAD ./Drivers/STM32L0xx_HAL_Driver/stm32l0xx_hal_flash_ex.o
LOAD ./Drivers/STM32L0xx_HAL_Driver/stm32l0xx_hal_flash_ramfunc.o
LOAD ./Drivers/STM32L0xx_HAL_Driver/stm32l0xx_hal_gpio.o
LOAD ./Drivers/STM32L0xx_HAL_Driver/stm32l0xx_hal_i2c.o
LOAD ./Drivers/STM32L0xx_HAL_Driver/stm32l0xx_hal_i2c_ex.o
LOAD ./Drivers/STM32L0xx_HAL_Driver/stm32l0xx_hal_pcd.o
LOAD ./Drivers/STM32L0xx_HAL_Driver/stm32l0xx_hal_pcd_ex.o
LOAD ./Drivers/STM32L0xx_HAL_Driver/stm32l0xx_hal_pwr.o
LOAD ./Drivers/STM32L0xx_HAL_Driver/stm32l0xx_hal_pwr_ex.o
LOAD ./Drivers/STM32L0xx_HAL_Driver/stm32l0xx_hal_rcc.o
LOAD ./Drivers/STM32L0xx_HAL_Driver/stm32l0xx_hal_rcc_ex.o
LOAD ./Drivers/STM32L0xx_HAL_Driver/stm32l0xx_hal_tim.o
LOAD ./Drivers/STM32L0xx_HAL_Driver/stm32l0xx_hal_tim_ex.o
LOAD ./Drivers/STM32L0xx_HAL_Driver/stm32l0xx_hal_uart.o
LOAD ./Drivers/STM32L0xx_HAL_Driver/stm32l0xx_hal_uart_ex.o
LOAD ./Drivers/STM32L0xx_HAL_Driver/stm32l0xx_ll_usb.o
LOAD ./Middlewares/USB_Device_Library/usbd_core.o
LOAD ./Middlewares/USB_Device_Library/usbd_ctlreq.o
LOAD ./Middlewares/USB_Device_Library/usbd_customhid.o
LOAD ./Middlewares/USB_Device_Library/usbd_ioreq.o
LOAD ./USB_DEVICE/App/usb_device.o
LOAD ./USB_DEVICE/App/usbd_custom_hid_if.o
LOAD ./USB_DEVICE/App/usbd_desc.o
LOAD ./USB_DEVICE/Target/usbd_conf.o
START GROUP
LOAD /Applications/STM32CubeIDE.app/Contents/Eclipse/plugins/com.st.stm32cube.ide.mcu.externaltools.gnu-tools-for-stm32.9-2020-q2-update.macos64_2.0.0.202105311346/tools/bin/../lib/gcc/arm-none-eabi/9.3.1/../../../../arm-none-eabi/lib/thumb/v6-m/nofp/libc_nano.a
LOAD /Applications/STM32CubeIDE.app/Contents/Eclipse/plugins/com.st.stm32cube.ide.mcu.externaltools.gnu-tools-for-stm32.9-2020-q2-update.macos64_2.0.0.202105311346/tools/bin/../lib/gcc/arm-none-eabi/9.3.1/../../../../arm-none-eabi/lib/thumb/v6-m/nofp/libm.a
END GROUP
START GROUP
LOAD /Applications/STM32CubeIDE.app/Contents/Eclipse/plugins/com.st.stm32cube.ide.mcu.externaltools.gnu-tools-for-stm32.9-2020-q2-update.macos64_2.0.0.202105311346/tools/bin/../lib/gcc/arm-none-eabi/9.3.1/thumb/v6-m/nofp/libgcc.a
LOAD /Applications/STM32CubeIDE.app/Contents/Eclipse/plugins/com.st.stm32cube.ide.mcu.externaltools.gnu-tools-for-stm32.9-2020-q2-update.macos64_2.0.0.202105311346/tools/bin/../lib/gcc/arm-none-eabi/9.3.1/../../../../arm-none-eabi/lib/thumb/v6-m/nofp/libc_nano.a
END GROUP
START GROUP
LOAD /Applications/STM32CubeIDE.app/Contents/Eclipse/plugins/com.st.stm32cube.ide.mcu.externaltools.gnu-tools-for-stm32.9-2020-q2-update.macos64_2.0.0.202105311346/tools/bin/../lib/gcc/arm-none-eabi/9.3.1/thumb/v6-m/nofp/libgcc.a
LOAD /Applications/STM32CubeIDE.app/Contents/Eclipse/plugins/com.st.stm32cube.ide.mcu.externaltools.gnu-tools-for-stm32.9-2020-q2-update.macos64_2.0.0.202105311346/tools/bin/../lib/gcc/arm-none-eabi/9.3.1/../../../../arm-none-eabi/lib/thumb/v6-m/nofp/libc_nano.a
LOAD /Applications/STM32CubeIDE.app/Contents/Eclipse/plugins/com.st.stm32cube.ide.mcu.externaltools.gnu-tools-for-stm32.9-2020-q2-update.macos64_2.0.0.202105311346/tools/bin/../lib/gcc/arm-none-eabi/9.3.1/../../../../arm-none-eabi/lib/thumb/v6-m/nofp/libnosys.a
END GROUP
START GROUP
LOAD /Applications/STM32CubeIDE.app/Contents/Eclipse/plugins/com.st.stm32cube.ide.mcu.externaltools.gnu-tools-for-stm32.9-2020-q2-update.macos64_2.0.0.202105311346/tools/bin/../lib/gcc/arm-none-eabi/9.3.1/thumb/v6-m/nofp/libgcc.a
LOAD /Applications/STM32CubeIDE.app/Contents/Eclipse/plugins/com.st.stm32cube.ide.mcu.externaltools.gnu-tools-for-stm32.9-2020-q2-update.macos64_2.0.0.202105311346/tools/bin/../lib/gcc/arm-none-eabi/9.3.1/../../../../arm-none-eabi/lib/thumb/v6-m/nofp/libc_nano.a
LOAD /Applications/STM32CubeIDE.app/Contents/Eclipse/plugins/com.st.stm32cube.ide.mcu.externaltools.gnu-tools-for-stm32.9-2020-q2-update.macos64_2.0.0.202105311346/tools/bin/../lib/gcc/arm-none-eabi/9.3.1/../../../../arm-none-eabi/lib/thumb/v6-m/nofp/libnosys.a
END GROUP
LOAD /Applications/STM32CubeIDE.app/Contents/Eclipse/plugins/com.st.stm32cube.ide.mcu.externaltools.gnu-tools-for-stm32.9-2020-q2-update.macos64_2.0.0.202105311346/tools/bin/../lib/gcc/arm-none-eabi/9.3.1/thumb/v6-m/nofp/crtend.o
LOAD /Applications/STM32CubeIDE.app/Contents/Eclipse/plugins/com.st.stm32cube.ide.mcu.externaltools.gnu-tools-for-stm32.9-2020-q2-update.macos64_2.0.0.202105311346/tools/bin/../lib/gcc/arm-none-eabi/9.3.1/thumb/v6-m/nofp/crtn.o
                0x0000000020005000                _estack = (ORIGIN (RAM) + LENGTH (RAM))
                0x0000000000000200                _Min_Heap_Size = 0x200
                0x0000000000000400                _Min_Stack_Size = 0x400

.isr_vector     0x0000000008000000       0xc0
                0x0000000008000000                . = ALIGN (0x4)
 *(.isr_vector)
 .isr_vector    0x0000000008000000       0xc0 ./Core/Startup/startup_stm32l073cztx.o
                0x0000000008000000                g_pfnVectors
                0x00000000080000c0                . = ALIGN (0x4)

.text           0x00000000080000c0     0x86c4
                0x00000000080000c0                . = ALIGN (0x4)
 *(.text)
 .text          0x00000000080000c0       0x48 /Applications/STM32CubeIDE.app/Contents/Eclipse/plugins/com.st.stm32cube.ide.mcu.externaltools.gnu-tools-for-stm32.9-2020-q2-update.macos64_2.0.0.202105311346/tools/bin/../lib/gcc/arm-none-eabi/9.3.1/thumb/v6-m/nofp/crtbegin.o
 .text          0x0000000008000108      0x114 /Applications/STM32CubeIDE.app/Contents/Eclipse/plugins/com.st.stm32cube.ide.mcu.externaltools.gnu-tools-for-stm32.9-2020-q2-update.macos64_2.0.0.202105311346/tools/bin/../lib/gcc/arm-none-eabi/9.3.1/thumb/v6-m/nofp/libgcc.a(_udivsi3.o)
                0x0000000008000108                __udivsi3
                0x0000000008000108                __aeabi_uidiv
                0x0000000008000214                __aeabi_uidivmod
 .text          0x000000000800021c        0x4 /Applications/STM32CubeIDE.app/Contents/Eclipse/plugins/com.st.stm32cube.ide.mcu.externaltools.gnu-tools-for-stm32.9-2020-q2-update.macos64_2.0.0.202105311346/tools/bin/../lib/gcc/arm-none-eabi/9.3.1/thumb/v6-m/nofp/libgcc.a(_dvmd_tls.o)
                0x000000000800021c                __aeabi_ldiv0
                0x000000000800021c                __aeabi_idiv0
 .text          0x0000000008000220       0x40 /Applications/STM32CubeIDE.app/Contents/Eclipse/plugins/com.st.stm32cube.ide.mcu.externaltools.gnu-tools-for-stm32.9-2020-q2-update.macos64_2.0.0.202105311346/tools/bin/../lib/gcc/arm-none-eabi/9.3.1/thumb/v6-m/nofp/libgcc.a(_aeabi_uldivmod.o)
                0x0000000008000220                __aeabi_uldivmod
 .text          0x0000000008000260       0x50 /Applications/STM32CubeIDE.app/Contents/Eclipse/plugins/com.st.stm32cube.ide.mcu.externaltools.gnu-tools-for-stm32.9-2020-q2-update.macos64_2.0.0.202105311346/tools/bin/../lib/gcc/arm-none-eabi/9.3.1/thumb/v6-m/nofp/libgcc.a(_muldi3.o)
                0x0000000008000260                __aeabi_lmul
                0x0000000008000260                __muldi3
 .text          0x00000000080002b0      0x198 /Applications/STM32CubeIDE.app/Contents/Eclipse/plugins/com.st.stm32cube.ide.mcu.externaltools.gnu-tools-for-stm32.9-2020-q2-update.macos64_2.0.0.202105311346/tools/bin/../lib/gcc/arm-none-eabi/9.3.1/thumb/v6-m/nofp/libgcc.a(_udivmoddi4.o)
                0x00000000080002b0                __udivmoddi4
 .text          0x0000000008000448       0x18 /Applications/STM32CubeIDE.app/Contents/Eclipse/plugins/com.st.stm32cube.ide.mcu.externaltools.gnu-tools-for-stm32.9-2020-q2-update.macos64_2.0.0.202105311346/tools/bin/../lib/gcc/arm-none-eabi/9.3.1/thumb/v6-m/nofp/libgcc.a(_clzdi2.o)
                0x0000000008000448                __clzdi2
 .text          0x0000000008000460       0x3c /Applications/STM32CubeIDE.app/Contents/Eclipse/plugins/com.st.stm32cube.ide.mcu.externaltools.gnu-tools-for-stm32.9-2020-q2-update.macos64_2.0.0.202105311346/tools/bin/../lib/gcc/arm-none-eabi/9.3.1/thumb/v6-m/nofp/libgcc.a(_clzsi2.o)
                0x0000000008000460                __clzsi2
 *(.text*)
 .text.main     0x000000000800049c       0x1a ./Core/Src/main.o
                0x000000000800049c                main
 *fill*         0x00000000080004b6        0x2 
 .text.SystemClock_Config
                0x00000000080004b8       0xf4 ./Core/Src/main.o
                0x00000000080004b8                SystemClock_Config
 .text.MX_USART2_UART_Init
                0x00000000080005ac       0x60 ./Core/Src/main.o
 .text.MX_GPIO_Init
                0x000000000800060c       0x2c ./Core/Src/main.o
 .text.Error_Handler
                0x0000000008000638        0xa ./Core/Src/main.o
                0x0000000008000638                Error_Handler
 *fill*         0x0000000008000642        0x2 
 .text.HAL_MspInit
                0x0000000008000644       0x28 ./Core/Src/stm32l0xx_hal_msp.o
                0x0000000008000644                HAL_MspInit
 .text.HAL_UART_MspInit
                0x000000000800066c       0x88 ./Core/Src/stm32l0xx_hal_msp.o
                0x000000000800066c                HAL_UART_MspInit
 .text.NMI_Handler
                0x00000000080006f4        0x6 ./Core/Src/stm32l0xx_it.o
                0x00000000080006f4                NMI_Handler
 .text.HardFault_Handler
                0x00000000080006fa        0x6 ./Core/Src/stm32l0xx_it.o
                0x00000000080006fa                HardFault_Handler
 .text.SVC_Handler
                0x0000000008000700        0xa ./Core/Src/stm32l0xx_it.o
                0x0000000008000700                SVC_Handler
 .text.PendSV_Handler
                0x000000000800070a        0xa ./Core/Src/stm32l0xx_it.o
                0x000000000800070a                PendSV_Handler
 .text.SysTick_Handler
                0x0000000008000714        0xe ./Core/Src/stm32l0xx_it.o
                0x0000000008000714                SysTick_Handler
 *fill*         0x0000000008000722        0x2 
 .text.USB_IRQHandler
                0x0000000008000724       0x18 ./Core/Src/stm32l0xx_it.o
                0x0000000008000724                USB_IRQHandler
 .text._sbrk    0x000000000800073c       0x6c ./Core/Src/sysmem.o
                0x000000000800073c                _sbrk
 .text.SystemInit
                0x00000000080007a8        0xa ./Core/Src/system_stm32l0xx.o
                0x00000000080007a8                SystemInit
 *fill*         0x00000000080007b2        0x2 
 .text.Reset_Handler
                0x00000000080007b4       0x50 ./Core/Startup/startup_stm32l073cztx.o
                0x00000000080007b4                Reset_Handler
 .text.Default_Handler
                0x0000000008000804        0x2 ./Core/Startup/startup_stm32l073cztx.o
                0x0000000008000804                LPTIM1_IRQHandler
                0x0000000008000804                ADC1_COMP_IRQHandler
                0x0000000008000804                PVD_IRQHandler
                0x0000000008000804                I2C1_IRQHandler
                0x0000000008000804                RCC_CRS_IRQHandler
                0x0000000008000804                SPI1_IRQHandler
                0x0000000008000804                TIM6_DAC_IRQHandler
                0x0000000008000804                EXTI2_3_IRQHandler
                0x0000000008000804                I2C2_IRQHandler
                0x0000000008000804                RTC_IRQHandler
                0x0000000008000804                LCD_IRQHandler
                0x0000000008000804                DMA1_Channel4_5_6_7_IRQHandler
                0x0000000008000804                TIM3_IRQHandler
                0x0000000008000804                EXTI4_15_IRQHandler
                0x0000000008000804                DMA1_Channel1_IRQHandler
                0x0000000008000804                USART4_5_IRQHandler
                0x0000000008000804                Default_Handler
                0x0000000008000804                TIM22_IRQHandler
                0x0000000008000804                TIM7_IRQHandler
                0x0000000008000804                EXTI0_1_IRQHandler
                0x0000000008000804                I2C3_IRQHandler
                0x0000000008000804                SPI2_IRQHandler
                0x0000000008000804                TIM21_IRQHandler
                0x0000000008000804                WWDG_IRQHandler
                0x0000000008000804                TIM2_IRQHandler
                0x0000000008000804                DMA1_Channel2_3_IRQHandler
                0x0000000008000804                USART2_IRQHandler
                0x0000000008000804                FLASH_IRQHandler
                0x0000000008000804                USART1_IRQHandler
                0x0000000008000804                RNG_LPUART1_IRQHandler
                0x0000000008000804                TSC_IRQHandler
 *fill*         0x0000000008000806        0x2 
 .text.HAL_Init
                0x0000000008000808       0x40 ./Drivers/STM32L0xx_HAL_Driver/stm32l0xx_hal.o
                0x0000000008000808                HAL_Init
 .text.HAL_InitTick
                0x0000000008000848       0x68 ./Drivers/STM32L0xx_HAL_Driver/stm32l0xx_hal.o
                0x0000000008000848                HAL_InitTick
 .text.HAL_IncTick
                0x00000000080008b0       0x24 ./Drivers/STM32L0xx_HAL_Driver/stm32l0xx_hal.o
                0x00000000080008b0                HAL_IncTick
 .text.HAL_GetTick
                0x00000000080008d4       0x14 ./Drivers/STM32L0xx_HAL_Driver/stm32l0xx_hal.o
                0x00000000080008d4                HAL_GetTick
 .text.__NVIC_EnableIRQ
                0x00000000080008e8       0x34 ./Drivers/STM32L0xx_HAL_Driver/stm32l0xx_hal_cortex.o
 .text.__NVIC_SetPriority
                0x000000000800091c       0xdc ./Drivers/STM32L0xx_HAL_Driver/stm32l0xx_hal_cortex.o
 .text.SysTick_Config
                0x00000000080009f8       0x48 ./Drivers/STM32L0xx_HAL_Driver/stm32l0xx_hal_cortex.o
 .text.HAL_NVIC_SetPriority
                0x0000000008000a40       0x2a ./Drivers/STM32L0xx_HAL_Driver/stm32l0xx_hal_cortex.o
                0x0000000008000a40                HAL_NVIC_SetPriority
 .text.HAL_NVIC_EnableIRQ
                0x0000000008000a6a       0x20 ./Drivers/STM32L0xx_HAL_Driver/stm32l0xx_hal_cortex.o
                0x0000000008000a6a                HAL_NVIC_EnableIRQ
 .text.HAL_SYSTICK_Config
                0x0000000008000a8a       0x1a ./Drivers/STM32L0xx_HAL_Driver/stm32l0xx_hal_cortex.o
                0x0000000008000a8a                HAL_SYSTICK_Config
 .text.HAL_GPIO_Init
                0x0000000008000aa4      0x2fc ./Drivers/STM32L0xx_HAL_Driver/stm32l0xx_hal_gpio.o
                0x0000000008000aa4                HAL_GPIO_Init
 .text.HAL_PCD_Init
                0x0000000008000da0      0x220 ./Drivers/STM32L0xx_HAL_Driver/stm32l0xx_hal_pcd.o
                0x0000000008000da0                HAL_PCD_Init
 .text.HAL_PCD_Start
                0x0000000008000fc0       0x4a ./Drivers/STM32L0xx_HAL_Driver/stm32l0xx_hal_pcd.o
                0x0000000008000fc0                HAL_PCD_Start
 *fill*         0x000000000800100a        0x2 
 .text.HAL_PCD_IRQHandler
                0x000000000800100c      0x2f8 ./Drivers/STM32L0xx_HAL_Driver/stm32l0xx_hal_pcd.o
                0x000000000800100c                HAL_PCD_IRQHandler
 .text.HAL_PCD_SetAddress
                0x0000000008001304       0x56 ./Drivers/STM32L0xx_HAL_Driver/stm32l0xx_hal_pcd.o
                0x0000000008001304                HAL_PCD_SetAddress
 .text.HAL_PCD_EP_Open
                0x000000000800135a       0xf0 ./Drivers/STM32L0xx_HAL_Driver/stm32l0xx_hal_pcd.o
                0x000000000800135a                HAL_PCD_EP_Open
 .text.HAL_PCD_EP_Close
                0x000000000800144a       0xa2 ./Drivers/STM32L0xx_HAL_Driver/stm32l0xx_hal_pcd.o
                0x000000000800144a                HAL_PCD_EP_Close
 .text.HAL_PCD_EP_Receive
                0x00000000080014ec       0x88 ./Drivers/STM32L0xx_HAL_Driver/stm32l0xx_hal_pcd.o
                0x00000000080014ec                HAL_PCD_EP_Receive
 .text.HAL_PCD_EP_Transmit
                0x0000000008001574       0x92 ./Drivers/STM32L0xx_HAL_Driver/stm32l0xx_hal_pcd.o
                0x0000000008001574                HAL_PCD_EP_Transmit
 .text.HAL_PCD_EP_SetStall
                0x0000000008001606       0xb8 ./Drivers/STM32L0xx_HAL_Driver/stm32l0xx_hal_pcd.o
                0x0000000008001606                HAL_PCD_EP_SetStall
 .text.HAL_PCD_EP_ClrStall
                0x00000000080016be       0xbc ./Drivers/STM32L0xx_HAL_Driver/stm32l0xx_hal_pcd.o
                0x00000000080016be                HAL_PCD_EP_ClrStall
 *fill*         0x000000000800177a        0x2 
 .text.PCD_EP_ISR_Handler
                0x000000000800177c      0x7e4 ./Drivers/STM32L0xx_HAL_Driver/stm32l0xx_hal_pcd.o
 .text.HAL_PCD_EP_DB_Receive
                0x0000000008001f60      0x238 ./Drivers/STM32L0xx_HAL_Driver/stm32l0xx_hal_pcd.o
 .text.HAL_PCD_EP_DB_Transmit
                0x0000000008002198      0x7b4 ./Drivers/STM32L0xx_HAL_Driver/stm32l0xx_hal_pcd.o
 .text.HAL_PCDEx_PMAConfig
                0x000000000800294c       0x9c ./Drivers/STM32L0xx_HAL_Driver/stm32l0xx_hal_pcd_ex.o
                0x000000000800294c                HAL_PCDEx_PMAConfig
 .text.HAL_PCDEx_ActivateLPM
                0x00000000080029e8       0x54 ./Drivers/STM32L0xx_HAL_Driver/stm32l0xx_hal_pcd_ex.o
                0x00000000080029e8                HAL_PCDEx_ActivateLPM
 .text.HAL_PCDEx_LPM_Callback
                0x0000000008002a3c       0x16 ./Drivers/STM32L0xx_HAL_Driver/stm32l0xx_hal_pcd_ex.o
                0x0000000008002a3c                HAL_PCDEx_LPM_Callback
 *fill*         0x0000000008002a52        0x2 
 .text.HAL_RCC_OscConfig
                0x0000000008002a54      0x7a8 ./Drivers/STM32L0xx_HAL_Driver/stm32l0xx_hal_rcc.o
                0x0000000008002a54                HAL_RCC_OscConfig
 .text.HAL_RCC_ClockConfig
                0x00000000080031fc      0x290 ./Drivers/STM32L0xx_HAL_Driver/stm32l0xx_hal_rcc.o
                0x00000000080031fc                HAL_RCC_ClockConfig
 .text.HAL_RCC_GetSysClockFreq
                0x000000000800348c      0x14c ./Drivers/STM32L0xx_HAL_Driver/stm32l0xx_hal_rcc.o
                0x000000000800348c                HAL_RCC_GetSysClockFreq
 .text.HAL_RCC_GetHCLKFreq
                0x00000000080035d8       0x14 ./Drivers/STM32L0xx_HAL_Driver/stm32l0xx_hal_rcc.o
                0x00000000080035d8                HAL_RCC_GetHCLKFreq
 .text.HAL_RCC_GetPCLK1Freq
                0x00000000080035ec       0x2c ./Drivers/STM32L0xx_HAL_Driver/stm32l0xx_hal_rcc.o
                0x00000000080035ec                HAL_RCC_GetPCLK1Freq
 .text.HAL_RCC_GetPCLK2Freq
                0x0000000008003618       0x2c ./Drivers/STM32L0xx_HAL_Driver/stm32l0xx_hal_rcc.o
                0x0000000008003618                HAL_RCC_GetPCLK2Freq
 .text.HAL_RCCEx_PeriphCLKConfig
                0x0000000008003644      0x2e8 ./Drivers/STM32L0xx_HAL_Driver/stm32l0xx_hal_rcc_ex.o
                0x0000000008003644                HAL_RCCEx_PeriphCLKConfig
 .text.HAL_UART_Init
                0x000000000800392c       0xa8 ./Drivers/STM32L0xx_HAL_Driver/stm32l0xx_hal_uart.o
                0x000000000800392c                HAL_UART_Init
 .text.UART_SetConfig
                0x00000000080039d4      0x57c ./Drivers/STM32L0xx_HAL_Driver/stm32l0xx_hal_uart.o
                0x00000000080039d4                UART_SetConfig
 .text.UART_AdvFeatureConfig
                0x0000000008003f50      0x168 ./Drivers/STM32L0xx_HAL_Driver/stm32l0xx_hal_uart.o
                0x0000000008003f50                UART_AdvFeatureConfig
 .text.UART_CheckIdleState
                0x00000000080040b8       0x90 ./Drivers/STM32L0xx_HAL_Driver/stm32l0xx_hal_uart.o
                0x00000000080040b8                UART_CheckIdleState
 .text.UART_WaitOnFlagUntilTimeout
                0x0000000008004148      0x188 ./Drivers/STM32L0xx_HAL_Driver/stm32l0xx_hal_uart.o
                0x0000000008004148                UART_WaitOnFlagUntilTimeout
 .text.USB_EnableGlobalInt
                0x00000000080042d0       0x2c ./Drivers/STM32L0xx_HAL_Driver/stm32l0xx_ll_usb.o
                0x00000000080042d0                USB_EnableGlobalInt
 .text.USB_DisableGlobalInt
                0x00000000080042fc       0x34 ./Drivers/STM32L0xx_HAL_Driver/stm32l0xx_ll_usb.o
                0x00000000080042fc                USB_DisableGlobalInt
 .text.USB_DevInit
                0x0000000008004330       0x58 ./Drivers/STM32L0xx_HAL_Driver/stm32l0xx_ll_usb.o
                0x0000000008004330                USB_DevInit
 .text.USB_ActivateEndpoint
                0x0000000008004388      0x6e8 ./Drivers/STM32L0xx_HAL_Driver/stm32l0xx_ll_usb.o
                0x0000000008004388                USB_ActivateEndpoint
 .text.USB_DeactivateEndpoint
                0x0000000008004a70      0x380 ./Drivers/STM32L0xx_HAL_Driver/stm32l0xx_ll_usb.o
                0x0000000008004a70                USB_DeactivateEndpoint
 .text.USB_EPStartXfer
                0x0000000008004df0     0x1174 ./Drivers/STM32L0xx_HAL_Driver/stm32l0xx_ll_usb.o
                0x0000000008004df0                USB_EPStartXfer
 .text.USB_EPSetStall
                0x0000000008005f64       0xa0 ./Drivers/STM32L0xx_HAL_Driver/stm32l0xx_ll_usb.o
                0x0000000008005f64                USB_EPSetStall
 .text.USB_EPClearStall
                0x0000000008006004      0x164 ./Drivers/STM32L0xx_HAL_Driver/stm32l0xx_ll_usb.o
                0x0000000008006004                USB_EPClearStall
 .text.USB_SetDevAddress
                0x0000000008006168       0x28 ./Drivers/STM32L0xx_HAL_Driver/stm32l0xx_ll_usb.o
                0x0000000008006168                USB_SetDevAddress
 .text.USB_DevConnect
                0x0000000008006190       0x2c ./Drivers/STM32L0xx_HAL_Driver/stm32l0xx_ll_usb.o
                0x0000000008006190                USB_DevConnect
 .text.USB_ReadInterrupts
                0x00000000080061bc       0x1c ./Drivers/STM32L0xx_HAL_Driver/stm32l0xx_ll_usb.o
                0x00000000080061bc                USB_ReadInterrupts
 .text.USB_WritePMA
                0x00000000080061d8       0x88 ./Drivers/STM32L0xx_HAL_Driver/stm32l0xx_ll_usb.o
                0x00000000080061d8                USB_WritePMA
 .text.USB_ReadPMA
                0x0000000008006260       0x9e ./Drivers/STM32L0xx_HAL_Driver/stm32l0xx_ll_usb.o
                0x0000000008006260                USB_ReadPMA
 .text.USBD_Init
                0x00000000080062fe       0x62 ./Middlewares/USB_Device_Library/usbd_core.o
                0x00000000080062fe                USBD_Init
 .text.USBD_RegisterClass
                0x0000000008006360       0x40 ./Middlewares/USB_Device_Library/usbd_core.o
                0x0000000008006360                USBD_RegisterClass
 .text.USBD_Start
                0x00000000080063a0       0x1a ./Middlewares/USB_Device_Library/usbd_core.o
                0x00000000080063a0                USBD_Start
 .text.USBD_RunTestMode
                0x00000000080063ba       0x12 ./Middlewares/USB_Device_Library/usbd_core.o
                0x00000000080063ba                USBD_RunTestMode
 .text.USBD_SetClassConfig
                0x00000000080063cc       0x4e ./Middlewares/USB_Device_Library/usbd_core.o
                0x00000000080063cc                USBD_SetClassConfig
 .text.USBD_ClrClassConfig
                0x000000000800641a       0x2c ./Middlewares/USB_Device_Library/usbd_core.o
                0x000000000800641a                USBD_ClrClassConfig
 *fill*         0x0000000008006446        0x2 
 .text.USBD_LL_SetupStage
                0x0000000008006448       0xbc ./Middlewares/USB_Device_Library/usbd_core.o
                0x0000000008006448                USBD_LL_SetupStage
 .text.USBD_LL_DataOutStage
                0x0000000008006504      0x104 ./Middlewares/USB_Device_Library/usbd_core.o
                0x0000000008006504                USBD_LL_DataOutStage
 .text.USBD_LL_DataInStage
                0x0000000008006608      0x17a ./Middlewares/USB_Device_Library/usbd_core.o
                0x0000000008006608                USBD_LL_DataInStage
 .text.USBD_LL_Reset
                0x0000000008006782       0x90 ./Middlewares/USB_Device_Library/usbd_core.o
                0x0000000008006782                USBD_LL_Reset
 .text.USBD_LL_SetSpeed
                0x0000000008006812       0x20 ./Middlewares/USB_Device_Library/usbd_core.o
                0x0000000008006812                USBD_LL_SetSpeed
 *fill*         0x0000000008006832        0x2 
 .text.USBD_LL_Suspend
                0x0000000008006834       0x30 ./Middlewares/USB_Device_Library/usbd_core.o
                0x0000000008006834                USBD_LL_Suspend
 .text.USBD_LL_Resume
                0x0000000008006864       0x30 ./Middlewares/USB_Device_Library/usbd_core.o
                0x0000000008006864                USBD_LL_Resume
 .text.USBD_LL_SOF
                0x0000000008006894       0x3c ./Middlewares/USB_Device_Library/usbd_core.o
                0x0000000008006894                USBD_LL_SOF
 .text.USBD_StdDevReq
                0x00000000080068d0       0xe4 ./Middlewares/USB_Device_Library/usbd_ctlreq.o
                0x00000000080068d0                USBD_StdDevReq
 .text.USBD_StdItfReq
                0x00000000080069b4       0xae ./Middlewares/USB_Device_Library/usbd_ctlreq.o
                0x00000000080069b4                USBD_StdItfReq
 .text.USBD_StdEPReq
                0x0000000008006a62      0x36c ./Middlewares/USB_Device_Library/usbd_ctlreq.o
                0x0000000008006a62                USBD_StdEPReq
 *fill*         0x0000000008006dce        0x2 
 .text.USBD_GetDescriptor
                0x0000000008006dd0      0x364 ./Middlewares/USB_Device_Library/usbd_ctlreq.o
 .text.USBD_SetAddress
                0x0000000008007134       0xa8 ./Middlewares/USB_Device_Library/usbd_ctlreq.o
 .text.USBD_SetConfig
                0x00000000080071dc      0x148 ./Middlewares/USB_Device_Library/usbd_ctlreq.o
 .text.USBD_GetConfig
                0x0000000008007324       0x76 ./Middlewares/USB_Device_Library/usbd_ctlreq.o
 .text.USBD_GetStatus
                0x000000000800739a       0x74 ./Middlewares/USB_Device_Library/usbd_ctlreq.o
 .text.USBD_SetFeature
                0x000000000800740e       0x2c ./Middlewares/USB_Device_Library/usbd_ctlreq.o
 .text.USBD_ClrFeature
                0x000000000800743a       0x4c ./Middlewares/USB_Device_Library/usbd_ctlreq.o
 .text.USBD_ParseSetupRequest
                0x0000000008007486       0x76 ./Middlewares/USB_Device_Library/usbd_ctlreq.o
                0x0000000008007486                USBD_ParseSetupRequest
 .text.USBD_CtlError
                0x00000000080074fc       0x26 ./Middlewares/USB_Device_Library/usbd_ctlreq.o
                0x00000000080074fc                USBD_CtlError
 .text.USBD_GetString
                0x0000000008007522       0x9c ./Middlewares/USB_Device_Library/usbd_ctlreq.o
                0x0000000008007522                USBD_GetString
 .text.USBD_GetLen
                0x00000000080075be       0x3a ./Middlewares/USB_Device_Library/usbd_ctlreq.o
 .text.USBD_CUSTOM_HID_Init
                0x00000000080075f8       0x9c ./Middlewares/USB_Device_Library/usbd_customhid.o
 .text.USBD_CUSTOM_HID_DeInit
                0x0000000008007694       0x6c ./Middlewares/USB_Device_Library/usbd_customhid.o
 .text.USBD_CUSTOM_HID_Setup
                0x0000000008007700      0x220 ./Middlewares/USB_Device_Library/usbd_customhid.o
 .text.USBD_CUSTOM_HID_SendReport
                0x0000000008007920       0x54 ./Middlewares/USB_Device_Library/usbd_customhid.o
                0x0000000008007920                USBD_CUSTOM_HID_SendReport
 .text.USBD_CUSTOM_HID_GetFSCfgDesc
                0x0000000008007974       0x1c ./Middlewares/USB_Device_Library/usbd_customhid.o
 .text.USBD_CUSTOM_HID_GetHSCfgDesc
                0x0000000008007990       0x1c ./Middlewares/USB_Device_Library/usbd_customhid.o
 .text.USBD_CUSTOM_HID_GetOtherSpeedCfgDesc
                0x00000000080079ac       0x1c ./Middlewares/USB_Device_Library/usbd_customhid.o
 .text.USBD_CUSTOM_HID_DataIn
                0x00000000080079c8       0x26 ./Middlewares/USB_Device_Library/usbd_customhid.o
 .text.USBD_CUSTOM_HID_DataOut
                0x00000000080079ee       0x3e ./Middlewares/USB_Device_Library/usbd_customhid.o
 .text.USBD_CUSTOM_HID_EP0_RxReady
                0x0000000008007a2c       0x3a ./Middlewares/USB_Device_Library/usbd_customhid.o
 *fill*         0x0000000008007a66        0x2 
 .text.USBD_CUSTOM_HID_GetDeviceQualifierDesc
                0x0000000008007a68       0x1c ./Middlewares/USB_Device_Library/usbd_customhid.o
 .text.USBD_CUSTOM_HID_RegisterInterface
                0x0000000008007a84       0x36 ./Middlewares/USB_Device_Library/usbd_customhid.o
                0x0000000008007a84                USBD_CUSTOM_HID_RegisterInterface
 .text.USBD_CtlSendData
                0x0000000008007aba       0x40 ./Middlewares/USB_Device_Library/usbd_ioreq.o
                0x0000000008007aba                USBD_CtlSendData
 .text.USBD_CtlContinueSendData
                0x0000000008007afa       0x26 ./Middlewares/USB_Device_Library/usbd_ioreq.o
                0x0000000008007afa                USBD_CtlContinueSendData
 .text.USBD_CtlPrepareRx
                0x0000000008007b20       0x48 ./Middlewares/USB_Device_Library/usbd_ioreq.o
                0x0000000008007b20                USBD_CtlPrepareRx
 .text.USBD_CtlContinueRx
                0x0000000008007b68       0x26 ./Middlewares/USB_Device_Library/usbd_ioreq.o
                0x0000000008007b68                USBD_CtlContinueRx
 .text.USBD_CtlSendStatus
                0x0000000008007b8e       0x28 ./Middlewares/USB_Device_Library/usbd_ioreq.o
                0x0000000008007b8e                USBD_CtlSendStatus
 .text.USBD_CtlReceiveStatus
                0x0000000008007bb6       0x28 ./Middlewares/USB_Device_Library/usbd_ioreq.o
                0x0000000008007bb6                USBD_CtlReceiveStatus
 *fill*         0x0000000008007bde        0x2 
 .text.MX_USB_DEVICE_Init
                0x0000000008007be0       0x68 ./USB_DEVICE/App/usb_device.o
                0x0000000008007be0                MX_USB_DEVICE_Init
 .text.CUSTOM_HID_Init_FS
                0x0000000008007c48        0xc ./USB_DEVICE/App/usbd_custom_hid_if.o
 .text.CUSTOM_HID_DeInit_FS
                0x0000000008007c54        0xc ./USB_DEVICE/App/usbd_custom_hid_if.o
 .text.CUSTOM_HID_OutEvent_FS
                0x0000000008007c60       0x38 ./USB_DEVICE/App/usbd_custom_hid_if.o
 .text.USBD_FS_DeviceDescriptor
                0x0000000008007c98       0x24 ./USB_DEVICE/App/usbd_desc.o
                0x0000000008007c98                USBD_FS_DeviceDescriptor
 .text.USBD_FS_LangIDStrDescriptor
                0x0000000008007cbc       0x24 ./USB_DEVICE/App/usbd_desc.o
                0x0000000008007cbc                USBD_FS_LangIDStrDescriptor
 .text.USBD_FS_ProductStrDescriptor
                0x0000000008007ce0       0x44 ./USB_DEVICE/App/usbd_desc.o
                0x0000000008007ce0                USBD_FS_ProductStrDescriptor
 .text.USBD_FS_ManufacturerStrDescriptor
                0x0000000008007d24       0x2c ./USB_DEVICE/App/usbd_desc.o
                0x0000000008007d24                USBD_FS_ManufacturerStrDescriptor
 .text.USBD_FS_SerialStrDescriptor
                0x0000000008007d50       0x28 ./USB_DEVICE/App/usbd_desc.o
                0x0000000008007d50                USBD_FS_SerialStrDescriptor
 .text.USBD_FS_ConfigStrDescriptor
                0x0000000008007d78       0x44 ./USB_DEVICE/App/usbd_desc.o
                0x0000000008007d78                USBD_FS_ConfigStrDescriptor
 .text.USBD_FS_InterfaceStrDescriptor
                0x0000000008007dbc       0x44 ./USB_DEVICE/App/usbd_desc.o
                0x0000000008007dbc                USBD_FS_InterfaceStrDescriptor
 .text.Get_SerialNum
                0x0000000008007e00       0x5c ./USB_DEVICE/App/usbd_desc.o
 .text.IntToUnicode
                0x0000000008007e5c       0x96 ./USB_DEVICE/App/usbd_desc.o
 *fill*         0x0000000008007ef2        0x2 
 .text.HAL_PCD_MspInit
                0x0000000008007ef4       0x40 ./USB_DEVICE/Target/usbd_conf.o
                0x0000000008007ef4                HAL_PCD_MspInit
 .text.HAL_PCD_SetupStageCallback
                0x0000000008007f34       0x2a ./USB_DEVICE/Target/usbd_conf.o
                0x0000000008007f34                HAL_PCD_SetupStageCallback
 .text.HAL_PCD_DataOutStageCallback
                0x0000000008007f5e       0x42 ./USB_DEVICE/Target/usbd_conf.o
                0x0000000008007f5e                HAL_PCD_DataOutStageCallback
 .text.HAL_PCD_DataInStageCallback
                0x0000000008007fa0       0x3c ./USB_DEVICE/Target/usbd_conf.o
                0x0000000008007fa0                HAL_PCD_DataInStageCallback
 .text.HAL_PCD_SOFCallback
                0x0000000008007fdc       0x1e ./USB_DEVICE/Target/usbd_conf.o
                0x0000000008007fdc                HAL_PCD_SOFCallback
 .text.HAL_PCD_ResetCallback
                0x0000000008007ffa       0x48 ./USB_DEVICE/Target/usbd_conf.o
                0x0000000008007ffa                HAL_PCD_ResetCallback
 *fill*         0x0000000008008042        0x2 
 .text.HAL_PCD_SuspendCallback
                0x0000000008008044       0x38 ./USB_DEVICE/Target/usbd_conf.o
                0x0000000008008044                HAL_PCD_SuspendCallback
 .text.HAL_PCD_ResumeCallback
                0x000000000800807c       0x3c ./USB_DEVICE/Target/usbd_conf.o
                0x000000000800807c                HAL_PCD_ResumeCallback
 .text.USBD_LL_Init
                0x00000000080080b8       0xb0 ./USB_DEVICE/Target/usbd_conf.o
                0x00000000080080b8                USBD_LL_Init
 .text.USBD_LL_Start
                0x0000000008008168       0x4a ./USB_DEVICE/Target/usbd_conf.o
                0x0000000008008168                USBD_LL_Start
 .text.USBD_LL_OpenEP
                0x00000000080081b2       0x6e ./USB_DEVICE/Target/usbd_conf.o
                0x00000000080081b2                USBD_LL_OpenEP
 .text.USBD_LL_CloseEP
                0x0000000008008220       0x56 ./USB_DEVICE/Target/usbd_conf.o
                0x0000000008008220                USBD_LL_CloseEP
 .text.USBD_LL_StallEP
                0x0000000008008276       0x56 ./USB_DEVICE/Target/usbd_conf.o
                0x0000000008008276                USBD_LL_StallEP
 .text.USBD_LL_ClearStallEP
                0x00000000080082cc       0x56 ./USB_DEVICE/Target/usbd_conf.o
                0x00000000080082cc                USBD_LL_ClearStallEP
 .text.USBD_LL_IsStallEP
                0x0000000008008322       0x62 ./USB_DEVICE/Target/usbd_conf.o
                0x0000000008008322                USBD_LL_IsStallEP
 .text.USBD_LL_SetUSBAddress
                0x0000000008008384       0x56 ./USB_DEVICE/Target/usbd_conf.o
                0x0000000008008384                USBD_LL_SetUSBAddress
 .text.USBD_LL_Transmit
                0x00000000080083da       0x6e ./USB_DEVICE/Target/usbd_conf.o
                0x00000000080083da                USBD_LL_Transmit
 .text.USBD_LL_PrepareReceive
                0x0000000008008448       0x6e ./USB_DEVICE/Target/usbd_conf.o
                0x0000000008008448                USBD_LL_PrepareReceive
 .text.SystemClockConfig_Resume
                0x00000000080084b6        0xe ./USB_DEVICE/Target/usbd_conf.o
 .text.USBD_Get_USB_Status
                0x00000000080084c4       0x6e ./USB_DEVICE/Target/usbd_conf.o
 *fill*         0x0000000008008532        0x2 
 .text.__errno  0x0000000008008534        0xc /Applications/STM32CubeIDE.app/Contents/Eclipse/plugins/com.st.stm32cube.ide.mcu.externaltools.gnu-tools-for-stm32.9-2020-q2-update.macos64_2.0.0.202105311346/tools/bin/../lib/gcc/arm-none-eabi/9.3.1/../../../../arm-none-eabi/lib/thumb/v6-m/nofp/libc_nano.a(lib_a-errno.o)
                0x0000000008008534                __errno
 .text.__libc_init_array
                0x0000000008008540       0x48 /Applications/STM32CubeIDE.app/Contents/Eclipse/plugins/com.st.stm32cube.ide.mcu.externaltools.gnu-tools-for-stm32.9-2020-q2-update.macos64_2.0.0.202105311346/tools/bin/../lib/gcc/arm-none-eabi/9.3.1/../../../../arm-none-eabi/lib/thumb/v6-m/nofp/libc_nano.a(lib_a-init.o)
                0x0000000008008540                __libc_init_array
 .text.malloc   0x0000000008008588       0x14 /Applications/STM32CubeIDE.app/Contents/Eclipse/plugins/com.st.stm32cube.ide.mcu.externaltools.gnu-tools-for-stm32.9-2020-q2-update.macos64_2.0.0.202105311346/tools/bin/../lib/gcc/arm-none-eabi/9.3.1/../../../../arm-none-eabi/lib/thumb/v6-m/nofp/libc_nano.a(lib_a-malloc.o)
                0x0000000008008588                malloc
 .text.free     0x000000000800859c       0x14 /Applications/STM32CubeIDE.app/Contents/Eclipse/plugins/com.st.stm32cube.ide.mcu.externaltools.gnu-tools-for-stm32.9-2020-q2-update.macos64_2.0.0.202105311346/tools/bin/../lib/gcc/arm-none-eabi/9.3.1/../../../../arm-none-eabi/lib/thumb/v6-m/nofp/libc_nano.a(lib_a-malloc.o)
                0x000000000800859c                free
 .text.memcpy   0x00000000080085b0       0x12 /Applications/STM32CubeIDE.app/Contents/Eclipse/plugins/com.st.stm32cube.ide.mcu.externaltools.gnu-tools-for-stm32.9-2020-q2-update.macos64_2.0.0.202105311346/tools/bin/../lib/gcc/arm-none-eabi/9.3.1/../../../../arm-none-eabi/lib/thumb/v6-m/nofp/libc_nano.a(lib_a-memcpy-stub.o)
                0x00000000080085b0                memcpy
 .text.memset   0x00000000080085c2       0x10 /Applications/STM32CubeIDE.app/Contents/Eclipse/plugins/com.st.stm32cube.ide.mcu.externaltools.gnu-tools-for-stm32.9-2020-q2-update.macos64_2.0.0.202105311346/tools/bin/../lib/gcc/arm-none-eabi/9.3.1/../../../../arm-none-eabi/lib/thumb/v6-m/nofp/libc_nano.a(lib_a-memset.o)
                0x00000000080085c2                memset
 *fill*         0x00000000080085d2        0x2 
 .text._free_r  0x00000000080085d4       0x94 /Applications/STM32CubeIDE.app/Contents/Eclipse/plugins/com.st.stm32cube.ide.mcu.externaltools.gnu-tools-for-stm32.9-2020-q2-update.macos64_2.0.0.202105311346/tools/bin/../lib/gcc/arm-none-eabi/9.3.1/../../../../arm-none-eabi/lib/thumb/v6-m/nofp/libc_nano.a(lib_a-nano-freer.o)
                0x00000000080085d4                _free_r
 .text._malloc_r
                0x0000000008008668       0xbc /Applications/STM32CubeIDE.app/Contents/Eclipse/plugins/com.st.stm32cube.ide.mcu.externaltools.gnu-tools-for-stm32.9-2020-q2-update.macos64_2.0.0.202105311346/tools/bin/../lib/gcc/arm-none-eabi/9.3.1/../../../../arm-none-eabi/lib/thumb/v6-m/nofp/libc_nano.a(lib_a-nano-mallocr.o)
                0x0000000008008668                _malloc_r
 .text._sbrk_r  0x0000000008008724       0x24 /Applications/STM32CubeIDE.app/Contents/Eclipse/plugins/com.st.stm32cube.ide.mcu.externaltools.gnu-tools-for-stm32.9-2020-q2-update.macos64_2.0.0.202105311346/tools/bin/../lib/gcc/arm-none-eabi/9.3.1/../../../../arm-none-eabi/lib/thumb/v6-m/nofp/libc_nano.a(lib_a-sbrkr.o)
                0x0000000008008724                _sbrk_r
 .text.__malloc_lock
                0x0000000008008748       0x10 /Applications/STM32CubeIDE.app/Contents/Eclipse/plugins/com.st.stm32cube.ide.mcu.externaltools.gnu-tools-for-stm32.9-2020-q2-update.macos64_2.0.0.202105311346/tools/bin/../lib/gcc/arm-none-eabi/9.3.1/../../../../arm-none-eabi/lib/thumb/v6-m/nofp/libc_nano.a(lib_a-mlock.o)
                0x0000000008008748                __malloc_lock
 .text.__malloc_unlock
                0x0000000008008758       0x10 /Applications/STM32CubeIDE.app/Contents/Eclipse/plugins/com.st.stm32cube.ide.mcu.externaltools.gnu-tools-for-stm32.9-2020-q2-update.macos64_2.0.0.202105311346/tools/bin/../lib/gcc/arm-none-eabi/9.3.1/../../../../arm-none-eabi/lib/thumb/v6-m/nofp/libc_nano.a(lib_a-mlock.o)
                0x0000000008008758                __malloc_unlock
 .text.__retarget_lock_acquire_recursive
                0x0000000008008768        0x2 /Applications/STM32CubeIDE.app/Contents/Eclipse/plugins/com.st.stm32cube.ide.mcu.externaltools.gnu-tools-for-stm32.9-2020-q2-update.macos64_2.0.0.202105311346/tools/bin/../lib/gcc/arm-none-eabi/9.3.1/../../../../arm-none-eabi/lib/thumb/v6-m/nofp/libc_nano.a(lib_a-lock.o)
                0x0000000008008768                __retarget_lock_acquire_recursive
 .text.__retarget_lock_release_recursive
                0x000000000800876a        0x2 /Applications/STM32CubeIDE.app/Contents/Eclipse/plugins/com.st.stm32cube.ide.mcu.externaltools.gnu-tools-for-stm32.9-2020-q2-update.macos64_2.0.0.202105311346/tools/bin/../lib/gcc/arm-none-eabi/9.3.1/../../../../arm-none-eabi/lib/thumb/v6-m/nofp/libc_nano.a(lib_a-lock.o)
                0x000000000800876a                __retarget_lock_release_recursive
 *(.glue_7)
 .glue_7        0x000000000800876c        0x0 linker stubs
 *(.glue_7t)
 .glue_7t       0x000000000800876c        0x0 linker stubs
 *(.eh_frame)
 .eh_frame      0x000000000800876c        0x0 /Applications/STM32CubeIDE.app/Contents/Eclipse/plugins/com.st.stm32cube.ide.mcu.externaltools.gnu-tools-for-stm32.9-2020-q2-update.macos64_2.0.0.202105311346/tools/bin/../lib/gcc/arm-none-eabi/9.3.1/thumb/v6-m/nofp/crtbegin.o
 *(.init)
 .init          0x000000000800876c        0x4 /Applications/STM32CubeIDE.app/Contents/Eclipse/plugins/com.st.stm32cube.ide.mcu.externaltools.gnu-tools-for-stm32.9-2020-q2-update.macos64_2.0.0.202105311346/tools/bin/../lib/gcc/arm-none-eabi/9.3.1/thumb/v6-m/nofp/crti.o
                0x000000000800876c                _init
 .init          0x0000000008008770        0x8 /Applications/STM32CubeIDE.app/Contents/Eclipse/plugins/com.st.stm32cube.ide.mcu.externaltools.gnu-tools-for-stm32.9-2020-q2-update.macos64_2.0.0.202105311346/tools/bin/../lib/gcc/arm-none-eabi/9.3.1/thumb/v6-m/nofp/crtn.o
 *(.fini)
 .fini          0x0000000008008778        0x4 /Applications/STM32CubeIDE.app/Contents/Eclipse/plugins/com.st.stm32cube.ide.mcu.externaltools.gnu-tools-for-stm32.9-2020-q2-update.macos64_2.0.0.202105311346/tools/bin/../lib/gcc/arm-none-eabi/9.3.1/thumb/v6-m/nofp/crti.o
                0x0000000008008778                _fini
 .fini          0x000000000800877c        0x8 /Applications/STM32CubeIDE.app/Contents/Eclipse/plugins/com.st.stm32cube.ide.mcu.externaltools.gnu-tools-for-stm32.9-2020-q2-update.macos64_2.0.0.202105311346/tools/bin/../lib/gcc/arm-none-eabi/9.3.1/thumb/v6-m/nofp/crtn.o
                0x0000000008008784                . = ALIGN (0x4)
                0x0000000008008784                _etext = .

.vfp11_veneer   0x0000000008008784        0x0
 .vfp11_veneer  0x0000000008008784        0x0 linker stubs

.v4_bx          0x0000000008008784        0x0
 .v4_bx         0x0000000008008784        0x0 linker stubs

.iplt           0x0000000008008784        0x0
 .iplt          0x0000000008008784        0x0 /Applications/STM32CubeIDE.app/Contents/Eclipse/plugins/com.st.stm32cube.ide.mcu.externaltools.gnu-tools-for-stm32.9-2020-q2-update.macos64_2.0.0.202105311346/tools/bin/../lib/gcc/arm-none-eabi/9.3.1/thumb/v6-m/nofp/crtbegin.o

.rodata         0x0000000008008784      0x15c
                0x0000000008008784                . = ALIGN (0x4)
 *(.rodata)
 .rodata        0x0000000008008784       0x5d ./USB_DEVICE/App/usbd_desc.o
 *(.rodata*)
 *fill*         0x00000000080087e1        0x3 
 .rodata.AHBPrescTable
                0x00000000080087e4       0x10 ./Core/Src/system_stm32l0xx.o
                0x00000000080087e4                AHBPrescTable
 .rodata.APBPrescTable
                0x00000000080087f4        0x8 ./Core/Src/system_stm32l0xx.o
                0x00000000080087f4                APBPrescTable
 .rodata.PLLMulTable
                0x00000000080087fc        0x9 ./Core/Src/system_stm32l0xx.o
                0x00000000080087fc                PLLMulTable
 *fill*         0x0000000008008805        0x3 
 .rodata.UART_SetConfig
                0x0000000008008808       0x48 ./Drivers/STM32L0xx_HAL_Driver/stm32l0xx_hal_uart.o
 .rodata.USBD_StdDevReq
                0x0000000008008850       0x28 ./Middlewares/USB_Device_Library/usbd_ctlreq.o
 .rodata.USBD_GetDescriptor
                0x0000000008008878       0x38 ./Middlewares/USB_Device_Library/usbd_ctlreq.o
 .rodata.USBD_CUSTOM_HID_Setup
                0x00000000080088b0       0x30 ./Middlewares/USB_Device_Library/usbd_customhid.o
                0x00000000080088e0                . = ALIGN (0x4)

.ARM.extab      0x00000000080088e0        0x0
                0x00000000080088e0                . = ALIGN (0x4)
 *(.ARM.extab* .gnu.linkonce.armextab.*)
                0x00000000080088e0                . = ALIGN (0x4)

.ARM            0x00000000080088e0        0x8
                0x00000000080088e0                . = ALIGN (0x4)
                0x00000000080088e0                __exidx_start = .
 *(.ARM.exidx*)
 .ARM.exidx     0x00000000080088e0        0x8 /Applications/STM32CubeIDE.app/Contents/Eclipse/plugins/com.st.stm32cube.ide.mcu.externaltools.gnu-tools-for-stm32.9-2020-q2-update.macos64_2.0.0.202105311346/tools/bin/../lib/gcc/arm-none-eabi/9.3.1/thumb/v6-m/nofp/libgcc.a(_udivmoddi4.o)
                0x00000000080088e8                __exidx_end = .
                0x00000000080088e8                . = ALIGN (0x4)

.rel.dyn        0x00000000080088e8        0x0
 .rel.iplt      0x00000000080088e8        0x0 /Applications/STM32CubeIDE.app/Contents/Eclipse/plugins/com.st.stm32cube.ide.mcu.externaltools.gnu-tools-for-stm32.9-2020-q2-update.macos64_2.0.0.202105311346/tools/bin/../lib/gcc/arm-none-eabi/9.3.1/thumb/v6-m/nofp/crtbegin.o

.preinit_array  0x00000000080088e8        0x0
                0x00000000080088e8                . = ALIGN (0x4)
                0x00000000080088e8                PROVIDE (__preinit_array_start = .)
 *(.preinit_array*)
                0x00000000080088e8                PROVIDE (__preinit_array_end = .)
                0x00000000080088e8                . = ALIGN (0x4)

.init_array     0x00000000080088e8        0x4
                0x00000000080088e8                . = ALIGN (0x4)
                0x00000000080088e8                PROVIDE (__init_array_start = .)
 *(SORT_BY_NAME(.init_array.*))
 *(.init_array*)
 .init_array    0x00000000080088e8        0x4 /Applications/STM32CubeIDE.app/Contents/Eclipse/plugins/com.st.stm32cube.ide.mcu.externaltools.gnu-tools-for-stm32.9-2020-q2-update.macos64_2.0.0.202105311346/tools/bin/../lib/gcc/arm-none-eabi/9.3.1/thumb/v6-m/nofp/crtbegin.o
                0x00000000080088ec                PROVIDE (__init_array_end = .)
                0x00000000080088ec                . = ALIGN (0x4)

.fini_array     0x00000000080088ec        0x4
                0x00000000080088ec                . = ALIGN (0x4)
                [!provide]                        PROVIDE (__fini_array_start = .)
 *(SORT_BY_NAME(.fini_array.*))
 *(.fini_array*)
 .fini_array    0x00000000080088ec        0x4 /Applications/STM32CubeIDE.app/Contents/Eclipse/plugins/com.st.stm32cube.ide.mcu.externaltools.gnu-tools-for-stm32.9-2020-q2-update.macos64_2.0.0.202105311346/tools/bin/../lib/gcc/arm-none-eabi/9.3.1/thumb/v6-m/nofp/crtbegin.o
                [!provide]                        PROVIDE (__fini_array_end = .)
                0x00000000080088f0                . = ALIGN (0x4)
                0x00000000080088f0                _sidata = LOADADDR (.data)

.data           0x0000000020000000      0x200 load address 0x00000000080088f0
                0x0000000020000000                . = ALIGN (0x4)
                0x0000000020000000                _sdata = .
 *(.data)
 *(.data*)
 .data.SystemCoreClock
                0x0000000020000000        0x4 ./Core/Src/system_stm32l0xx.o
                0x0000000020000000                SystemCoreClock
 .data.uwTickPrio
                0x0000000020000004        0x4 ./Drivers/STM32L0xx_HAL_Driver/stm32l0xx_hal.o
                0x0000000020000004                uwTickPrio
 .data.uwTickFreq
                0x0000000020000008        0x1 ./Drivers/STM32L0xx_HAL_Driver/stm32l0xx_hal.o
                0x0000000020000008                uwTickFreq
 *fill*         0x0000000020000009        0x3 
 .data.USBD_CUSTOM_HID
                0x000000002000000c       0x38 ./Middlewares/USB_Device_Library/usbd_customhid.o
                0x000000002000000c                USBD_CUSTOM_HID
 .data.USBD_CUSTOM_HID_CfgFSDesc
                0x0000000020000044       0x29 ./Middlewares/USB_Device_Library/usbd_customhid.o
 *fill*         0x000000002000006d        0x3 
 .data.USBD_CUSTOM_HID_CfgHSDesc
                0x0000000020000070       0x29 ./Middlewares/USB_Device_Library/usbd_customhid.o
 *fill*         0x0000000020000099        0x3 
 .data.USBD_CUSTOM_HID_OtherSpeedCfgDesc
                0x000000002000009c       0x29 ./Middlewares/USB_Device_Library/usbd_customhid.o
 *fill*         0x00000000200000c5        0x3 
 .data.USBD_CUSTOM_HID_Desc
                0x00000000200000c8        0x9 ./Middlewares/USB_Device_Library/usbd_customhid.o
 *fill*         0x00000000200000d1        0x3 
 .data.USBD_CUSTOM_HID_DeviceQualifierDesc
                0x00000000200000d4        0xa ./Middlewares/USB_Device_Library/usbd_customhid.o
 *fill*         0x00000000200000de        0x2 
 .data.CUSTOM_HID_ReportDesc_FS
                0x00000000200000e0       0x5c ./USB_DEVICE/App/usbd_custom_hid_if.o
 .data.USBD_CustomHID_fops_FS
                0x000000002000013c       0x10 ./USB_DEVICE/App/usbd_custom_hid_if.o
                0x000000002000013c                USBD_CustomHID_fops_FS
 .data.FS_Desc  0x000000002000014c       0x1c ./USB_DEVICE/App/usbd_desc.o
                0x000000002000014c                FS_Desc
 .data.USBD_FS_DeviceDesc
                0x0000000020000168       0x12 ./USB_DEVICE/App/usbd_desc.o
                0x0000000020000168                USBD_FS_DeviceDesc
 *fill*         0x000000002000017a        0x2 
 .data.USBD_LangIDDesc
                0x000000002000017c        0x4 ./USB_DEVICE/App/usbd_desc.o
                0x000000002000017c                USBD_LangIDDesc
 .data.USBD_StringSerial
                0x0000000020000180       0x1a ./USB_DEVICE/App/usbd_desc.o
                0x0000000020000180                USBD_StringSerial
 *fill*         0x000000002000019a        0x2 
 .data._impure_ptr
                0x000000002000019c        0x4 /Applications/STM32CubeIDE.app/Contents/Eclipse/plugins/com.st.stm32cube.ide.mcu.externaltools.gnu-tools-for-stm32.9-2020-q2-update.macos64_2.0.0.202105311346/tools/bin/../lib/gcc/arm-none-eabi/9.3.1/../../../../arm-none-eabi/lib/thumb/v6-m/nofp/libc_nano.a(lib_a-impure.o)
                0x000000002000019c                _impure_ptr
 .data.impure_data
                0x00000000200001a0       0x60 /Applications/STM32CubeIDE.app/Contents/Eclipse/plugins/com.st.stm32cube.ide.mcu.externaltools.gnu-tools-for-stm32.9-2020-q2-update.macos64_2.0.0.202105311346/tools/bin/../lib/gcc/arm-none-eabi/9.3.1/../../../../arm-none-eabi/lib/thumb/v6-m/nofp/libc_nano.a(lib_a-impure.o)
 *(.RamFunc)
 *(.RamFunc*)
                0x0000000020000200                . = ALIGN (0x4)
                0x0000000020000200                _edata = .

.igot.plt       0x0000000020000200        0x0 load address 0x0000000008008af0
 .igot.plt      0x0000000020000200        0x0 /Applications/STM32CubeIDE.app/Contents/Eclipse/plugins/com.st.stm32cube.ide.mcu.externaltools.gnu-tools-for-stm32.9-2020-q2-update.macos64_2.0.0.202105311346/tools/bin/../lib/gcc/arm-none-eabi/9.3.1/thumb/v6-m/nofp/crtbegin.o
                0x0000000020000200                . = ALIGN (0x4)

.bss            0x0000000020000200      0x8d8 load address 0x0000000008008af0
                0x0000000020000200                _sbss = .
                0x0000000020000200                __bss_start__ = _sbss
 *(.bss)
 .bss           0x0000000020000200       0x1c /Applications/STM32CubeIDE.app/Contents/Eclipse/plugins/com.st.stm32cube.ide.mcu.externaltools.gnu-tools-for-stm32.9-2020-q2-update.macos64_2.0.0.202105311346/tools/bin/../lib/gcc/arm-none-eabi/9.3.1/thumb/v6-m/nofp/crtbegin.o
 *(.bss*)
 .bss.__sbrk_heap_end
                0x000000002000021c        0x4 ./Core/Src/sysmem.o
 .bss.cfgidx.8165
                0x0000000020000220        0x1 ./Middlewares/USB_Device_Library/usbd_ctlreq.o
 *fill*         0x0000000020000221        0x3 
 .bss.__malloc_free_list
                0x0000000020000224        0x4 /Applications/STM32CubeIDE.app/Contents/Eclipse/plugins/com.st.stm32cube.ide.mcu.externaltools.gnu-tools-for-stm32.9-2020-q2-update.macos64_2.0.0.202105311346/tools/bin/../lib/gcc/arm-none-eabi/9.3.1/../../../../arm-none-eabi/lib/thumb/v6-m/nofp/libc_nano.a(lib_a-nano-mallocr.o)
                0x0000000020000224                __malloc_free_list
 .bss.__malloc_sbrk_start
                0x0000000020000228        0x4 /Applications/STM32CubeIDE.app/Contents/Eclipse/plugins/com.st.stm32cube.ide.mcu.externaltools.gnu-tools-for-stm32.9-2020-q2-update.macos64_2.0.0.202105311346/tools/bin/../lib/gcc/arm-none-eabi/9.3.1/../../../../arm-none-eabi/lib/thumb/v6-m/nofp/libc_nano.a(lib_a-nano-mallocr.o)
                0x0000000020000228                __malloc_sbrk_start
 *(COMMON)
 COMMON         0x000000002000022c       0x84 ./Core/Src/main.o
                0x000000002000022c                huart2
 COMMON         0x00000000200002b0        0x4 ./Drivers/STM32L0xx_HAL_Driver/stm32l0xx_hal.o
                0x00000000200002b0                uwTick
 COMMON         0x00000000200002b4      0x2c4 ./USB_DEVICE/App/usb_device.o
                0x00000000200002b4                hUsbDeviceFS
 COMMON         0x0000000020000578       0x5c ./USB_DEVICE/App/usbd_custom_hid_if.o
                0x0000000020000578                buffer
 COMMON         0x00000000200005d4      0x200 ./USB_DEVICE/App/usbd_desc.o
                0x00000000200005d4                USBD_StrDesc
 COMMON         0x00000000200007d4      0x2f4 ./USB_DEVICE/Target/usbd_conf.o
                0x00000000200007d4                hpcd_USB_FS
 COMMON         0x0000000020000ac8        0x4 /Applications/STM32CubeIDE.app/Contents/Eclipse/plugins/com.st.stm32cube.ide.mcu.externaltools.gnu-tools-for-stm32.9-2020-q2-update.macos64_2.0.0.202105311346/tools/bin/../lib/gcc/arm-none-eabi/9.3.1/../../../../arm-none-eabi/lib/thumb/v6-m/nofp/libc_nano.a(lib_a-reent.o)
                0x0000000020000ac8                errno
 COMMON         0x0000000020000acc        0x9 /Applications/STM32CubeIDE.app/Contents/Eclipse/plugins/com.st.stm32cube.ide.mcu.externaltools.gnu-tools-for-stm32.9-2020-q2-update.macos64_2.0.0.202105311346/tools/bin/../lib/gcc/arm-none-eabi/9.3.1/../../../../arm-none-eabi/lib/thumb/v6-m/nofp/libc_nano.a(lib_a-lock.o)
                0x0000000020000acc                __lock___atexit_recursive_mutex
                0x0000000020000acd                __lock___arc4random_mutex
                0x0000000020000ace                __lock___env_recursive_mutex
                0x0000000020000acf                __lock___sinit_recursive_mutex
                0x0000000020000ad0                __lock___malloc_recursive_mutex
                0x0000000020000ad1                __lock___at_quick_exit_mutex
                0x0000000020000ad2                __lock___dd_hash_mutex
                0x0000000020000ad3                __lock___tz_mutex
                0x0000000020000ad4                __lock___sfp_recursive_mutex
                0x0000000020000ad8                . = ALIGN (0x4)
 *fill*         0x0000000020000ad5        0x3 
                0x0000000020000ad8                _ebss = .
                0x0000000020000ad8                __bss_end__ = _ebss

._user_heap_stack
                0x0000000020000ad8      0x600 load address 0x0000000008008af0
                0x0000000020000ad8                . = ALIGN (0x8)
                [!provide]                        PROVIDE (end = .)
                0x0000000020000ad8                PROVIDE (_end = .)
                0x0000000020000cd8                . = (. + _Min_Heap_Size)
 *fill*         0x0000000020000ad8      0x200 
                0x00000000200010d8                . = (. + _Min_Stack_Size)
 *fill*         0x0000000020000cd8      0x400 
                0x00000000200010d8                . = ALIGN (0x8)

/DISCARD/
 libc.a(*)
 libm.a(*)
 libgcc.a(*)

.ARM.attributes
                0x0000000000000000       0x28
 *(.ARM.attributes)
 .ARM.attributes
                0x0000000000000000       0x1e /Applications/STM32CubeIDE.app/Contents/Eclipse/plugins/com.st.stm32cube.ide.mcu.externaltools.gnu-tools-for-stm32.9-2020-q2-update.macos64_2.0.0.202105311346/tools/bin/../lib/gcc/arm-none-eabi/9.3.1/thumb/v6-m/nofp/crti.o
 .ARM.attributes
                0x000000000000001e       0x2c /Applications/STM32CubeIDE.app/Contents/Eclipse/plugins/com.st.stm32cube.ide.mcu.externaltools.gnu-tools-for-stm32.9-2020-q2-update.macos64_2.0.0.202105311346/tools/bin/../lib/gcc/arm-none-eabi/9.3.1/thumb/v6-m/nofp/crtbegin.o
 .ARM.attributes
                0x000000000000004a       0x2c ./Core/Src/main.o
 .ARM.attributes
                0x0000000000000076       0x2c ./Core/Src/stm32l0xx_hal_msp.o
 .ARM.attributes
                0x00000000000000a2       0x2c ./Core/Src/stm32l0xx_it.o
 .ARM.attributes
                0x00000000000000ce       0x2c ./Core/Src/sysmem.o
 .ARM.attributes
                0x00000000000000fa       0x2c ./Core/Src/system_stm32l0xx.o
 .ARM.attributes
                0x0000000000000126       0x22 ./Core/Startup/startup_stm32l073cztx.o
 .ARM.attributes
                0x0000000000000148       0x2c ./Drivers/STM32L0xx_HAL_Driver/stm32l0xx_hal.o
 .ARM.attributes
                0x0000000000000174       0x2c ./Drivers/STM32L0xx_HAL_Driver/stm32l0xx_hal_cortex.o
 .ARM.attributes
                0x00000000000001a0       0x2c ./Drivers/STM32L0xx_HAL_Driver/stm32l0xx_hal_gpio.o
 .ARM.attributes
                0x00000000000001cc       0x2c ./Drivers/STM32L0xx_HAL_Driver/stm32l0xx_hal_pcd.o
 .ARM.attributes
                0x00000000000001f8       0x2c ./Drivers/STM32L0xx_HAL_Driver/stm32l0xx_hal_pcd_ex.o
 .ARM.attributes
                0x0000000000000224       0x2c ./Drivers/STM32L0xx_HAL_Driver/stm32l0xx_hal_rcc.o
 .ARM.attributes
                0x0000000000000250       0x2c ./Drivers/STM32L0xx_HAL_Driver/stm32l0xx_hal_rcc_ex.o
 .ARM.attributes
                0x000000000000027c       0x2c ./Drivers/STM32L0xx_HAL_Driver/stm32l0xx_hal_uart.o
 .ARM.attributes
                0x00000000000002a8       0x2c ./Drivers/STM32L0xx_HAL_Driver/stm32l0xx_ll_usb.o
 .ARM.attributes
                0x00000000000002d4       0x2c ./Middlewares/USB_Device_Library/usbd_core.o
 .ARM.attributes
                0x0000000000000300       0x2c ./Middlewares/USB_Device_Library/usbd_ctlreq.o
 .ARM.attributes
                0x000000000000032c       0x2c ./Middlewares/USB_Device_Library/usbd_customhid.o
 .ARM.attributes
                0x0000000000000358       0x2c ./Middlewares/USB_Device_Library/usbd_ioreq.o
 .ARM.attributes
                0x0000000000000384       0x2c ./USB_DEVICE/App/usb_device.o
 .ARM.attributes
                0x00000000000003b0       0x2c ./USB_DEVICE/App/usbd_custom_hid_if.o
 .ARM.attributes
                0x00000000000003dc       0x2c ./USB_DEVICE/App/usbd_desc.o
 .ARM.attributes
                0x0000000000000408       0x2c ./USB_DEVICE/Target/usbd_conf.o
 .ARM.attributes
                0x0000000000000434       0x2c /Applications/STM32CubeIDE.app/Contents/Eclipse/plugins/com.st.stm32cube.ide.mcu.externaltools.gnu-tools-for-stm32.9-2020-q2-update.macos64_2.0.0.202105311346/tools/bin/../lib/gcc/arm-none-eabi/9.3.1/../../../../arm-none-eabi/lib/thumb/v6-m/nofp/libc_nano.a(lib_a-errno.o)
 .ARM.attributes
                0x0000000000000460       0x2c /Applications/STM32CubeIDE.app/Contents/Eclipse/plugins/com.st.stm32cube.ide.mcu.externaltools.gnu-tools-for-stm32.9-2020-q2-update.macos64_2.0.0.202105311346/tools/bin/../lib/gcc/arm-none-eabi/9.3.1/../../../../arm-none-eabi/lib/thumb/v6-m/nofp/libc_nano.a(lib_a-impure.o)
 .ARM.attributes
                0x000000000000048c       0x2c /Applications/STM32CubeIDE.app/Contents/Eclipse/plugins/com.st.stm32cube.ide.mcu.externaltools.gnu-tools-for-stm32.9-2020-q2-update.macos64_2.0.0.202105311346/tools/bin/../lib/gcc/arm-none-eabi/9.3.1/../../../../arm-none-eabi/lib/thumb/v6-m/nofp/libc_nano.a(lib_a-init.o)
 .ARM.attributes
                0x00000000000004b8       0x2c /Applications/STM32CubeIDE.app/Contents/Eclipse/plugins/com.st.stm32cube.ide.mcu.externaltools.gnu-tools-for-stm32.9-2020-q2-update.macos64_2.0.0.202105311346/tools/bin/../lib/gcc/arm-none-eabi/9.3.1/../../../../arm-none-eabi/lib/thumb/v6-m/nofp/libc_nano.a(lib_a-malloc.o)
 .ARM.attributes
                0x00000000000004e4       0x2c /Applications/STM32CubeIDE.app/Contents/Eclipse/plugins/com.st.stm32cube.ide.mcu.externaltools.gnu-tools-for-stm32.9-2020-q2-update.macos64_2.0.0.202105311346/tools/bin/../lib/gcc/arm-none-eabi/9.3.1/../../../../arm-none-eabi/lib/thumb/v6-m/nofp/libc_nano.a(lib_a-memcpy-stub.o)
 .ARM.attributes
                0x0000000000000510       0x2c /Applications/STM32CubeIDE.app/Contents/Eclipse/plugins/com.st.stm32cube.ide.mcu.externaltools.gnu-tools-for-stm32.9-2020-q2-update.macos64_2.0.0.202105311346/tools/bin/../lib/gcc/arm-none-eabi/9.3.1/../../../../arm-none-eabi/lib/thumb/v6-m/nofp/libc_nano.a(lib_a-memset.o)
 .ARM.attributes
                0x000000000000053c       0x2c /Applications/STM32CubeIDE.app/Contents/Eclipse/plugins/com.st.stm32cube.ide.mcu.externaltools.gnu-tools-for-stm32.9-2020-q2-update.macos64_2.0.0.202105311346/tools/bin/../lib/gcc/arm-none-eabi/9.3.1/../../../../arm-none-eabi/lib/thumb/v6-m/nofp/libc_nano.a(lib_a-nano-freer.o)
 .ARM.attributes
                0x0000000000000568       0x2c /Applications/STM32CubeIDE.app/Contents/Eclipse/plugins/com.st.stm32cube.ide.mcu.externaltools.gnu-tools-for-stm32.9-2020-q2-update.macos64_2.0.0.202105311346/tools/bin/../lib/gcc/arm-none-eabi/9.3.1/../../../../arm-none-eabi/lib/thumb/v6-m/nofp/libc_nano.a(lib_a-nano-mallocr.o)
 .ARM.attributes
                0x0000000000000594       0x2c /Applications/STM32CubeIDE.app/Contents/Eclipse/plugins/com.st.stm32cube.ide.mcu.externaltools.gnu-tools-for-stm32.9-2020-q2-update.macos64_2.0.0.202105311346/tools/bin/../lib/gcc/arm-none-eabi/9.3.1/../../../../arm-none-eabi/lib/thumb/v6-m/nofp/libc_nano.a(lib_a-sbrkr.o)
 .ARM.attributes
                0x00000000000005c0       0x2c /Applications/STM32CubeIDE.app/Contents/Eclipse/plugins/com.st.stm32cube.ide.mcu.externaltools.gnu-tools-for-stm32.9-2020-q2-update.macos64_2.0.0.202105311346/tools/bin/../lib/gcc/arm-none-eabi/9.3.1/../../../../arm-none-eabi/lib/thumb/v6-m/nofp/libc_nano.a(lib_a-mlock.o)
 .ARM.attributes
                0x00000000000005ec       0x2c /Applications/STM32CubeIDE.app/Contents/Eclipse/plugins/com.st.stm32cube.ide.mcu.externaltools.gnu-tools-for-stm32.9-2020-q2-update.macos64_2.0.0.202105311346/tools/bin/../lib/gcc/arm-none-eabi/9.3.1/../../../../arm-none-eabi/lib/thumb/v6-m/nofp/libc_nano.a(lib_a-reent.o)
 .ARM.attributes
                0x0000000000000618       0x2c /Applications/STM32CubeIDE.app/Contents/Eclipse/plugins/com.st.stm32cube.ide.mcu.externaltools.gnu-tools-for-stm32.9-2020-q2-update.macos64_2.0.0.202105311346/tools/bin/../lib/gcc/arm-none-eabi/9.3.1/../../../../arm-none-eabi/lib/thumb/v6-m/nofp/libc_nano.a(lib_a-lock.o)
 .ARM.attributes
                0x0000000000000644       0x1e /Applications/STM32CubeIDE.app/Contents/Eclipse/plugins/com.st.stm32cube.ide.mcu.externaltools.gnu-tools-for-stm32.9-2020-q2-update.macos64_2.0.0.202105311346/tools/bin/../lib/gcc/arm-none-eabi/9.3.1/thumb/v6-m/nofp/libgcc.a(_udivsi3.o)
 .ARM.attributes
                0x0000000000000662       0x1e /Applications/STM32CubeIDE.app/Contents/Eclipse/plugins/com.st.stm32cube.ide.mcu.externaltools.gnu-tools-for-stm32.9-2020-q2-update.macos64_2.0.0.202105311346/tools/bin/../lib/gcc/arm-none-eabi/9.3.1/thumb/v6-m/nofp/libgcc.a(_dvmd_tls.o)
 .ARM.attributes
                0x0000000000000680       0x1e /Applications/STM32CubeIDE.app/Contents/Eclipse/plugins/com.st.stm32cube.ide.mcu.externaltools.gnu-tools-for-stm32.9-2020-q2-update.macos64_2.0.0.202105311346/tools/bin/../lib/gcc/arm-none-eabi/9.3.1/thumb/v6-m/nofp/libgcc.a(_aeabi_uldivmod.o)
 .ARM.attributes
                0x000000000000069e       0x2c /Applications/STM32CubeIDE.app/Contents/Eclipse/plugins/com.st.stm32cube.ide.mcu.externaltools.gnu-tools-for-stm32.9-2020-q2-update.macos64_2.0.0.202105311346/tools/bin/../lib/gcc/arm-none-eabi/9.3.1/thumb/v6-m/nofp/libgcc.a(_muldi3.o)
 .ARM.attributes
                0x00000000000006ca       0x2c /Applications/STM32CubeIDE.app/Contents/Eclipse/plugins/com.st.stm32cube.ide.mcu.externaltools.gnu-tools-for-stm32.9-2020-q2-update.macos64_2.0.0.202105311346/tools/bin/../lib/gcc/arm-none-eabi/9.3.1/thumb/v6-m/nofp/libgcc.a(_udivmoddi4.o)
 .ARM.attributes
                0x00000000000006f6       0x1e /Applications/STM32CubeIDE.app/Contents/Eclipse/plugins/com.st.stm32cube.ide.mcu.externaltools.gnu-tools-for-stm32.9-2020-q2-update.macos64_2.0.0.202105311346/tools/bin/../lib/gcc/arm-none-eabi/9.3.1/thumb/v6-m/nofp/libgcc.a(_clzdi2.o)
 .ARM.attributes
                0x0000000000000714       0x1e /Applications/STM32CubeIDE.app/Contents/Eclipse/plugins/com.st.stm32cube.ide.mcu.externaltools.gnu-tools-for-stm32.9-2020-q2-update.macos64_2.0.0.202105311346/tools/bin/../lib/gcc/arm-none-eabi/9.3.1/thumb/v6-m/nofp/libgcc.a(_clzsi2.o)
 .ARM.attributes
                0x0000000000000732       0x1e /Applications/STM32CubeIDE.app/Contents/Eclipse/plugins/com.st.stm32cube.ide.mcu.externaltools.gnu-tools-for-stm32.9-2020-q2-update.macos64_2.0.0.202105311346/tools/bin/../lib/gcc/arm-none-eabi/9.3.1/thumb/v6-m/nofp/crtn.o
OUTPUT(test_USB.elf elf32-littlearm)
LOAD linker stubs
LOAD /Applications/STM32CubeIDE.app/Contents/Eclipse/plugins/com.st.stm32cube.ide.mcu.externaltools.gnu-tools-for-stm32.9-2020-q2-update.macos64_2.0.0.202105311346/tools/bin/../lib/gcc/arm-none-eabi/9.3.1/../../../../arm-none-eabi/lib/thumb/v6-m/nofp/libc.a
LOAD /Applications/STM32CubeIDE.app/Contents/Eclipse/plugins/com.st.stm32cube.ide.mcu.externaltools.gnu-tools-for-stm32.9-2020-q2-update.macos64_2.0.0.202105311346/tools/bin/../lib/gcc/arm-none-eabi/9.3.1/../../../../arm-none-eabi/lib/thumb/v6-m/nofp/libm.a
LOAD /Applications/STM32CubeIDE.app/Contents/Eclipse/plugins/com.st.stm32cube.ide.mcu.externaltools.gnu-tools-for-stm32.9-2020-q2-update.macos64_2.0.0.202105311346/tools/bin/../lib/gcc/arm-none-eabi/9.3.1/thumb/v6-m/nofp/libgcc.a

.debug_info     0x0000000000000000    0x16771
 .debug_info    0x0000000000000000     0x13fd ./Core/Src/main.o
 .debug_info    0x00000000000013fd      0x9c7 ./Core/Src/stm32l0xx_hal_msp.o
 .debug_info    0x0000000000001dc4      0x70a ./Core/Src/stm32l0xx_it.o
 .debug_info    0x00000000000024ce      0xa25 ./Core/Src/sysmem.o
 .debug_info    0x0000000000002ef3      0x363 ./Core/Src/system_stm32l0xx.o
 .debug_info    0x0000000000003256       0x22 ./Core/Startup/startup_stm32l073cztx.o
 .debug_info    0x0000000000003278      0x92f ./Drivers/STM32L0xx_HAL_Driver/stm32l0xx_hal.o
 .debug_info    0x0000000000003ba7      0x9af ./Drivers/STM32L0xx_HAL_Driver/stm32l0xx_hal_cortex.o
 .debug_info    0x0000000000004556      0x790 ./Drivers/STM32L0xx_HAL_Driver/stm32l0xx_hal_gpio.o
 .debug_info    0x0000000000004ce6     0x1578 ./Drivers/STM32L0xx_HAL_Driver/stm32l0xx_hal_pcd.o
 .debug_info    0x000000000000625e      0x93d ./Drivers/STM32L0xx_HAL_Driver/stm32l0xx_hal_pcd_ex.o
 .debug_info    0x0000000000006b9b      0xa85 ./Drivers/STM32L0xx_HAL_Driver/stm32l0xx_hal_rcc.o
 .debug_info    0x0000000000007620      0x8e9 ./Drivers/STM32L0xx_HAL_Driver/stm32l0xx_hal_rcc_ex.o
 .debug_info    0x0000000000007f09     0x3ca7 ./Drivers/STM32L0xx_HAL_Driver/stm32l0xx_hal_uart.o
 .debug_info    0x000000000000bbb0     0x1749 ./Drivers/STM32L0xx_HAL_Driver/stm32l0xx_ll_usb.o
 .debug_info    0x000000000000d2f9     0x12e9 ./Middlewares/USB_Device_Library/usbd_core.o
 .debug_info    0x000000000000e5e2     0x1256 ./Middlewares/USB_Device_Library/usbd_ctlreq.o
 .debug_info    0x000000000000f838     0x1387 ./Middlewares/USB_Device_Library/usbd_customhid.o
 .debug_info    0x0000000000010bbf     0x1028 ./Middlewares/USB_Device_Library/usbd_ioreq.o
 .debug_info    0x0000000000011be7      0xf3b ./USB_DEVICE/App/usb_device.o
 .debug_info    0x0000000000012b22      0xfb0 ./USB_DEVICE/App/usbd_custom_hid_if.o
 .debug_info    0x0000000000013ad2      0xde2 ./USB_DEVICE/App/usbd_desc.o
 .debug_info    0x00000000000148b4     0x1ebd ./USB_DEVICE/Target/usbd_conf.o

.debug_abbrev   0x0000000000000000     0x3232
 .debug_abbrev  0x0000000000000000      0x281 ./Core/Src/main.o
 .debug_abbrev  0x0000000000000281      0x1a1 ./Core/Src/stm32l0xx_hal_msp.o
 .debug_abbrev  0x0000000000000422      0x173 ./Core/Src/stm32l0xx_it.o
 .debug_abbrev  0x0000000000000595      0x1bf ./Core/Src/sysmem.o
 .debug_abbrev  0x0000000000000754      0x145 ./Core/Src/system_stm32l0xx.o
 .debug_abbrev  0x0000000000000899       0x12 ./Core/Startup/startup_stm32l073cztx.o
 .debug_abbrev  0x00000000000008ab      0x267 ./Drivers/STM32L0xx_HAL_Driver/stm32l0xx_hal.o
 .debug_abbrev  0x0000000000000b12      0x2b4 ./Drivers/STM32L0xx_HAL_Driver/stm32l0xx_hal_cortex.o
 .debug_abbrev  0x0000000000000dc6      0x1e8 ./Drivers/STM32L0xx_HAL_Driver/stm32l0xx_hal_gpio.o
 .debug_abbrev  0x0000000000000fae      0x29e ./Drivers/STM32L0xx_HAL_Driver/stm32l0xx_hal_pcd.o
 .debug_abbrev  0x000000000000124c      0x219 ./Drivers/STM32L0xx_HAL_Driver/stm32l0xx_hal_pcd_ex.o
 .debug_abbrev  0x0000000000001465      0x246 ./Drivers/STM32L0xx_HAL_Driver/stm32l0xx_hal_rcc.o
 .debug_abbrev  0x00000000000016ab      0x20b ./Drivers/STM32L0xx_HAL_Driver/stm32l0xx_hal_rcc_ex.o
 .debug_abbrev  0x00000000000018b6      0x2c2 ./Drivers/STM32L0xx_HAL_Driver/stm32l0xx_hal_uart.o
 .debug_abbrev  0x0000000000001b78      0x25c ./Drivers/STM32L0xx_HAL_Driver/stm32l0xx_ll_usb.o
 .debug_abbrev  0x0000000000001dd4      0x2a8 ./Middlewares/USB_Device_Library/usbd_core.o
 .debug_abbrev  0x000000000000207c      0x2de ./Middlewares/USB_Device_Library/usbd_ctlreq.o
 .debug_abbrev  0x000000000000235a      0x2c0 ./Middlewares/USB_Device_Library/usbd_customhid.o
 .debug_abbrev  0x000000000000261a      0x20a ./Middlewares/USB_Device_Library/usbd_ioreq.o
 .debug_abbrev  0x0000000000002824      0x1e4 ./USB_DEVICE/App/usb_device.o
 .debug_abbrev  0x0000000000002a08      0x234 ./USB_DEVICE/App/usbd_custom_hid_if.o
 .debug_abbrev  0x0000000000002c3c      0x2ca ./USB_DEVICE/App/usbd_desc.o
 .debug_abbrev  0x0000000000002f06      0x32c ./USB_DEVICE/Target/usbd_conf.o

.debug_aranges  0x0000000000000000      0xcc8
 .debug_aranges
                0x0000000000000000       0x40 ./Core/Src/main.o
 .debug_aranges
                0x0000000000000040       0x30 ./Core/Src/stm32l0xx_hal_msp.o
 .debug_aranges
                0x0000000000000070       0x48 ./Core/Src/stm32l0xx_it.o
 .debug_aranges
                0x00000000000000b8       0x20 ./Core/Src/sysmem.o
 .debug_aranges
                0x00000000000000d8       0x28 ./Core/Src/system_stm32l0xx.o
 .debug_aranges
                0x0000000000000100       0x28 ./Core/Startup/startup_stm32l073cztx.o
 .debug_aranges
                0x0000000000000128      0x110 ./Drivers/STM32L0xx_HAL_Driver/stm32l0xx_hal.o
 .debug_aranges
                0x0000000000000238       0xd8 ./Drivers/STM32L0xx_HAL_Driver/stm32l0xx_hal_cortex.o
 .debug_aranges
                0x0000000000000310       0x58 ./Drivers/STM32L0xx_HAL_Driver/stm32l0xx_hal_gpio.o
 .debug_aranges
                0x0000000000000368      0x130 ./Drivers/STM32L0xx_HAL_Driver/stm32l0xx_hal_pcd.o
 .debug_aranges
                0x0000000000000498       0x58 ./Drivers/STM32L0xx_HAL_Driver/stm32l0xx_hal_pcd_ex.o
 .debug_aranges
                0x00000000000004f0       0x80 ./Drivers/STM32L0xx_HAL_Driver/stm32l0xx_hal_rcc.o
 .debug_aranges
                0x0000000000000570       0xb0 ./Drivers/STM32L0xx_HAL_Driver/stm32l0xx_hal_rcc_ex.o
 .debug_aranges
                0x0000000000000620      0x228 ./Drivers/STM32L0xx_HAL_Driver/stm32l0xx_hal_uart.o
 .debug_aranges
                0x0000000000000848       0xb0 ./Drivers/STM32L0xx_HAL_Driver/stm32l0xx_ll_usb.o
 .debug_aranges
                0x00000000000008f8       0xb8 ./Middlewares/USB_Device_Library/usbd_core.o
 .debug_aranges
                0x00000000000009b0       0x88 ./Middlewares/USB_Device_Library/usbd_ctlreq.o
 .debug_aranges
                0x0000000000000a38       0x78 ./Middlewares/USB_Device_Library/usbd_customhid.o
 .debug_aranges
                0x0000000000000ab0       0x50 ./Middlewares/USB_Device_Library/usbd_ioreq.o
 .debug_aranges
                0x0000000000000b00       0x20 ./USB_DEVICE/App/usb_device.o
 .debug_aranges
                0x0000000000000b20       0x30 ./USB_DEVICE/App/usbd_custom_hid_if.o
 .debug_aranges
                0x0000000000000b50       0x60 ./USB_DEVICE/App/usbd_desc.o
 .debug_aranges
                0x0000000000000bb0      0x118 ./USB_DEVICE/Target/usbd_conf.o

.debug_ranges   0x0000000000000000      0xb90
 .debug_ranges  0x0000000000000000       0x30 ./Core/Src/main.o
 .debug_ranges  0x0000000000000030       0x20 ./Core/Src/stm32l0xx_hal_msp.o
 .debug_ranges  0x0000000000000050       0x38 ./Core/Src/stm32l0xx_it.o
 .debug_ranges  0x0000000000000088       0x10 ./Core/Src/sysmem.o
 .debug_ranges  0x0000000000000098       0x18 ./Core/Src/system_stm32l0xx.o
 .debug_ranges  0x00000000000000b0       0x20 ./Core/Startup/startup_stm32l073cztx.o
 .debug_ranges  0x00000000000000d0      0x100 ./Drivers/STM32L0xx_HAL_Driver/stm32l0xx_hal.o
 .debug_ranges  0x00000000000001d0       0xc8 ./Drivers/STM32L0xx_HAL_Driver/stm32l0xx_hal_cortex.o
 .debug_ranges  0x0000000000000298       0x48 ./Drivers/STM32L0xx_HAL_Driver/stm32l0xx_hal_gpio.o
 .debug_ranges  0x00000000000002e0      0x120 ./Drivers/STM32L0xx_HAL_Driver/stm32l0xx_hal_pcd.o
 .debug_ranges  0x0000000000000400       0x48 ./Drivers/STM32L0xx_HAL_Driver/stm32l0xx_hal_pcd_ex.o
 .debug_ranges  0x0000000000000448       0x70 ./Drivers/STM32L0xx_HAL_Driver/stm32l0xx_hal_rcc.o
 .debug_ranges  0x00000000000004b8       0xa0 ./Drivers/STM32L0xx_HAL_Driver/stm32l0xx_hal_rcc_ex.o
 .debug_ranges  0x0000000000000558      0x248 ./Drivers/STM32L0xx_HAL_Driver/stm32l0xx_hal_uart.o
 .debug_ranges  0x00000000000007a0       0xa0 ./Drivers/STM32L0xx_HAL_Driver/stm32l0xx_ll_usb.o
 .debug_ranges  0x0000000000000840       0xa8 ./Middlewares/USB_Device_Library/usbd_core.o
 .debug_ranges  0x00000000000008e8       0x78 ./Middlewares/USB_Device_Library/usbd_ctlreq.o
 .debug_ranges  0x0000000000000960       0x68 ./Middlewares/USB_Device_Library/usbd_customhid.o
 .debug_ranges  0x00000000000009c8       0x40 ./Middlewares/USB_Device_Library/usbd_ioreq.o
 .debug_ranges  0x0000000000000a08       0x10 ./USB_DEVICE/App/usb_device.o
 .debug_ranges  0x0000000000000a18       0x20 ./USB_DEVICE/App/usbd_custom_hid_if.o
 .debug_ranges  0x0000000000000a38       0x50 ./USB_DEVICE/App/usbd_desc.o
 .debug_ranges  0x0000000000000a88      0x108 ./USB_DEVICE/Target/usbd_conf.o

.debug_macro    0x0000000000000000    0x176de
 .debug_macro   0x0000000000000000      0x3d3 ./Core/Src/main.o
 .debug_macro   0x00000000000003d3      0xa7e ./Core/Src/main.o
 .debug_macro   0x0000000000000e51      0x125 ./Core/Src/main.o
 .debug_macro   0x0000000000000f76       0x2e ./Core/Src/main.o
 .debug_macro   0x0000000000000fa4       0x28 ./Core/Src/main.o
 .debug_macro   0x0000000000000fcc       0x22 ./Core/Src/main.o
 .debug_macro   0x0000000000000fee       0x8e ./Core/Src/main.o
 .debug_macro   0x000000000000107c       0x51 ./Core/Src/main.o
 .debug_macro   0x00000000000010cd      0x103 ./Core/Src/main.o
 .debug_macro   0x00000000000011d0       0x6a ./Core/Src/main.o
 .debug_macro   0x000000000000123a      0x1df ./Core/Src/main.o
 .debug_macro   0x0000000000001419       0x1c ./Core/Src/main.o
 .debug_macro   0x0000000000001435       0x22 ./Core/Src/main.o
 .debug_macro   0x0000000000001457       0xb5 ./Core/Src/main.o
 .debug_macro   0x000000000000150c      0x4da ./Core/Src/main.o
 .debug_macro   0x00000000000019e6      0x11f ./Core/Src/main.o
 .debug_macro   0x0000000000001b05     0xa44c ./Core/Src/main.o
 .debug_macro   0x000000000000bf51       0x66 ./Core/Src/main.o
 .debug_macro   0x000000000000bfb7     0x355c ./Core/Src/main.o
 .debug_macro   0x000000000000f513      0x174 ./Core/Src/main.o
 .debug_macro   0x000000000000f687       0x5b ./Core/Src/main.o
 .debug_macro   0x000000000000f6e2      0x8eb ./Core/Src/main.o
 .debug_macro   0x000000000000ffcd      0xbb4 ./Core/Src/main.o
 .debug_macro   0x0000000000010b81      0x197 ./Core/Src/main.o
 .debug_macro   0x0000000000010d18      0x13f ./Core/Src/main.o
 .debug_macro   0x0000000000010e57      0x1d1 ./Core/Src/main.o
 .debug_macro   0x0000000000011028       0x82 ./Core/Src/main.o
 .debug_macro   0x00000000000110aa      0x28e ./Core/Src/main.o
 .debug_macro   0x0000000000011338      0x1e9 ./Core/Src/main.o
 .debug_macro   0x0000000000011521      0x13e ./Core/Src/main.o
 .debug_macro   0x000000000001165f      0x4b5 ./Core/Src/main.o
 .debug_macro   0x0000000000011b14      0x22c ./Core/Src/main.o
 .debug_macro   0x0000000000011d40       0x5b ./Core/Src/main.o
 .debug_macro   0x0000000000011d9b       0xa5 ./Core/Src/main.o
 .debug_macro   0x0000000000011e40      0x18d ./Core/Src/main.o
 .debug_macro   0x0000000000011fcd       0x16 ./Core/Src/main.o
 .debug_macro   0x0000000000011fe3      0x5ba ./Core/Src/main.o
 .debug_macro   0x000000000001259d       0x44 ./Core/Src/main.o
 .debug_macro   0x00000000000125e1       0x65 ./Core/Src/main.o
 .debug_macro   0x0000000000012646      0x234 ./Core/Src/main.o
 .debug_macro   0x000000000001287a      0x1a2 ./Core/Src/main.o
 .debug_macro   0x0000000000012a1c       0x52 ./Core/Src/main.o
 .debug_macro   0x0000000000012a6e       0x18 ./Core/Src/main.o
 .debug_macro   0x0000000000012a86       0x3c ./Core/Src/main.o
 .debug_macro   0x0000000000012ac2       0x34 ./Core/Src/main.o
 .debug_macro   0x0000000000012af6       0x16 ./Core/Src/main.o
 .debug_macro   0x0000000000012b0c       0x35 ./Core/Src/main.o
 .debug_macro   0x0000000000012b41      0x333 ./Core/Src/main.o
 .debug_macro   0x0000000000012e74       0x10 ./Core/Src/main.o
 .debug_macro   0x0000000000012e84       0x16 ./Core/Src/main.o
 .debug_macro   0x0000000000012e9a       0x43 ./Core/Src/main.o
 .debug_macro   0x0000000000012edd       0x34 ./Core/Src/main.o
 .debug_macro   0x0000000000012f11       0x10 ./Core/Src/main.o
 .debug_macro   0x0000000000012f21       0x58 ./Core/Src/main.o
 .debug_macro   0x0000000000012f79       0x71 ./Core/Src/main.o
 .debug_macro   0x0000000000012fea       0x1c ./Core/Src/main.o
 .debug_macro   0x0000000000013006      0x12a ./Core/Src/main.o
 .debug_macro   0x0000000000013130       0x10 ./Core/Src/main.o
 .debug_macro   0x0000000000013140       0x1c ./Core/Src/main.o
 .debug_macro   0x000000000001315c       0x52 ./Core/Src/main.o
 .debug_macro   0x00000000000131ae       0x22 ./Core/Src/main.o
 .debug_macro   0x00000000000131d0       0x10 ./Core/Src/main.o
 .debug_macro   0x00000000000131e0       0x40 ./Core/Src/main.o
 .debug_macro   0x0000000000013220       0xd5 ./Core/Src/main.o
 .debug_macro   0x00000000000132f5       0x1c ./Core/Src/main.o
 .debug_macro   0x0000000000013311       0x3d ./Core/Src/main.o
 .debug_macro   0x000000000001334e       0x16 ./Core/Src/main.o
 .debug_macro   0x0000000000013364      0x145 ./Core/Src/main.o
 .debug_macro   0x00000000000134a9       0x16 ./Core/Src/main.o
 .debug_macro   0x00000000000134bf       0x16 ./Core/Src/main.o
 .debug_macro   0x00000000000134d5       0x29 ./Core/Src/main.o
 .debug_macro   0x00000000000134fe       0x16 ./Core/Src/main.o
 .debug_macro   0x0000000000013514       0x20 ./Core/Src/main.o
 .debug_macro   0x0000000000013534       0x71 ./Core/Src/main.o
 .debug_macro   0x00000000000135a5      0x1c8 ./Core/Src/main.o
 .debug_macro   0x000000000001376d      0x1e8 ./Core/Src/stm32l0xx_hal_msp.o
 .debug_macro   0x0000000000013955      0x1f2 ./Core/Src/stm32l0xx_it.o
 .debug_macro   0x0000000000013b47       0xff ./Core/Src/sysmem.o
 .debug_macro   0x0000000000013c46      0x23b ./Core/Src/sysmem.o
 .debug_macro   0x0000000000013e81      0x1de ./Core/Src/system_stm32l0xx.o
 .debug_macro   0x000000000001405f      0x202 ./Drivers/STM32L0xx_HAL_Driver/stm32l0xx_hal.o
 .debug_macro   0x0000000000014261      0x1de ./Drivers/STM32L0xx_HAL_Driver/stm32l0xx_hal_cortex.o
 .debug_macro   0x000000000001443f      0x1e5 ./Drivers/STM32L0xx_HAL_Driver/stm32l0xx_hal_gpio.o
 .debug_macro   0x0000000000014624      0x1ea ./Drivers/STM32L0xx_HAL_Driver/stm32l0xx_hal_pcd.o
 .debug_macro   0x000000000001480e      0x1de ./Drivers/STM32L0xx_HAL_Driver/stm32l0xx_hal_pcd_ex.o
 .debug_macro   0x00000000000149ec      0x214 ./Drivers/STM32L0xx_HAL_Driver/stm32l0xx_hal_rcc.o
 .debug_macro   0x0000000000014c00      0x1de ./Drivers/STM32L0xx_HAL_Driver/stm32l0xx_hal_rcc_ex.o
 .debug_macro   0x0000000000014dde      0x209 ./Drivers/STM32L0xx_HAL_Driver/stm32l0xx_hal_uart.o
 .debug_macro   0x0000000000014fe7      0x1de ./Drivers/STM32L0xx_HAL_Driver/stm32l0xx_ll_usb.o
 .debug_macro   0x00000000000151c5      0x3e5 ./Middlewares/USB_Device_Library/usbd_core.o
 .debug_macro   0x00000000000155aa       0x97 ./Middlewares/USB_Device_Library/usbd_core.o
 .debug_macro   0x0000000000015641       0xfd ./Middlewares/USB_Device_Library/usbd_core.o
 .debug_macro   0x000000000001573e       0xaf ./Middlewares/USB_Device_Library/usbd_core.o
 .debug_macro   0x00000000000157ed       0x55 ./Middlewares/USB_Device_Library/usbd_core.o
 .debug_macro   0x0000000000015842      0x1ce ./Middlewares/USB_Device_Library/usbd_core.o
 .debug_macro   0x0000000000015a10      0x3ef ./Middlewares/USB_Device_Library/usbd_ctlreq.o
 .debug_macro   0x0000000000015dff      0x3fe ./Middlewares/USB_Device_Library/usbd_customhid.o
 .debug_macro   0x00000000000161fd       0x65 ./Middlewares/USB_Device_Library/usbd_customhid.o
 .debug_macro   0x0000000000016262      0x3eb ./Middlewares/USB_Device_Library/usbd_ioreq.o
 .debug_macro   0x000000000001664d      0x425 ./USB_DEVICE/App/usb_device.o
 .debug_macro   0x0000000000016a72       0x22 ./USB_DEVICE/App/usb_device.o
 .debug_macro   0x0000000000016a94      0x404 ./USB_DEVICE/App/usbd_custom_hid_if.o
 .debug_macro   0x0000000000016e98      0x422 ./USB_DEVICE/App/usbd_desc.o
 .debug_macro   0x00000000000172ba       0x1c ./USB_DEVICE/App/usbd_desc.o
 .debug_macro   0x00000000000172d6      0x408 ./USB_DEVICE/Target/usbd_conf.o

.debug_line     0x0000000000000000    0x14205
 .debug_line    0x0000000000000000      0xc2b ./Core/Src/main.o
 .debug_line    0x0000000000000c2b      0x88f ./Core/Src/stm32l0xx_hal_msp.o
 .debug_line    0x00000000000014ba      0x8bf ./Core/Src/stm32l0xx_it.o
 .debug_line    0x0000000000001d79      0x534 ./Core/Src/sysmem.o
 .debug_line    0x00000000000022ad      0x8f3 ./Core/Src/system_stm32l0xx.o
 .debug_line    0x0000000000002ba0       0x89 ./Core/Startup/startup_stm32l073cztx.o
 .debug_line    0x0000000000002c29      0xbd6 ./Drivers/STM32L0xx_HAL_Driver/stm32l0xx_hal.o
 .debug_line    0x00000000000037ff      0xca4 ./Drivers/STM32L0xx_HAL_Driver/stm32l0xx_hal_cortex.o
 .debug_line    0x00000000000044a3      0xc7b ./Drivers/STM32L0xx_HAL_Driver/stm32l0xx_hal_gpio.o
 .debug_line    0x000000000000511e     0x1480 ./Drivers/STM32L0xx_HAL_Driver/stm32l0xx_hal_pcd.o
 .debug_line    0x000000000000659e      0x9f7 ./Drivers/STM32L0xx_HAL_Driver/stm32l0xx_hal_pcd_ex.o
 .debug_line    0x0000000000006f95     0x1062 ./Drivers/STM32L0xx_HAL_Driver/stm32l0xx_hal_rcc.o
 .debug_line    0x0000000000007ff7      0xf85 ./Drivers/STM32L0xx_HAL_Driver/stm32l0xx_hal_rcc_ex.o
 .debug_line    0x0000000000008f7c     0x2f29 ./Drivers/STM32L0xx_HAL_Driver/stm32l0xx_hal_uart.o
 .debug_line    0x000000000000bea5     0x10b2 ./Drivers/STM32L0xx_HAL_Driver/stm32l0xx_ll_usb.o
 .debug_line    0x000000000000cf57      0xfdc ./Middlewares/USB_Device_Library/usbd_core.o
 .debug_line    0x000000000000df33     0x11f8 ./Middlewares/USB_Device_Library/usbd_ctlreq.o
 .debug_line    0x000000000000f12b      0xef7 ./Middlewares/USB_Device_Library/usbd_customhid.o
 .debug_line    0x0000000000010022      0xc72 ./Middlewares/USB_Device_Library/usbd_ioreq.o
 .debug_line    0x0000000000010c94      0xc45 ./USB_DEVICE/App/usb_device.o
 .debug_line    0x00000000000118d9      0xc41 ./USB_DEVICE/App/usbd_custom_hid_if.o
 .debug_line    0x000000000001251a      0xcbb ./USB_DEVICE/App/usbd_desc.o
 .debug_line    0x00000000000131d5     0x1030 ./USB_DEVICE/Target/usbd_conf.o

.debug_str      0x0000000000000000    0x8299d
 .debug_str     0x0000000000000000    0x7ea5c ./Core/Src/main.o
                                      0x7ee77 (size before relaxing)
 .debug_str     0x000000000007ea5c       0xb8 ./Core/Src/stm32l0xx_hal_msp.o
                                      0x7a056 (size before relaxing)
 .debug_str     0x000000000007eb14      0x3c3 ./Core/Src/stm32l0xx_it.o
                                      0x79f38 (size before relaxing)
 .debug_str     0x000000000007eed7      0x4e9 ./Core/Src/sysmem.o
                                       0x61cd (size before relaxing)
 .debug_str     0x000000000007f3c0       0x61 ./Core/Src/system_stm32l0xx.o
                                      0x79bf4 (size before relaxing)
 .debug_str     0x000000000007f421       0x36 ./Core/Startup/startup_stm32l073cztx.o
                                         0x8b (size before relaxing)
 .debug_str     0x000000000007f457      0x5c6 ./Drivers/STM32L0xx_HAL_Driver/stm32l0xx_hal.o
                                      0x7a2ec (size before relaxing)
 .debug_str     0x000000000007fa1d      0x2fc ./Drivers/STM32L0xx_HAL_Driver/stm32l0xx_hal_cortex.o
                                      0x7a0f1 (size before relaxing)
 .debug_str     0x000000000007fd19      0x193 ./Drivers/STM32L0xx_HAL_Driver/stm32l0xx_hal_gpio.o
                                      0x79e1e (size before relaxing)
 .debug_str     0x000000000007feac      0x418 ./Drivers/STM32L0xx_HAL_Driver/stm32l0xx_hal_pcd.o
                                      0x7a33e (size before relaxing)
 .debug_str     0x00000000000802c4      0x206 ./Drivers/STM32L0xx_HAL_Driver/stm32l0xx_hal_pcd_ex.o
                                      0x7a116 (size before relaxing)
 .debug_str     0x00000000000804ca      0x31d ./Drivers/STM32L0xx_HAL_Driver/stm32l0xx_hal_rcc.o
                                      0x7a14f (size before relaxing)
 .debug_str     0x00000000000807e7      0x3a5 ./Drivers/STM32L0xx_HAL_Driver/stm32l0xx_hal_rcc_ex.o
                                      0x7a115 (size before relaxing)
 .debug_str     0x0000000000080b8c      0x913 ./Drivers/STM32L0xx_HAL_Driver/stm32l0xx_hal_uart.o
                                      0x7a95b (size before relaxing)
 .debug_str     0x000000000008149f      0x22a ./Drivers/STM32L0xx_HAL_Driver/stm32l0xx_ll_usb.o
                                      0x79ffd (size before relaxing)
 .debug_str     0x00000000000816c9      0x58a ./Middlewares/USB_Device_Library/usbd_core.o
                                      0x7ed1f (size before relaxing)
 .debug_str     0x0000000000081c53      0x174 ./Middlewares/USB_Device_Library/usbd_ctlreq.o
                                      0x7eca5 (size before relaxing)
 .debug_str     0x0000000000081dc7      0x55d ./Middlewares/USB_Device_Library/usbd_customhid.o
                                      0x7f0a1 (size before relaxing)
 .debug_str     0x0000000000082324      0x109 ./Middlewares/USB_Device_Library/usbd_ioreq.o
                                      0x7ec2d (size before relaxing)
 .debug_str     0x000000000008242d       0xf3 ./USB_DEVICE/App/usb_device.o
                                      0x7ee68 (size before relaxing)
 .debug_str     0x0000000000082520       0x7f ./USB_DEVICE/App/usbd_custom_hid_if.o
                                      0x7ee2a (size before relaxing)
 .debug_str     0x000000000008259f      0x26d ./USB_DEVICE/App/usbd_desc.o
                                      0x7eb6d (size before relaxing)
 .debug_str     0x000000000008280c      0x191 ./USB_DEVICE/Target/usbd_conf.o
                                      0x7f67e (size before relaxing)

.comment        0x0000000000000000       0x53
 .comment       0x0000000000000000       0x53 ./Core/Src/main.o
                                         0x54 (size before relaxing)
 .comment       0x0000000000000053       0x54 ./Core/Src/stm32l0xx_hal_msp.o
 .comment       0x0000000000000053       0x54 ./Core/Src/stm32l0xx_it.o
 .comment       0x0000000000000053       0x54 ./Core/Src/sysmem.o
 .comment       0x0000000000000053       0x54 ./Core/Src/system_stm32l0xx.o
 .comment       0x0000000000000053       0x54 ./Drivers/STM32L0xx_HAL_Driver/stm32l0xx_hal.o
 .comment       0x0000000000000053       0x54 ./Drivers/STM32L0xx_HAL_Driver/stm32l0xx_hal_cortex.o
 .comment       0x0000000000000053       0x54 ./Drivers/STM32L0xx_HAL_Driver/stm32l0xx_hal_gpio.o
 .comment       0x0000000000000053       0x54 ./Drivers/STM32L0xx_HAL_Driver/stm32l0xx_hal_pcd.o
 .comment       0x0000000000000053       0x54 ./Drivers/STM32L0xx_HAL_Driver/stm32l0xx_hal_pcd_ex.o
 .comment       0x0000000000000053       0x54 ./Drivers/STM32L0xx_HAL_Driver/stm32l0xx_hal_rcc.o
 .comment       0x0000000000000053       0x54 ./Drivers/STM32L0xx_HAL_Driver/stm32l0xx_hal_rcc_ex.o
 .comment       0x0000000000000053       0x54 ./Drivers/STM32L0xx_HAL_Driver/stm32l0xx_hal_uart.o
 .comment       0x0000000000000053       0x54 ./Drivers/STM32L0xx_HAL_Driver/stm32l0xx_ll_usb.o
 .comment       0x0000000000000053       0x54 ./Middlewares/USB_Device_Library/usbd_core.o
 .comment       0x0000000000000053       0x54 ./Middlewares/USB_Device_Library/usbd_ctlreq.o
 .comment       0x0000000000000053       0x54 ./Middlewares/USB_Device_Library/usbd_customhid.o
 .comment       0x0000000000000053       0x54 ./Middlewares/USB_Device_Library/usbd_ioreq.o
 .comment       0x0000000000000053       0x54 ./USB_DEVICE/App/usb_device.o
 .comment       0x0000000000000053       0x54 ./USB_DEVICE/App/usbd_custom_hid_if.o
 .comment       0x0000000000000053       0x54 ./USB_DEVICE/App/usbd_desc.o
 .comment       0x0000000000000053       0x54 ./USB_DEVICE/Target/usbd_conf.o

.debug_frame    0x0000000000000000     0x2e34
 .debug_frame   0x0000000000000000       0xa4 ./Core/Src/main.o
 .debug_frame   0x00000000000000a4       0x6c ./Core/Src/stm32l0xx_hal_msp.o
 .debug_frame   0x0000000000000110       0xb8 ./Core/Src/stm32l0xx_it.o
 .debug_frame   0x00000000000001c8       0x30 ./Core/Src/sysmem.o
 .debug_frame   0x00000000000001f8       0x4c ./Core/Src/system_stm32l0xx.o
 .debug_frame   0x0000000000000244      0x394 ./Drivers/STM32L0xx_HAL_Driver/stm32l0xx_hal.o
 .debug_frame   0x00000000000005d8      0x2fc ./Drivers/STM32L0xx_HAL_Driver/stm32l0xx_hal_cortex.o
 .debug_frame   0x00000000000008d4      0x110 ./Drivers/STM32L0xx_HAL_Driver/stm32l0xx_hal_gpio.o
 .debug_frame   0x00000000000009e4      0x478 ./Drivers/STM32L0xx_HAL_Driver/stm32l0xx_hal_pcd.o
 .debug_frame   0x0000000000000e5c      0x110 ./Drivers/STM32L0xx_HAL_Driver/stm32l0xx_hal_pcd_ex.o
 .debug_frame   0x0000000000000f6c      0x1a8 ./Drivers/STM32L0xx_HAL_Driver/stm32l0xx_hal_rcc.o
 .debug_frame   0x0000000000001114      0x244 ./Drivers/STM32L0xx_HAL_Driver/stm32l0xx_hal_rcc_ex.o
 .debug_frame   0x0000000000001358      0x854 ./Drivers/STM32L0xx_HAL_Driver/stm32l0xx_hal_uart.o
 .debug_frame   0x0000000000001bac      0x280 ./Drivers/STM32L0xx_HAL_Driver/stm32l0xx_ll_usb.o
 .debug_frame   0x0000000000001e2c      0x290 ./Middlewares/USB_Device_Library/usbd_core.o
 .debug_frame   0x00000000000020bc      0x1d8 ./Middlewares/USB_Device_Library/usbd_ctlreq.o
 .debug_frame   0x0000000000002294      0x190 ./Middlewares/USB_Device_Library/usbd_customhid.o
 .debug_frame   0x0000000000002424       0xf0 ./Middlewares/USB_Device_Library/usbd_ioreq.o
 .debug_frame   0x0000000000002514       0x2c ./USB_DEVICE/App/usb_device.o
 .debug_frame   0x0000000000002540       0x68 ./USB_DEVICE/App/usbd_custom_hid_if.o
 .debug_frame   0x00000000000025a8      0x130 ./USB_DEVICE/App/usbd_desc.o
 .debug_frame   0x00000000000026d8      0x438 ./USB_DEVICE/Target/usbd_conf.o
 .debug_frame   0x0000000000002b10       0x20 /Applications/STM32CubeIDE.app/Contents/Eclipse/plugins/com.st.stm32cube.ide.mcu.externaltools.gnu-tools-for-stm32.9-2020-q2-update.macos64_2.0.0.202105311346/tools/bin/../lib/gcc/arm-none-eabi/9.3.1/../../../../arm-none-eabi/lib/thumb/v6-m/nofp/libc_nano.a(lib_a-errno.o)
 .debug_frame   0x0000000000002b30       0x2c /Applications/STM32CubeIDE.app/Contents/Eclipse/plugins/com.st.stm32cube.ide.mcu.externaltools.gnu-tools-for-stm32.9-2020-q2-update.macos64_2.0.0.202105311346/tools/bin/../lib/gcc/arm-none-eabi/9.3.1/../../../../arm-none-eabi/lib/thumb/v6-m/nofp/libc_nano.a(lib_a-init.o)
 .debug_frame   0x0000000000002b5c       0x40 /Applications/STM32CubeIDE.app/Contents/Eclipse/plugins/com.st.stm32cube.ide.mcu.externaltools.gnu-tools-for-stm32.9-2020-q2-update.macos64_2.0.0.202105311346/tools/bin/../lib/gcc/arm-none-eabi/9.3.1/../../../../arm-none-eabi/lib/thumb/v6-m/nofp/libc_nano.a(lib_a-malloc.o)