Archive member included to satisfy reference by file (symbol)

/Applications/STM32CubeIDE.app/Contents/Eclipse/plugins/com.st.stm32cube.ide.mcu.externaltools.gnu-tools-for-stm32.9-2020-q2-update.macos64_2.0.0.202105311346/tools/bin/../lib/gcc/arm-none-eabi/9.3.1/../../../../arm-none-eabi/lib/thumb/v6-m/nofp/libc_nano.a(lib_a-errno.o)
                              ./Core/Src/syscalls.o (__errno)
/Applications/STM32CubeIDE.app/Contents/Eclipse/plugins/com.st.stm32cube.ide.mcu.externaltools.gnu-tools-for-stm32.9-2020-q2-update.macos64_2.0.0.202105311346/tools/bin/../lib/gcc/arm-none-eabi/9.3.1/../../../../arm-none-eabi/lib/thumb/v6-m/nofp/libc_nano.a(lib_a-exit.o)
                              /Applications/STM32CubeIDE.app/Contents/Eclipse/plugins/com.st.stm32cube.ide.mcu.externaltools.gnu-tools-for-stm32.9-2020-q2-update.macos64_2.0.0.202105311346/tools/bin/../lib/gcc/arm-none-eabi/9.3.1/../../../../arm-none-eabi/lib/thumb/v6-m/nofp/crt0.o (exit)
/Applications/STM32CubeIDE.app/Contents/Eclipse/plugins/com.st.stm32cube.ide.mcu.externaltools.gnu-tools-for-stm32.9-2020-q2-update.macos64_2.0.0.202105311346/tools/bin/../lib/gcc/arm-none-eabi/9.3.1/../../../../arm-none-eabi/lib/thumb/v6-m/nofp/libc_nano.a(lib_a-impure.o)
                              /Applications/STM32CubeIDE.app/Contents/Eclipse/plugins/com.st.stm32cube.ide.mcu.externaltools.gnu-tools-for-stm32.9-2020-q2-update.macos64_2.0.0.202105311346/tools/bin/../lib/gcc/arm-none-eabi/9.3.1/../../../../arm-none-eabi/lib/thumb/v6-m/nofp/libc_nano.a(lib_a-exit.o) (_global_impure_ptr)
/Applications/STM32CubeIDE.app/Contents/Eclipse/plugins/com.st.stm32cube.ide.mcu.externaltools.gnu-tools-for-stm32.9-2020-q2-update.macos64_2.0.0.202105311346/tools/bin/../lib/gcc/arm-none-eabi/9.3.1/../../../../arm-none-eabi/lib/thumb/v6-m/nofp/libc_nano.a(lib_a-init.o)
                              /Applications/STM32CubeIDE.app/Contents/Eclipse/plugins/com.st.stm32cube.ide.mcu.externaltools.gnu-tools-for-stm32.9-2020-q2-update.macos64_2.0.0.202105311346/tools/bin/../lib/gcc/arm-none-eabi/9.3.1/../../../../arm-none-eabi/lib/thumb/v6-m/nofp/crt0.o (__libc_init_array)
/Applications/STM32CubeIDE.app/Contents/Eclipse/plugins/com.st.stm32cube.ide.mcu.externaltools.gnu-tools-for-stm32.9-2020-q2-update.macos64_2.0.0.202105311346/tools/bin/../lib/gcc/arm-none-eabi/9.3.1/../../../../arm-none-eabi/lib/thumb/v6-m/nofp/libc_nano.a(lib_a-memset.o)
                              /Applications/STM32CubeIDE.app/Contents/Eclipse/plugins/com.st.stm32cube.ide.mcu.externaltools.gnu-tools-for-stm32.9-2020-q2-update.macos64_2.0.0.202105311346/tools/bin/../lib/gcc/arm-none-eabi/9.3.1/../../../../arm-none-eabi/lib/thumb/v6-m/nofp/crt0.o (memset)
/Applications/STM32CubeIDE.app/Contents/Eclipse/plugins/com.st.stm32cube.ide.mcu.externaltools.gnu-tools-for-stm32.9-2020-q2-update.macos64_2.0.0.202105311346/tools/bin/../lib/gcc/arm-none-eabi/9.3.1/thumb/v6-m/nofp/libgcc.a(_udivsi3.o)
                              ./Core/Src/system_stm32l0xx.o (__aeabi_uidiv)
/Applications/STM32CubeIDE.app/Contents/Eclipse/plugins/com.st.stm32cube.ide.mcu.externaltools.gnu-tools-for-stm32.9-2020-q2-update.macos64_2.0.0.202105311346/tools/bin/../lib/gcc/arm-none-eabi/9.3.1/thumb/v6-m/nofp/libgcc.a(_dvmd_tls.o)
                              /Applications/STM32CubeIDE.app/Contents/Eclipse/plugins/com.st.stm32cube.ide.mcu.externaltools.gnu-tools-for-stm32.9-2020-q2-update.macos64_2.0.0.202105311346/tools/bin/../lib/gcc/arm-none-eabi/9.3.1/thumb/v6-m/nofp/libgcc.a(_udivsi3.o) (__aeabi_idiv0)
/Applications/STM32CubeIDE.app/Contents/Eclipse/plugins/com.st.stm32cube.ide.mcu.externaltools.gnu-tools-for-stm32.9-2020-q2-update.macos64_2.0.0.202105311346/tools/bin/../lib/gcc/arm-none-eabi/9.3.1/thumb/v6-m/nofp/libgcc.a(_aeabi_uldivmod.o)
                              ./Drivers/STM32L0xx_HAL_Driver/stm32l0xx_hal_rcc.o (__aeabi_uldivmod)
/Applications/STM32CubeIDE.app/Contents/Eclipse/plugins/com.st.stm32cube.ide.mcu.externaltools.gnu-tools-for-stm32.9-2020-q2-update.macos64_2.0.0.202105311346/tools/bin/../lib/gcc/arm-none-eabi/9.3.1/thumb/v6-m/nofp/libgcc.a(_muldi3.o)
                              ./Drivers/STM32L0xx_HAL_Driver/stm32l0xx_hal_rcc.o (__aeabi_lmul)
/Applications/STM32CubeIDE.app/Contents/Eclipse/plugins/com.st.stm32cube.ide.mcu.externaltools.gnu-tools-for-stm32.9-2020-q2-update.macos64_2.0.0.202105311346/tools/bin/../lib/gcc/arm-none-eabi/9.3.1/thumb/v6-m/nofp/libgcc.a(_udivmoddi4.o)
                              /Applications/STM32CubeIDE.app/Contents/Eclipse/plugins/com.st.stm32cube.ide.mcu.externaltools.gnu-tools-for-stm32.9-2020-q2-update.macos64_2.0.0.202105311346/tools/bin/../lib/gcc/arm-none-eabi/9.3.1/thumb/v6-m/nofp/libgcc.a(_aeabi_uldivmod.o) (__udivmoddi4)
/Applications/STM32CubeIDE.app/Contents/Eclipse/plugins/com.st.stm32cube.ide.mcu.externaltools.gnu-tools-for-stm32.9-2020-q2-update.macos64_2.0.0.202105311346/tools/bin/../lib/gcc/arm-none-eabi/9.3.1/thumb/v6-m/nofp/libgcc.a(_clzdi2.o)
[...]
Memory Configuration

Name             Origin             Length             Attributes
RAM              0x0000000020000000 0x0000000000005000 xrw
FLASH            0x0000000008000000 0x0000000000030000 xr
*default*        0x0000000000000000 0xffffffffffffffff

Linker script and memory map

LOAD /Applications/STM32CubeIDE.app/Contents/Eclipse/plugins/com.st.stm32cube.ide.mcu.externaltools.gnu-tools-for-stm32.9-2020-q2-update.macos64_2.0.0.202105311346/tools/bin/../lib/gcc/arm-none-eabi/9.3.1/thumb/v6-m/nofp/crti.o
LOAD /Applications/STM32CubeIDE.app/Contents/Eclipse/plugins/com.st.stm32cube.ide.mcu.externaltools.gnu-tools-for-stm32.9-2020-q2-update.macos64_2.0.0.202105311346/tools/bin/../lib/gcc/arm-none-eabi/9.3.1/thumb/v6-m/nofp/crtbegin.o
LOAD /Applications/STM32CubeIDE.app/Contents/Eclipse/plugins/com.st.stm32cube.ide.mcu.externaltools.gnu-tools-for-stm32.9-2020-q2-update.macos64_2.0.0.202105311346/tools/bin/../lib/gcc/arm-none-eabi/9.3.1/../../../../arm-none-eabi/lib/thumb/v6-m/nofp/crt0.o
LOAD ./Core/Src/main.o
LOAD ./Core/Src/stm32l0xx_hal_msp.o
LOAD ./Core/Src/stm32l0xx_it.o
LOAD ./Core/Src/syscalls.o
LOAD ./Core/Src/sysmem.o
LOAD ./Core/Src/system_stm32l0xx.o
LOAD ./Core/Startup/startup_stm32l073cztx.o
LOAD ./Drivers/STM32L0xx_HAL_Driver/stm32l0xx_hal.o
LOAD ./Drivers/STM32L0xx_HAL_Driver/stm32l0xx_hal_adc.o
LOAD ./Drivers/STM32L0xx_HAL_Driver/stm32l0xx_hal_adc_ex.o
LOAD ./Drivers/STM32L0xx_HAL_Driver/stm32l0xx_hal_cortex.o
LOAD ./Drivers/STM32L0xx_HAL_Driver/stm32l0xx_hal_dma.o
LOAD ./Drivers/STM32L0xx_HAL_Driver/stm32l0xx_hal_exti.o
LOAD ./Drivers/STM32L0xx_HAL_Driver/stm32l0xx_hal_flash.o
LOAD ./Drivers/STM32L0xx_HAL_Driver/stm32l0xx_hal_flash_ex.o
LOAD ./Drivers/STM32L0xx_HAL_Driver/stm32l0xx_hal_flash_ramfunc.o
LOAD ./Drivers/STM32L0xx_HAL_Driver/stm32l0xx_hal_gpio.o
LOAD ./Drivers/STM32L0xx_HAL_Driver/stm32l0xx_hal_i2c.o
LOAD ./Drivers/STM32L0xx_HAL_Driver/stm32l0xx_hal_i2c_ex.o
LOAD ./Drivers/STM32L0xx_HAL_Driver/stm32l0xx_hal_pcd.o
LOAD ./Drivers/STM32L0xx_HAL_Driver/stm32l0xx_hal_pcd_ex.o
LOAD ./Drivers/STM32L0xx_HAL_Driver/stm32l0xx_hal_pwr.o
LOAD ./Drivers/STM32L0xx_HAL_Driver/stm32l0xx_hal_pwr_ex.o
LOAD ./Drivers/STM32L0xx_HAL_Driver/stm32l0xx_hal_rcc.o
LOAD ./Drivers/STM32L0xx_HAL_Driver/stm32l0xx_hal_rcc_ex.o
LOAD ./Drivers/STM32L0xx_HAL_Driver/stm32l0xx_hal_tim.o
LOAD ./Drivers/STM32L0xx_HAL_Driver/stm32l0xx_hal_tim_ex.o
LOAD ./Drivers/STM32L0xx_HAL_Driver/stm32l0xx_ll_usb.o
LOAD ./Middlewares/USB_Device_Library/usbd_core.o
LOAD ./Middlewares/USB_Device_Library/usbd_ctlreq.o
LOAD ./Middlewares/USB_Device_Library/usbd_hid.o
LOAD ./Middlewares/USB_Device_Library/usbd_ioreq.o
LOAD ./USB_DEVICE/App/usb_device.o
LOAD ./USB_DEVICE/App/usbd_desc.o
LOAD ./USB_DEVICE/Target/usbd_conf.o
START GROUP
LOAD /Applications/STM32CubeIDE.app/Contents/Eclipse/plugins/com.st.stm32cube.ide.mcu.externaltools.gnu-tools-for-stm32.9-2020-q2-update.macos64_2.0.0.202105311346/tools/bin/../lib/gcc/arm-none-eabi/9.3.1/../../../../arm-none-eabi/lib/thumb/v6-m/nofp/libc_nano.a
LOAD /Applications/STM32CubeIDE.app/Contents/Eclipse/plugins/com.st.stm32cube.ide.mcu.externaltools.gnu-tools-for-stm32.9-2020-q2-update.macos64_2.0.0.202105311346/tools/bin/../lib/gcc/arm-none-eabi/9.3.1/../../../../arm-none-eabi/lib/thumb/v6-m/nofp/libm.a
END GROUP
START GROUP
LOAD /Applications/STM32CubeIDE.app/Contents/Eclipse/plugins/com.st.stm32cube.ide.mcu.externaltools.gnu-tools-for-stm32.9-2020-q2-update.macos64_2.0.0.202105311346/tools/bin/../lib/gcc/arm-none-eabi/9.3.1/thumb/v6-m/nofp/libgcc.a
LOAD /Applications/STM32CubeIDE.app/Contents/Eclipse/plugins/com.st.stm32cube.ide.mcu.externaltools.gnu-tools-for-stm32.9-2020-q2-update.macos64_2.0.0.202105311346/tools/bin/../lib/gcc/arm-none-eabi/9.3.1/../../../../arm-none-eabi/lib/thumb/v6-m/nofp/libc_nano.a
END GROUP
START GROUP
LOAD /Applications/STM32CubeIDE.app/Contents/Eclipse/plugins/com.st.stm32cube.ide.mcu.externaltools.gnu-tools-for-stm32.9-2020-q2-update.macos64_2.0.0.202105311346/tools/bin/../lib/gcc/arm-none-eabi/9.3.1/thumb/v6-m/nofp/libgcc.a
LOAD /Applications/STM32CubeIDE.app/Contents/Eclipse/plugins/com.st.stm32cube.ide.mcu.externaltools.gnu-tools-for-stm32.9-2020-q2-update.macos64_2.0.0.202105311346/tools/bin/../lib/gcc/arm-none-eabi/9.3.1/../../../../arm-none-eabi/lib/thumb/v6-m/nofp/libc_nano.a
LOAD /Applications/STM32CubeIDE.app/Contents/Eclipse/plugins/com.st.stm32cube.ide.mcu.externaltools.gnu-tools-for-stm32.9-2020-q2-update.macos64_2.0.0.202105311346/tools/bin/../lib/gcc/arm-none-eabi/9.3.1/../../../../arm-none-eabi/lib/thumb/v6-m/nofp/libnosys.a
END GROUP
START GROUP
LOAD /Applications/STM32CubeIDE.app/Contents/Eclipse/plugins/com.st.stm32cube.ide.mcu.externaltools.gnu-tools-for-stm32.9-2020-q2-update.macos64_2.0.0.202105311346/tools/bin/../lib/gcc/arm-none-eabi/9.3.1/thumb/v6-m/nofp/libgcc.a
LOAD /Applications/STM32CubeIDE.app/Contents/Eclipse/plugins/com.st.stm32cube.ide.mcu.externaltools.gnu-tools-for-stm32.9-2020-q2-update.macos64_2.0.0.202105311346/tools/bin/../lib/gcc/arm-none-eabi/9.3.1/../../../../arm-none-eabi/lib/thumb/v6-m/nofp/libc_nano.a
LOAD /Applications/STM32CubeIDE.app/Contents/Eclipse/plugins/com.st.stm32cube.ide.mcu.externaltools.gnu-tools-for-stm32.9-2020-q2-update.macos64_2.0.0.202105311346/tools/bin/../lib/gcc/arm-none-eabi/9.3.1/../../../../arm-none-eabi/lib/thumb/v6-m/nofp/libnosys.a
END GROUP
LOAD /Applications/STM32CubeIDE.app/Contents/Eclipse/plugins/com.st.stm32cube.ide.mcu.externaltools.gnu-tools-for-stm32.9-2020-q2-update.macos64_2.0.0.202105311346/tools/bin/../lib/gcc/arm-none-eabi/9.3.1/thumb/v6-m/nofp/crtend.o
LOAD /Applications/STM32CubeIDE.app/Contents/Eclipse/plugins/com.st.stm32cube.ide.mcu.externaltools.gnu-tools-for-stm32.9-2020-q2-update.macos64_2.0.0.202105311346/tools/bin/../lib/gcc/arm-none-eabi/9.3.1/thumb/v6-m/nofp/crtn.o
                0x0000000020005000                _estack = (ORIGIN (RAM) + LENGTH (RAM))
                0x0000000000000200                _Min_Heap_Size = 0x200
                0x0000000000000400                _Min_Stack_Size = 0x400

.isr_vector     0x0000000008000000       0xc0
                0x0000000008000000                . = ALIGN (0x4)
 *(.isr_vector)
 .isr_vector    0x0000000008000000       0xc0 ./Core/Startup/startup_stm32l073cztx.o
                0x0000000008000000                g_pfnVectors
                0x00000000080000c0                . = ALIGN (0x4)

.text           0x00000000080000c0     0x84a0
                0x00000000080000c0                . = ALIGN (0x4)
 *(.text)
 .text          0x00000000080000c0       0x48 /Applications/STM32CubeIDE.app/Contents/Eclipse/plugins/com.st.stm32cube.ide.mcu.externaltools.gnu-tools-for-stm32.9-2020-q2-update.macos64_2.0.0.202105311346/tools/bin/../lib/gcc/arm-none-eabi/9.3.1/thumb/v6-m/nofp/crtbegin.o
 .text          0x0000000008000108      0x114 /Applications/STM32CubeIDE.app/Contents/Eclipse/plugins/com.st.stm32cube.ide.mcu.externaltools.gnu-tools-for-stm32.9-2020-q2-update.macos64_2.0.0.202105311346/tools/bin/../lib/gcc/arm-none-eabi/9.3.1/thumb/v6-m/nofp/libgcc.a(_udivsi3.o)
                0x0000000008000108                __udivsi3
                0x0000000008000108                __aeabi_uidiv
                0x0000000008000214                __aeabi_uidivmod
 .text          0x000000000800021c        0x4 /Applications/STM32CubeIDE.app/Contents/Eclipse/plugins/com.st.stm32cube.ide.mcu.externaltools.gnu-tools-for-stm32.9-2020-q2-update.macos64_2.0.0.202105311346/tools/bin/../lib/gcc/arm-none-eabi/9.3.1/thumb/v6-m/nofp/libgcc.a(_dvmd_tls.o)
                0x000000000800021c                __aeabi_ldiv0
                0x000000000800021c                __aeabi_idiv0
 .text          0x0000000008000220       0x40 /Applications/STM32CubeIDE.app/Contents/Eclipse/plugins/com.st.stm32cube.ide.mcu.externaltools.gnu-tools-for-stm32.9-2020-q2-update.macos64_2.0.0.202105311346/tools/bin/../lib/gcc/arm-none-eabi/9.3.1/thumb/v6-m/nofp/libgcc.a(_aeabi_uldivmod.o)
                0x0000000008000220                __aeabi_uldivmod
 .text          0x0000000008000260       0x50 /Applications/STM32CubeIDE.app/Contents/Eclipse/plugins/com.st.stm32cube.ide.mcu.externaltools.gnu-tools-for-stm32.9-2020-q2-update.macos64_2.0.0.202105311346/tools/bin/../lib/gcc/arm-none-eabi/9.3.1/thumb/v6-m/nofp/libgcc.a(_muldi3.o)
                0x0000000008000260                __aeabi_lmul
                0x0000000008000260                __muldi3
 .text          0x00000000080002b0      0x198 /Applications/STM32CubeIDE.app/Contents/Eclipse/plugins/com.st.stm32cube.ide.mcu.externaltools.gnu-tools-for-stm32.9-2020-q2-update.macos64_2.0.0.202105311346/tools/bin/../lib/gcc/arm-none-eabi/9.3.1/thumb/v6-m/nofp/libgcc.a(_udivmoddi4.o)
                0x00000000080002b0                __udivmoddi4
 .text          0x0000000008000448       0x18 /Applications/STM32CubeIDE.app/Contents/Eclipse/plugins/com.st.stm32cube.ide.mcu.externaltools.gnu-tools-for-stm32.9-2020-q2-update.macos64_2.0.0.202105311346/tools/bin/../lib/gcc/arm-none-eabi/9.3.1/thumb/v6-m/nofp/libgcc.a(_clzdi2.o)
                0x0000000008000448                __clzdi2
 .text          0x0000000008000460       0x3c /Applications/STM32CubeIDE.app/Contents/Eclipse/plugins/com.st.stm32cube.ide.mcu.externaltools.gnu-tools-for-stm32.9-2020-q2-update.macos64_2.0.0.202105311346/tools/bin/../lib/gcc/arm-none-eabi/9.3.1/thumb/v6-m/nofp/libgcc.a(_clzsi2.o)
                0x0000000008000460                __clzsi2
 *(.text*)
 .text.main     0x000000000800049c       0x90 ./Core/Src/main.o
                0x000000000800049c                main
 .text.SystemClock_Config
                0x000000000800052c       0xec ./Core/Src/main.o
                0x000000000800052c                SystemClock_Config
 .text.MX_ADC_Init
                0x0000000008000618      0x140 ./Core/Src/main.o
 .text.MX_GPIO_Init
                0x0000000008000758      0x130 ./Core/Src/main.o
 .text.envoi    0x0000000008000888       0x5c ./Core/Src/main.o
                0x0000000008000888                envoi
 .text.Error_Handler
                0x00000000080008e4        0xa ./Core/Src/main.o
                0x00000000080008e4                Error_Handler
 *fill*         0x00000000080008ee        0x2 
 .text.HAL_MspInit
                0x00000000080008f0       0x28 ./Core/Src/stm32l0xx_hal_msp.o
                0x00000000080008f0                HAL_MspInit
 .text.HAL_ADC_MspInit
                0x0000000008000918       0x78 ./Core/Src/stm32l0xx_hal_msp.o
                0x0000000008000918                HAL_ADC_MspInit
 .text.NMI_Handler
                0x0000000008000990        0x6 ./Core/Src/stm32l0xx_it.o
                0x0000000008000990                NMI_Handler
 .text.HardFault_Handler
                0x0000000008000996        0x6 ./Core/Src/stm32l0xx_it.o
                0x0000000008000996                HardFault_Handler
 .text.SVC_Handler
                0x000000000800099c        0xa ./Core/Src/stm32l0xx_it.o
                0x000000000800099c                SVC_Handler
 .text.PendSV_Handler
                0x00000000080009a6        0xa ./Core/Src/stm32l0xx_it.o
                0x00000000080009a6                PendSV_Handler
 .text.SysTick_Handler
                0x00000000080009b0        0xe ./Core/Src/stm32l0xx_it.o
                0x00000000080009b0                SysTick_Handler
 *fill*         0x00000000080009be        0x2 
 .text.USB_IRQHandler
                0x00000000080009c0       0x1c ./Core/Src/stm32l0xx_it.o
                0x00000000080009c0                USB_IRQHandler
 .text.SystemInit
                0x00000000080009dc        0xa ./Core/Src/system_stm32l0xx.o
                0x00000000080009dc                SystemInit
 *fill*         0x00000000080009e6        0x2 
 .text.Reset_Handler
                0x00000000080009e8       0x50 ./Core/Startup/startup_stm32l073cztx.o
                0x00000000080009e8                Reset_Handler
 .text.Default_Handler
                0x0000000008000a38        0x2 ./Core/Startup/startup_stm32l073cztx.o
                0x0000000008000a38                LPTIM1_IRQHandler
                0x0000000008000a38                ADC1_COMP_IRQHandler
                0x0000000008000a38                PVD_IRQHandler
                0x0000000008000a38                I2C1_IRQHandler
                0x0000000008000a38                RCC_CRS_IRQHandler
                0x0000000008000a38                SPI1_IRQHandler
                0x0000000008000a38                TIM6_DAC_IRQHandler
                0x0000000008000a38                EXTI2_3_IRQHandler
                0x0000000008000a38                I2C2_IRQHandler
                0x0000000008000a38                RTC_IRQHandler
                0x0000000008000a38                LCD_IRQHandler
                0x0000000008000a38                DMA1_Channel4_5_6_7_IRQHandler
                0x0000000008000a38                TIM3_IRQHandler
                0x0000000008000a38                EXTI4_15_IRQHandler
                0x0000000008000a38                DMA1_Channel1_IRQHandler
                0x0000000008000a38                USART4_5_IRQHandler
                0x0000000008000a38                Default_Handler
                0x0000000008000a38                TIM22_IRQHandler
                0x0000000008000a38                TIM7_IRQHandler
                0x0000000008000a38                EXTI0_1_IRQHandler
                0x0000000008000a38                I2C3_IRQHandler
                0x0000000008000a38                SPI2_IRQHandler
                0x0000000008000a38                TIM21_IRQHandler
                0x0000000008000a38                WWDG_IRQHandler
                0x0000000008000a38                TIM2_IRQHandler
                0x0000000008000a38                DMA1_Channel2_3_IRQHandler
                0x0000000008000a38                USART2_IRQHandler
                0x0000000008000a38                FLASH_IRQHandler
                0x0000000008000a38                USART1_IRQHandler
                0x0000000008000a38                RNG_LPUART1_IRQHandler
                0x0000000008000a38                TSC_IRQHandler
 *fill*         0x0000000008000a3a        0x2 
 .text.HAL_Init
                0x0000000008000a3c       0x40 ./Drivers/STM32L0xx_HAL_Driver/stm32l0xx_hal.o
                0x0000000008000a3c                HAL_Init
 .text.HAL_InitTick
                0x0000000008000a7c       0x68 ./Drivers/STM32L0xx_HAL_Driver/stm32l0xx_hal.o
                0x0000000008000a7c                HAL_InitTick
 .text.HAL_IncTick
                0x0000000008000ae4       0x24 ./Drivers/STM32L0xx_HAL_Driver/stm32l0xx_hal.o
                0x0000000008000ae4                HAL_IncTick
 .text.HAL_GetTick
                0x0000000008000b08       0x14 ./Drivers/STM32L0xx_HAL_Driver/stm32l0xx_hal.o
                0x0000000008000b08                HAL_GetTick
 .text.HAL_ADC_Init
                0x0000000008000b1c      0x2e8 ./Drivers/STM32L0xx_HAL_Driver/stm32l0xx_hal_adc.o
                0x0000000008000b1c                HAL_ADC_Init
 .text.HAL_ADC_Start
                0x0000000008000e04       0xa8 ./Drivers/STM32L0xx_HAL_Driver/stm32l0xx_hal_adc.o
                0x0000000008000e04                HAL_ADC_Start
 .text.HAL_ADC_Stop
                0x0000000008000eac       0x80 ./Drivers/STM32L0xx_HAL_Driver/stm32l0xx_hal_adc.o
                0x0000000008000eac                HAL_ADC_Stop
 .text.HAL_ADC_PollForConversion
                0x0000000008000f2c      0x138 ./Drivers/STM32L0xx_HAL_Driver/stm32l0xx_hal_adc.o
                0x0000000008000f2c                HAL_ADC_PollForConversion
 .text.HAL_ADC_GetValue
                0x0000000008001064       0x16 ./Drivers/STM32L0xx_HAL_Driver/stm32l0xx_hal_adc.o
                0x0000000008001064                HAL_ADC_GetValue
 *fill*         0x000000000800107a        0x2 
 .text.HAL_ADC_ConfigChannel
                0x000000000800107c      0x140 ./Drivers/STM32L0xx_HAL_Driver/stm32l0xx_hal_adc.o
                0x000000000800107c                HAL_ADC_ConfigChannel
 .text.ADC_Enable
                0x00000000080011bc       0xd0 ./Drivers/STM32L0xx_HAL_Driver/stm32l0xx_hal_adc.o
 .text.ADC_Disable
                0x000000000800128c       0xce ./Drivers/STM32L0xx_HAL_Driver/stm32l0xx_hal_adc.o
 .text.ADC_ConversionStop
                0x000000000800135a       0x98 ./Drivers/STM32L0xx_HAL_Driver/stm32l0xx_hal_adc.o
 *fill*         0x00000000080013f2        0x2 
 .text.ADC_DelayMicroSecond
                0x00000000080013f4       0x40 ./Drivers/STM32L0xx_HAL_Driver/stm32l0xx_hal_adc.o
 .text.__NVIC_EnableIRQ
                0x0000000008001434       0x34 ./Drivers/STM32L0xx_HAL_Driver/stm32l0xx_hal_cortex.o
 .text.__NVIC_SetPriority
                0x0000000008001468       0xdc ./Drivers/STM32L0xx_HAL_Driver/stm32l0xx_hal_cortex.o
 .text.SysTick_Config
                0x0000000008001544       0x48 ./Drivers/STM32L0xx_HAL_Driver/stm32l0xx_hal_cortex.o
 .text.HAL_NVIC_SetPriority
                0x000000000800158c       0x2a ./Drivers/STM32L0xx_HAL_Driver/stm32l0xx_hal_cortex.o
                0x000000000800158c                HAL_NVIC_SetPriority
 .text.HAL_NVIC_EnableIRQ
                0x00000000080015b6       0x20 ./Drivers/STM32L0xx_HAL_Driver/stm32l0xx_hal_cortex.o
                0x00000000080015b6                HAL_NVIC_EnableIRQ
 .text.HAL_SYSTICK_Config
                0x00000000080015d6       0x1a ./Drivers/STM32L0xx_HAL_Driver/stm32l0xx_hal_cortex.o
                0x00000000080015d6                HAL_SYSTICK_Config
 .text.HAL_GPIO_Init
                0x00000000080015f0      0x2fc ./Drivers/STM32L0xx_HAL_Driver/stm32l0xx_hal_gpio.o
                0x00000000080015f0                HAL_GPIO_Init
 .text.HAL_GPIO_WritePin
                0x00000000080018ec       0x3a ./Drivers/STM32L0xx_HAL_Driver/stm32l0xx_hal_gpio.o
                0x00000000080018ec                HAL_GPIO_WritePin
 *fill*         0x0000000008001926        0x2 
 .text.HAL_PCD_Init
                0x0000000008001928      0x220 ./Drivers/STM32L0xx_HAL_Driver/stm32l0xx_hal_pcd.o
                0x0000000008001928                HAL_PCD_Init
 .text.HAL_PCD_Start
                0x0000000008001b48       0x4a ./Drivers/STM32L0xx_HAL_Driver/stm32l0xx_hal_pcd.o
                0x0000000008001b48                HAL_PCD_Start
 *fill*         0x0000000008001b92        0x2 
 .text.HAL_PCD_IRQHandler
                0x0000000008001b94      0x2f8 ./Drivers/STM32L0xx_HAL_Driver/stm32l0xx_hal_pcd.o
                0x0000000008001b94                HAL_PCD_IRQHandler
 .text.HAL_PCD_SetAddress
                0x0000000008001e8c       0x56 ./Drivers/STM32L0xx_HAL_Driver/stm32l0xx_hal_pcd.o
                0x0000000008001e8c                HAL_PCD_SetAddress
 .text.HAL_PCD_EP_Open
                0x0000000008001ee2       0xf0 ./Drivers/STM32L0xx_HAL_Driver/stm32l0xx_hal_pcd.o
                0x0000000008001ee2                HAL_PCD_EP_Open
 .text.HAL_PCD_EP_Close
                0x0000000008001fd2       0xa2 ./Drivers/STM32L0xx_HAL_Driver/stm32l0xx_hal_pcd.o
                0x0000000008001fd2                HAL_PCD_EP_Close
 .text.HAL_PCD_EP_Receive
                0x0000000008002074       0x88 ./Drivers/STM32L0xx_HAL_Driver/stm32l0xx_hal_pcd.o
                0x0000000008002074                HAL_PCD_EP_Receive
 .text.HAL_PCD_EP_Transmit
                0x00000000080020fc       0x92 ./Drivers/STM32L0xx_HAL_Driver/stm32l0xx_hal_pcd.o
                0x00000000080020fc                HAL_PCD_EP_Transmit
 .text.HAL_PCD_EP_SetStall
                0x000000000800218e       0xb8 ./Drivers/STM32L0xx_HAL_Driver/stm32l0xx_hal_pcd.o
                0x000000000800218e                HAL_PCD_EP_SetStall
 .text.HAL_PCD_EP_ClrStall
                0x0000000008002246       0xbc ./Drivers/STM32L0xx_HAL_Driver/stm32l0xx_hal_pcd.o
                0x0000000008002246                HAL_PCD_EP_ClrStall
 *fill*         0x0000000008002302        0x2 
 .text.PCD_EP_ISR_Handler
                0x0000000008002304      0x7e4 ./Drivers/STM32L0xx_HAL_Driver/stm32l0xx_hal_pcd.o
 .text.HAL_PCD_EP_DB_Receive
                0x0000000008002ae8      0x238 ./Drivers/STM32L0xx_HAL_Driver/stm32l0xx_hal_pcd.o
 .text.HAL_PCD_EP_DB_Transmit
                0x0000000008002d20      0x7b4 ./Drivers/STM32L0xx_HAL_Driver/stm32l0xx_hal_pcd.o
 .text.HAL_PCDEx_PMAConfig
                0x00000000080034d4       0x9c ./Drivers/STM32L0xx_HAL_Driver/stm32l0xx_hal_pcd_ex.o
                0x00000000080034d4                HAL_PCDEx_PMAConfig
 .text.HAL_PCDEx_ActivateLPM
                0x0000000008003570       0x54 ./Drivers/STM32L0xx_HAL_Driver/stm32l0xx_hal_pcd_ex.o
                0x0000000008003570                HAL_PCDEx_ActivateLPM
 .text.HAL_PCDEx_LPM_Callback
                0x00000000080035c4       0x16 ./Drivers/STM32L0xx_HAL_Driver/stm32l0xx_hal_pcd_ex.o
                0x00000000080035c4                HAL_PCDEx_LPM_Callback
 *fill*         0x00000000080035da        0x2 
 .text.HAL_RCC_OscConfig
                0x00000000080035dc      0x7a8 ./Drivers/STM32L0xx_HAL_Driver/stm32l0xx_hal_rcc.o
                0x00000000080035dc                HAL_RCC_OscConfig
 .text.HAL_RCC_ClockConfig
                0x0000000008003d84      0x290 ./Drivers/STM32L0xx_HAL_Driver/stm32l0xx_hal_rcc.o
                0x0000000008003d84                HAL_RCC_ClockConfig
 .text.HAL_RCC_GetSysClockFreq
                0x0000000008004014      0x14c ./Drivers/STM32L0xx_HAL_Driver/stm32l0xx_hal_rcc.o
                0x0000000008004014                HAL_RCC_GetSysClockFreq
 .text.HAL_RCCEx_PeriphCLKConfig
                0x0000000008004160      0x2e8 ./Drivers/STM32L0xx_HAL_Driver/stm32l0xx_hal_rcc_ex.o
                0x0000000008004160                HAL_RCCEx_PeriphCLKConfig
 .text.USB_EnableGlobalInt
                0x0000000008004448       0x2c ./Drivers/STM32L0xx_HAL_Driver/stm32l0xx_ll_usb.o
                0x0000000008004448                USB_EnableGlobalInt
 .text.USB_DisableGlobalInt
                0x0000000008004474       0x34 ./Drivers/STM32L0xx_HAL_Driver/stm32l0xx_ll_usb.o
                0x0000000008004474                USB_DisableGlobalInt
 .text.USB_DevInit
                0x00000000080044a8       0x58 ./Drivers/STM32L0xx_HAL_Driver/stm32l0xx_ll_usb.o
                0x00000000080044a8                USB_DevInit
 .text.USB_ActivateEndpoint
                0x0000000008004500      0x6e8 ./Drivers/STM32L0xx_HAL_Driver/stm32l0xx_ll_usb.o
                0x0000000008004500                USB_ActivateEndpoint
 .text.USB_DeactivateEndpoint
                0x0000000008004be8      0x380 ./Drivers/STM32L0xx_HAL_Driver/stm32l0xx_ll_usb.o
                0x0000000008004be8                USB_DeactivateEndpoint
 .text.USB_EPStartXfer
                0x0000000008004f68     0x1174 ./Drivers/STM32L0xx_HAL_Driver/stm32l0xx_ll_usb.o
                0x0000000008004f68                USB_EPStartXfer
 .text.USB_EPSetStall
                0x00000000080060dc       0xa0 ./Drivers/STM32L0xx_HAL_Driver/stm32l0xx_ll_usb.o
                0x00000000080060dc                USB_EPSetStall
 .text.USB_EPClearStall
                0x000000000800617c      0x164 ./Drivers/STM32L0xx_HAL_Driver/stm32l0xx_ll_usb.o
                0x000000000800617c                USB_EPClearStall
 .text.USB_SetDevAddress
                0x00000000080062e0       0x28 ./Drivers/STM32L0xx_HAL_Driver/stm32l0xx_ll_usb.o
                0x00000000080062e0                USB_SetDevAddress
 .text.USB_DevConnect
                0x0000000008006308       0x2c ./Drivers/STM32L0xx_HAL_Driver/stm32l0xx_ll_usb.o
                0x0000000008006308                USB_DevConnect
 .text.USB_ReadInterrupts
                0x0000000008006334       0x1c ./Drivers/STM32L0xx_HAL_Driver/stm32l0xx_ll_usb.o
                0x0000000008006334                USB_ReadInterrupts
 .text.USB_WritePMA
                0x0000000008006350       0x88 ./Drivers/STM32L0xx_HAL_Driver/stm32l0xx_ll_usb.o
                0x0000000008006350                USB_WritePMA
 .text.USB_ReadPMA
                0x00000000080063d8       0x9e ./Drivers/STM32L0xx_HAL_Driver/stm32l0xx_ll_usb.o
                0x00000000080063d8                USB_ReadPMA
 .text.USBD_Init
                0x0000000008006476       0x62 ./Middlewares/USB_Device_Library/usbd_core.o
                0x0000000008006476                USBD_Init
 .text.USBD_RegisterClass
                0x00000000080064d8       0x40 ./Middlewares/USB_Device_Library/usbd_core.o
                0x00000000080064d8                USBD_RegisterClass
 .text.USBD_Start
                0x0000000008006518       0x1a ./Middlewares/USB_Device_Library/usbd_core.o
                0x0000000008006518                USBD_Start
 .text.USBD_RunTestMode
                0x0000000008006532       0x12 ./Middlewares/USB_Device_Library/usbd_core.o
                0x0000000008006532                USBD_RunTestMode
 .text.USBD_SetClassConfig
                0x0000000008006544       0x4e ./Middlewares/USB_Device_Library/usbd_core.o
                0x0000000008006544                USBD_SetClassConfig
 .text.USBD_ClrClassConfig
                0x0000000008006592       0x2c ./Middlewares/USB_Device_Library/usbd_core.o
                0x0000000008006592                USBD_ClrClassConfig
 *fill*         0x00000000080065be        0x2 
 .text.USBD_LL_SetupStage
                0x00000000080065c0       0xbc ./Middlewares/USB_Device_Library/usbd_core.o
                0x00000000080065c0                USBD_LL_SetupStage
 .text.USBD_LL_DataOutStage
                0x000000000800667c      0x104 ./Middlewares/USB_Device_Library/usbd_core.o
                0x000000000800667c                USBD_LL_DataOutStage
 .text.USBD_LL_DataInStage
                0x0000000008006780      0x17a ./Middlewares/USB_Device_Library/usbd_core.o
                0x0000000008006780                USBD_LL_DataInStage
 .text.USBD_LL_Reset
                0x00000000080068fa       0x90 ./Middlewares/USB_Device_Library/usbd_core.o
                0x00000000080068fa                USBD_LL_Reset
 .text.USBD_LL_SetSpeed
                0x000000000800698a       0x20 ./Middlewares/USB_Device_Library/usbd_core.o
                0x000000000800698a                USBD_LL_SetSpeed
 *fill*         0x00000000080069aa        0x2 
 .text.USBD_LL_Suspend
                0x00000000080069ac       0x30 ./Middlewares/USB_Device_Library/usbd_core.o
                0x00000000080069ac                USBD_LL_Suspend
 .text.USBD_LL_Resume
                0x00000000080069dc       0x30 ./Middlewares/USB_Device_Library/usbd_core.o
                0x00000000080069dc                USBD_LL_Resume
 .text.USBD_LL_SOF
                0x0000000008006a0c       0x3c ./Middlewares/USB_Device_Library/usbd_core.o
                0x0000000008006a0c                USBD_LL_SOF
 .text.USBD_StdDevReq
                0x0000000008006a48       0xe4 ./Middlewares/USB_Device_Library/usbd_ctlreq.o
                0x0000000008006a48                USBD_StdDevReq
 .text.USBD_StdItfReq
                0x0000000008006b2c       0xae ./Middlewares/USB_Device_Library/usbd_ctlreq.o
                0x0000000008006b2c                USBD_StdItfReq
 .text.USBD_StdEPReq
                0x0000000008006bda      0x36c ./Middlewares/USB_Device_Library/usbd_ctlreq.o
                0x0000000008006bda                USBD_StdEPReq
 *fill*         0x0000000008006f46        0x2 
 .text.USBD_GetDescriptor
                0x0000000008006f48      0x364 ./Middlewares/USB_Device_Library/usbd_ctlreq.o
 .text.USBD_SetAddress
                0x00000000080072ac       0xa8 ./Middlewares/USB_Device_Library/usbd_ctlreq.o
 .text.USBD_SetConfig
                0x0000000008007354      0x148 ./Middlewares/USB_Device_Library/usbd_ctlreq.o
 .text.USBD_GetConfig
                0x000000000800749c       0x76 ./Middlewares/USB_Device_Library/usbd_ctlreq.o
 .text.USBD_GetStatus
                0x0000000008007512       0x74 ./Middlewares/USB_Device_Library/usbd_ctlreq.o
 .text.USBD_SetFeature
                0x0000000008007586       0x2c ./Middlewares/USB_Device_Library/usbd_ctlreq.o
 .text.USBD_ClrFeature
                0x00000000080075b2       0x4c ./Middlewares/USB_Device_Library/usbd_ctlreq.o
 .text.USBD_ParseSetupRequest
                0x00000000080075fe       0x76 ./Middlewares/USB_Device_Library/usbd_ctlreq.o
                0x00000000080075fe                USBD_ParseSetupRequest
 .text.USBD_CtlError
                0x0000000008007674       0x26 ./Middlewares/USB_Device_Library/usbd_ctlreq.o
                0x0000000008007674                USBD_CtlError
 .text.USBD_GetString
                0x000000000800769a       0x9c ./Middlewares/USB_Device_Library/usbd_ctlreq.o
                0x000000000800769a                USBD_GetString
 .text.USBD_GetLen
                0x0000000008007736       0x3a ./Middlewares/USB_Device_Library/usbd_ctlreq.o
 .text.USBD_HID_Init
                0x0000000008007770       0x56 ./Middlewares/USB_Device_Library/usbd_hid.o
 .text.USBD_HID_DeInit
                0x00000000080077c6       0x4c ./Middlewares/USB_Device_Library/usbd_hid.o
 *fill*         0x0000000008007812        0x2 
 .text.USBD_HID_Setup
                0x0000000008007814      0x21c ./Middlewares/USB_Device_Library/usbd_hid.o
 .text.USBD_HID_SendReport
                0x0000000008007a30       0x4a ./Middlewares/USB_Device_Library/usbd_hid.o
                0x0000000008007a30                USBD_HID_SendReport
 *fill*         0x0000000008007a7a        0x2 
 .text.USBD_HID_GetFSCfgDesc
                0x0000000008007a7c       0x1c ./Middlewares/USB_Device_Library/usbd_hid.o
 .text.USBD_HID_GetHSCfgDesc
                0x0000000008007a98       0x1c ./Middlewares/USB_Device_Library/usbd_hid.o
 .text.USBD_HID_GetOtherSpeedCfgDesc
                0x0000000008007ab4       0x1c ./Middlewares/USB_Device_Library/usbd_hid.o
 .text.USBD_HID_DataIn
                0x0000000008007ad0       0x24 ./Middlewares/USB_Device_Library/usbd_hid.o
 .text.USBD_HID_GetDeviceQualifierDesc
                0x0000000008007af4       0x1c ./Middlewares/USB_Device_Library/usbd_hid.o
 .text.USBD_CtlSendData
                0x0000000008007b10       0x40 ./Middlewares/USB_Device_Library/usbd_ioreq.o
                0x0000000008007b10                USBD_CtlSendData
 .text.USBD_CtlContinueSendData
                0x0000000008007b50       0x26 ./Middlewares/USB_Device_Library/usbd_ioreq.o
                0x0000000008007b50                USBD_CtlContinueSendData
 .text.USBD_CtlContinueRx
                0x0000000008007b76       0x26 ./Middlewares/USB_Device_Library/usbd_ioreq.o
                0x0000000008007b76                USBD_CtlContinueRx
 .text.USBD_CtlSendStatus
                0x0000000008007b9c       0x28 ./Middlewares/USB_Device_Library/usbd_ioreq.o
                0x0000000008007b9c                USBD_CtlSendStatus
 .text.USBD_CtlReceiveStatus
                0x0000000008007bc4       0x28 ./Middlewares/USB_Device_Library/usbd_ioreq.o
                0x0000000008007bc4                USBD_CtlReceiveStatus
 .text.MX_USB_DEVICE_Init
                0x0000000008007bec       0x50 ./USB_DEVICE/App/usb_device.o
                0x0000000008007bec                MX_USB_DEVICE_Init
 .text.USBD_FS_DeviceDescriptor
                0x0000000008007c3c       0x24 ./USB_DEVICE/App/usbd_desc.o
                0x0000000008007c3c                USBD_FS_DeviceDescriptor
 .text.USBD_FS_LangIDStrDescriptor
                0x0000000008007c60       0x24 ./USB_DEVICE/App/usbd_desc.o
                0x0000000008007c60                USBD_FS_LangIDStrDescriptor
 .text.USBD_FS_ProductStrDescriptor
                0x0000000008007c84       0x44 ./USB_DEVICE/App/usbd_desc.o
                0x0000000008007c84                USBD_FS_ProductStrDescriptor
 .text.USBD_FS_ManufacturerStrDescriptor
                0x0000000008007cc8       0x2c ./USB_DEVICE/App/usbd_desc.o
                0x0000000008007cc8                USBD_FS_ManufacturerStrDescriptor
 .text.USBD_FS_SerialStrDescriptor
                0x0000000008007cf4       0x28 ./USB_DEVICE/App/usbd_desc.o
                0x0000000008007cf4                USBD_FS_SerialStrDescriptor
 .text.USBD_FS_ConfigStrDescriptor
                0x0000000008007d1c       0x44 ./USB_DEVICE/App/usbd_desc.o
                0x0000000008007d1c                USBD_FS_ConfigStrDescriptor
 .text.USBD_FS_InterfaceStrDescriptor
                0x0000000008007d60       0x44 ./USB_DEVICE/App/usbd_desc.o
                0x0000000008007d60                USBD_FS_InterfaceStrDescriptor
 .text.Get_SerialNum
                0x0000000008007da4       0x5c ./USB_DEVICE/App/usbd_desc.o
 .text.IntToUnicode
                0x0000000008007e00       0x96 ./USB_DEVICE/App/usbd_desc.o
 *fill*         0x0000000008007e96        0x2 
 .text.HAL_PCD_MspInit
                0x0000000008007e98       0x40 ./USB_DEVICE/Target/usbd_conf.o
                0x0000000008007e98                HAL_PCD_MspInit
 .text.HAL_PCD_SetupStageCallback
                0x0000000008007ed8       0x2a ./USB_DEVICE/Target/usbd_conf.o
                0x0000000008007ed8                HAL_PCD_SetupStageCallback
 .text.HAL_PCD_DataOutStageCallback
                0x0000000008007f02       0x42 ./USB_DEVICE/Target/usbd_conf.o
                0x0000000008007f02                HAL_PCD_DataOutStageCallback
 .text.HAL_PCD_DataInStageCallback
                0x0000000008007f44       0x3c ./USB_DEVICE/Target/usbd_conf.o
                0x0000000008007f44                HAL_PCD_DataInStageCallback
 .text.HAL_PCD_SOFCallback
                0x0000000008007f80       0x1e ./USB_DEVICE/Target/usbd_conf.o
                0x0000000008007f80                HAL_PCD_SOFCallback
 .text.HAL_PCD_ResetCallback
                0x0000000008007f9e       0x48 ./USB_DEVICE/Target/usbd_conf.o
                0x0000000008007f9e                HAL_PCD_ResetCallback
 *fill*         0x0000000008007fe6        0x2 
 .text.HAL_PCD_SuspendCallback
                0x0000000008007fe8       0x38 ./USB_DEVICE/Target/usbd_conf.o
                0x0000000008007fe8                HAL_PCD_SuspendCallback
 .text.HAL_PCD_ResumeCallback
                0x0000000008008020       0x3c ./USB_DEVICE/Target/usbd_conf.o
                0x0000000008008020                HAL_PCD_ResumeCallback
 .text.USBD_LL_Init
                0x000000000800805c       0xa0 ./USB_DEVICE/Target/usbd_conf.o
                0x000000000800805c                USBD_LL_Init
 .text.USBD_LL_Start
                0x00000000080080fc       0x4a ./USB_DEVICE/Target/usbd_conf.o
                0x00000000080080fc                USBD_LL_Start
 .text.USBD_LL_OpenEP
                0x0000000008008146       0x6e ./USB_DEVICE/Target/usbd_conf.o
                0x0000000008008146                USBD_LL_OpenEP
 .text.USBD_LL_CloseEP
                0x00000000080081b4       0x56 ./USB_DEVICE/Target/usbd_conf.o
                0x00000000080081b4                USBD_LL_CloseEP
 .text.USBD_LL_StallEP
                0x000000000800820a       0x56 ./USB_DEVICE/Target/usbd_conf.o
                0x000000000800820a                USBD_LL_StallEP
 .text.USBD_LL_ClearStallEP
                0x0000000008008260       0x56 ./USB_DEVICE/Target/usbd_conf.o
                0x0000000008008260                USBD_LL_ClearStallEP
 .text.USBD_LL_IsStallEP
                0x00000000080082b6       0x62 ./USB_DEVICE/Target/usbd_conf.o
                0x00000000080082b6                USBD_LL_IsStallEP
 .text.USBD_LL_SetUSBAddress
                0x0000000008008318       0x56 ./USB_DEVICE/Target/usbd_conf.o
                0x0000000008008318                USBD_LL_SetUSBAddress
 .text.USBD_LL_Transmit
                0x000000000800836e       0x6e ./USB_DEVICE/Target/usbd_conf.o
                0x000000000800836e                USBD_LL_Transmit
 .text.USBD_LL_PrepareReceive
                0x00000000080083dc       0x6e ./USB_DEVICE/Target/usbd_conf.o
                0x00000000080083dc                USBD_LL_PrepareReceive
 *fill*         0x000000000800844a        0x2 
 .text.USBD_static_malloc
                0x000000000800844c       0x18 ./USB_DEVICE/Target/usbd_conf.o
                0x000000000800844c                USBD_static_malloc
 .text.USBD_static_free
                0x0000000008008464       0x10 ./USB_DEVICE/Target/usbd_conf.o
                0x0000000008008464                USBD_static_free
 .text.SystemClockConfig_Resume
                0x0000000008008474        0xe ./USB_DEVICE/Target/usbd_conf.o
 .text.USBD_Get_USB_Status
                0x0000000008008482       0x6e ./USB_DEVICE/Target/usbd_conf.o
 .text.__libc_init_array
                0x00000000080084f0       0x48 /Applications/STM32CubeIDE.app/Contents/Eclipse/plugins/com.st.stm32cube.ide.mcu.externaltools.gnu-tools-for-stm32.9-2020-q2-update.macos64_2.0.0.202105311346/tools/bin/../lib/gcc/arm-none-eabi/9.3.1/../../../../arm-none-eabi/lib/thumb/v6-m/nofp/libc_nano.a(lib_a-init.o)
                0x00000000080084f0                __libc_init_array
 .text.memset   0x0000000008008538       0x10 /Applications/STM32CubeIDE.app/Contents/Eclipse/plugins/com.st.stm32cube.ide.mcu.externaltools.gnu-tools-for-stm32.9-2020-q2-update.macos64_2.0.0.202105311346/tools/bin/../lib/gcc/arm-none-eabi/9.3.1/../../../../arm-none-eabi/lib/thumb/v6-m/nofp/libc_nano.a(lib_a-memset.o)
                0x0000000008008538                memset
 *(.glue_7)
 .glue_7        0x0000000008008548        0x0 linker stubs
 *(.glue_7t)
 .glue_7t       0x0000000008008548        0x0 linker stubs
 *(.eh_frame)
 .eh_frame      0x0000000008008548        0x0 /Applications/STM32CubeIDE.app/Contents/Eclipse/plugins/com.st.stm32cube.ide.mcu.externaltools.gnu-tools-for-stm32.9-2020-q2-update.macos64_2.0.0.202105311346/tools/bin/../lib/gcc/arm-none-eabi/9.3.1/thumb/v6-m/nofp/crtbegin.o
 *(.init)
 .init          0x0000000008008548        0x4 /Applications/STM32CubeIDE.app/Contents/Eclipse/plugins/com.st.stm32cube.ide.mcu.externaltools.gnu-tools-for-stm32.9-2020-q2-update.macos64_2.0.0.202105311346/tools/bin/../lib/gcc/arm-none-eabi/9.3.1/thumb/v6-m/nofp/crti.o
                0x0000000008008548                _init
 .init          0x000000000800854c        0x8 /Applications/STM32CubeIDE.app/Contents/Eclipse/plugins/com.st.stm32cube.ide.mcu.externaltools.gnu-tools-for-stm32.9-2020-q2-update.macos64_2.0.0.202105311346/tools/bin/../lib/gcc/arm-none-eabi/9.3.1/thumb/v6-m/nofp/crtn.o
 *(.fini)
 .fini          0x0000000008008554        0x4 /Applications/STM32CubeIDE.app/Contents/Eclipse/plugins/com.st.stm32cube.ide.mcu.externaltools.gnu-tools-for-stm32.9-2020-q2-update.macos64_2.0.0.202105311346/tools/bin/../lib/gcc/arm-none-eabi/9.3.1/thumb/v6-m/nofp/crti.o
                0x0000000008008554                _fini
 .fini          0x0000000008008558        0x8 /Applications/STM32CubeIDE.app/Contents/Eclipse/plugins/com.st.stm32cube.ide.mcu.externaltools.gnu-tools-for-stm32.9-2020-q2-update.macos64_2.0.0.202105311346/tools/bin/../lib/gcc/arm-none-eabi/9.3.1/thumb/v6-m/nofp/crtn.o
                0x0000000008008560                . = ALIGN (0x4)
                0x0000000008008560                _etext = .

.vfp11_veneer   0x0000000008008560        0x0
 .vfp11_veneer  0x0000000008008560        0x0 linker stubs

.v4_bx          0x0000000008008560        0x0
 .v4_bx         0x0000000008008560        0x0 linker stubs

.iplt           0x0000000008008560        0x0
 .iplt          0x0000000008008560        0x0 /Applications/STM32CubeIDE.app/Contents/Eclipse/plugins/com.st.stm32cube.ide.mcu.externaltools.gnu-tools-for-stm32.9-2020-q2-update.macos64_2.0.0.202105311346/tools/bin/../lib/gcc/arm-none-eabi/9.3.1/thumb/v6-m/nofp/crtbegin.o

.rodata         0x0000000008008560       0xc4
                0x0000000008008560                . = ALIGN (0x4)
 *(.rodata)
 .rodata        0x0000000008008560       0x46 ./USB_DEVICE/App/usbd_desc.o
 *(.rodata*)
 *fill*         0x00000000080085a6        0x2 
 .rodata.AHBPrescTable
                0x00000000080085a8       0x10 ./Core/Src/system_stm32l0xx.o
                0x00000000080085a8                AHBPrescTable
 .rodata.PLLMulTable
                0x00000000080085b8        0x9 ./Core/Src/system_stm32l0xx.o
                0x00000000080085b8                PLLMulTable
 *fill*         0x00000000080085c1        0x3 
 .rodata.USBD_StdDevReq
                0x00000000080085c4       0x28 ./Middlewares/USB_Device_Library/usbd_ctlreq.o
 .rodata.USBD_GetDescriptor
                0x00000000080085ec       0x38 ./Middlewares/USB_Device_Library/usbd_ctlreq.o
                0x0000000008008624                . = ALIGN (0x4)

.ARM.extab      0x0000000008008624        0x0
                0x0000000008008624                . = ALIGN (0x4)
 *(.ARM.extab* .gnu.linkonce.armextab.*)
                0x0000000008008624                . = ALIGN (0x4)

.ARM            0x0000000008008624        0x8
                0x0000000008008624                . = ALIGN (0x4)
                0x0000000008008624                __exidx_start = .
 *(.ARM.exidx*)
 .ARM.exidx     0x0000000008008624        0x8 /Applications/STM32CubeIDE.app/Contents/Eclipse/plugins/com.st.stm32cube.ide.mcu.externaltools.gnu-tools-for-stm32.9-2020-q2-update.macos64_2.0.0.202105311346/tools/bin/../lib/gcc/arm-none-eabi/9.3.1/thumb/v6-m/nofp/libgcc.a(_udivmoddi4.o)
                0x000000000800862c                __exidx_end = .
                0x000000000800862c                . = ALIGN (0x4)

.rel.dyn        0x000000000800862c        0x0
 .rel.iplt      0x000000000800862c        0x0 /Applications/STM32CubeIDE.app/Contents/Eclipse/plugins/com.st.stm32cube.ide.mcu.externaltools.gnu-tools-for-stm32.9-2020-q2-update.macos64_2.0.0.202105311346/tools/bin/../lib/gcc/arm-none-eabi/9.3.1/thumb/v6-m/nofp/crtbegin.o

.preinit_array  0x000000000800862c        0x0
                0x000000000800862c                . = ALIGN (0x4)
                0x000000000800862c                PROVIDE (__preinit_array_start = .)
 *(.preinit_array*)
                0x000000000800862c                PROVIDE (__preinit_array_end = .)
                0x000000000800862c                . = ALIGN (0x4)

.init_array     0x000000000800862c        0x4
                0x000000000800862c                . = ALIGN (0x4)
                0x000000000800862c                PROVIDE (__init_array_start = .)
 *(SORT_BY_NAME(.init_array.*))
 *(.init_array*)
 .init_array    0x000000000800862c        0x4 /Applications/STM32CubeIDE.app/Contents/Eclipse/plugins/com.st.stm32cube.ide.mcu.externaltools.gnu-tools-for-stm32.9-2020-q2-update.macos64_2.0.0.202105311346/tools/bin/../lib/gcc/arm-none-eabi/9.3.1/thumb/v6-m/nofp/crtbegin.o
                0x0000000008008630                PROVIDE (__init_array_end = .)
                0x0000000008008630                . = ALIGN (0x4)

.fini_array     0x0000000008008630        0x4
                0x0000000008008630                . = ALIGN (0x4)
                [!provide]                        PROVIDE (__fini_array_start = .)
 *(SORT_BY_NAME(.fini_array.*))
 *(.fini_array*)
 .fini_array    0x0000000008008630        0x4 /Applications/STM32CubeIDE.app/Contents/Eclipse/plugins/com.st.stm32cube.ide.mcu.externaltools.gnu-tools-for-stm32.9-2020-q2-update.macos64_2.0.0.202105311346/tools/bin/../lib/gcc/arm-none-eabi/9.3.1/thumb/v6-m/nofp/crtbegin.o
                [!provide]                        PROVIDE (__fini_array_end = .)
                0x0000000008008634                . = ALIGN (0x4)
                0x0000000008008634                _sidata = LOADADDR (.data)

.data           0x0000000020000000      0x170 load address 0x0000000008008634
                0x0000000020000000                . = ALIGN (0x4)
                0x0000000020000000                _sdata = .
 *(.data)
 *(.data*)
 .data.SystemCoreClock
                0x0000000020000000        0x4 ./Core/Src/system_stm32l0xx.o
                0x0000000020000000                SystemCoreClock
 .data.uwTickPrio
                0x0000000020000004        0x4 ./Drivers/STM32L0xx_HAL_Driver/stm32l0xx_hal.o
                0x0000000020000004                uwTickPrio
 .data.uwTickFreq
                0x0000000020000008        0x1 ./Drivers/STM32L0xx_HAL_Driver/stm32l0xx_hal.o
                0x0000000020000008                uwTickFreq
 *fill*         0x0000000020000009        0x3 
 .data.USBD_HID
                0x000000002000000c       0x38 ./Middlewares/USB_Device_Library/usbd_hid.o
                0x000000002000000c                USBD_HID
 .data.USBD_HID_CfgFSDesc
                0x0000000020000044       0x22 ./Middlewares/USB_Device_Library/usbd_hid.o
 *fill*         0x0000000020000066        0x2 
 .data.USBD_HID_CfgHSDesc
                0x0000000020000068       0x22 ./Middlewares/USB_Device_Library/usbd_hid.o
 *fill*         0x000000002000008a        0x2 
 .data.USBD_HID_OtherSpeedCfgDesc
                0x000000002000008c       0x22 ./Middlewares/USB_Device_Library/usbd_hid.o
 *fill*         0x00000000200000ae        0x2 
 .data.USBD_HID_Desc
                0x00000000200000b0        0x9 ./Middlewares/USB_Device_Library/usbd_hid.o
 *fill*         0x00000000200000b9        0x3 
 .data.USBD_HID_DeviceQualifierDesc
                0x00000000200000bc        0xa ./Middlewares/USB_Device_Library/usbd_hid.o
 *fill*         0x00000000200000c6        0x2 
 .data.HID_MOUSE_ReportDesc
                0x00000000200000c8       0x55 ./Middlewares/USB_Device_Library/usbd_hid.o
 *fill*         0x000000002000011d        0x3 
 .data.FS_Desc  0x0000000020000120       0x1c ./USB_DEVICE/App/usbd_desc.o
                0x0000000020000120                FS_Desc
 .data.USBD_FS_DeviceDesc
                0x000000002000013c       0x12 ./USB_DEVICE/App/usbd_desc.o
                0x000000002000013c                USBD_FS_DeviceDesc
 *fill*         0x000000002000014e        0x2 
 .data.USBD_LangIDDesc
                0x0000000020000150        0x4 ./USB_DEVICE/App/usbd_desc.o
                0x0000000020000150                USBD_LangIDDesc
 .data.USBD_StringSerial
                0x0000000020000154       0x1a ./USB_DEVICE/App/usbd_desc.o
                0x0000000020000154                USBD_StringSerial
 *(.RamFunc)
 *(.RamFunc*)
                0x0000000020000170                . = ALIGN (0x4)
 *fill*         0x000000002000016e        0x2 
                0x0000000020000170                _edata = .

.igot.plt       0x0000000020000170        0x0 load address 0x00000000080087a4
 .igot.plt      0x0000000020000170        0x0 /Applications/STM32CubeIDE.app/Contents/Eclipse/plugins/com.st.stm32cube.ide.mcu.externaltools.gnu-tools-for-stm32.9-2020-q2-update.macos64_2.0.0.202105311346/tools/bin/../lib/gcc/arm-none-eabi/9.3.1/thumb/v6-m/nofp/crtbegin.o
                0x0000000020000170                . = ALIGN (0x4)

.bss            0x0000000020000170      0x884 load address 0x00000000080087a4
                0x0000000020000170                _sbss = .
                0x0000000020000170                __bss_start__ = _sbss
 *(.bss)
 .bss           0x0000000020000170       0x1c /Applications/STM32CubeIDE.app/Contents/Eclipse/plugins/com.st.stm32cube.ide.mcu.externaltools.gnu-tools-for-stm32.9-2020-q2-update.macos64_2.0.0.202105311346/tools/bin/../lib/gcc/arm-none-eabi/9.3.1/thumb/v6-m/nofp/crtbegin.o
 *(.bss*)
 .bss.cfgidx.8061
                0x000000002000018c        0x1 ./Middlewares/USB_Device_Library/usbd_ctlreq.o
 *fill*         0x000000002000018d        0x3 
 .bss.mem.8101  0x0000000020000190       0x14 ./USB_DEVICE/Target/usbd_conf.o
 *(COMMON)
 COMMON         0x00000000200001a4       0x94 ./Core/Src/main.o
                0x00000000200001a4                BP_6
                0x00000000200001a5                CH
                0x00000000200001a6                BP_2
                0x00000000200001a7                hat_east
                0x00000000200001a8                BP_4
                0x00000000200001a9                BP_5
                0x00000000200001aa                BP_1
                0x00000000200001ab                hat_south
                0x00000000200001ac                hat_north
                0x00000000200001b0                ADC_VAL
                0x00000000200001c4                BP_3
                0x00000000200001c8                pumahid
                0x00000000200001da                hat_west
                0x00000000200001dc                hadc
 COMMON         0x0000000020000238        0x4 ./Drivers/STM32L0xx_HAL_Driver/stm32l0xx_hal.o
                0x0000000020000238                uwTick
 COMMON         0x000000002000023c      0x2c4 ./USB_DEVICE/App/usb_device.o
                0x000000002000023c                hUsbDeviceFS
 COMMON         0x0000000020000500      0x200 ./USB_DEVICE/App/usbd_desc.o
                0x0000000020000500                USBD_StrDesc
 COMMON         0x0000000020000700      0x2f4 ./USB_DEVICE/Target/usbd_conf.o
                0x0000000020000700                hpcd_USB_FS
                0x00000000200009f4                . = ALIGN (0x4)
                0x00000000200009f4                _ebss = .
                0x00000000200009f4                __bss_end__ = _ebss

._user_heap_stack
                0x00000000200009f4      0x604 load address 0x00000000080087a4
                0x00000000200009f8                . = ALIGN (0x8)
 *fill*         0x00000000200009f4        0x4 
                [!provide]                        PROVIDE (end = .)
                0x00000000200009f8                PROVIDE (_end = .)
                0x0000000020000bf8                . = (. + _Min_Heap_Size)
 *fill*         0x00000000200009f8      0x200 
                0x0000000020000ff8                . = (. + _Min_Stack_Size)
 *fill*         0x0000000020000bf8      0x400 
                0x0000000020000ff8                . = ALIGN (0x8)

/DISCARD/
 libc.a(*)
 libm.a(*)
 libgcc.a(*)

.ARM.attributes
                0x0000000000000000       0x28
 *(.ARM.attributes)
 .ARM.attributes
                0x0000000000000000       0x1e /Applications/STM32CubeIDE.app/Contents/Eclipse/plugins/com.st.stm32cube.ide.mcu.externaltools.gnu-tools-for-stm32.9-2020-q2-update.macos64_2.0.0.202105311346/tools/bin/../lib/gcc/arm-none-eabi/9.3.1/thumb/v6-m/nofp/crti.o
 .ARM.attributes
                0x000000000000001e       0x2c /Applications/STM32CubeIDE.app/Contents/Eclipse/plugins/com.st.stm32cube.ide.mcu.externaltools.gnu-tools-for-stm32.9-2020-q2-update.macos64_2.0.0.202105311346/tools/bin/../lib/gcc/arm-none-eabi/9.3.1/thumb/v6-m/nofp/crtbegin.o
 .ARM.attributes
                0x000000000000004a       0x2c ./Core/Src/main.o
 .ARM.attributes
                0x0000000000000076       0x2c ./Core/Src/stm32l0xx_hal_msp.o
 .ARM.attributes
                0x00000000000000a2       0x2c ./Core/Src/stm32l0xx_it.o
 .ARM.attributes
                0x00000000000000ce       0x2c ./Core/Src/system_stm32l0xx.o
 .ARM.attributes
                0x00000000000000fa       0x22 ./Core/Startup/startup_stm32l073cztx.o
 .ARM.attributes
                0x000000000000011c       0x2c ./Drivers/STM32L0xx_HAL_Driver/stm32l0xx_hal.o
 .ARM.attributes
                0x0000000000000148       0x2c ./Drivers/STM32L0xx_HAL_Driver/stm32l0xx_hal_adc.o
 .ARM.attributes
                0x0000000000000174       0x2c ./Drivers/STM32L0xx_HAL_Driver/stm32l0xx_hal_cortex.o
 .ARM.attributes
                0x00000000000001a0       0x2c ./Drivers/STM32L0xx_HAL_Driver/stm32l0xx_hal_gpio.o
 .ARM.attributes
                0x00000000000001cc       0x2c ./Drivers/STM32L0xx_HAL_Driver/stm32l0xx_hal_pcd.o
 .ARM.attributes
                0x00000000000001f8       0x2c ./Drivers/STM32L0xx_HAL_Driver/stm32l0xx_hal_pcd_ex.o
 .ARM.attributes
                0x0000000000000224       0x2c ./Drivers/STM32L0xx_HAL_Driver/stm32l0xx_hal_rcc.o
 .ARM.attributes
                0x0000000000000250       0x2c ./Drivers/STM32L0xx_HAL_Driver/stm32l0xx_hal_rcc_ex.o
 .ARM.attributes
                0x000000000000027c       0x2c ./Drivers/STM32L0xx_HAL_Driver/stm32l0xx_ll_usb.o
 .ARM.attributes
                0x00000000000002a8       0x2c ./Middlewares/USB_Device_Library/usbd_core.o
 .ARM.attributes
                0x00000000000002d4       0x2c ./Middlewares/USB_Device_Library/usbd_ctlreq.o
 .ARM.attributes
                0x0000000000000300       0x2c ./Middlewares/USB_Device_Library/usbd_hid.o
 .ARM.attributes
                0x000000000000032c       0x2c ./Middlewares/USB_Device_Library/usbd_ioreq.o
 .ARM.attributes
                0x0000000000000358       0x2c ./USB_DEVICE/App/usb_device.o
 .ARM.attributes
                0x0000000000000384       0x2c ./USB_DEVICE/App/usbd_desc.o
 .ARM.attributes
                0x00000000000003b0       0x2c ./USB_DEVICE/Target/usbd_conf.o
 .ARM.attributes
                0x00000000000003dc       0x2c /Applications/STM32CubeIDE.app/Contents/Eclipse/plugins/com.st.stm32cube.ide.mcu.externaltools.gnu-tools-for-stm32.9-2020-q2-update.macos64_2.0.0.202105311346/tools/bin/../lib/gcc/arm-none-eabi/9.3.1/../../../../arm-none-eabi/lib/thumb/v6-m/nofp/libc_nano.a(lib_a-init.o)
 .ARM.attributes
                0x0000000000000408       0x2c /Applications/STM32CubeIDE.app/Contents/Eclipse/plugins/com.st.stm32cube.ide.mcu.externaltools.gnu-tools-for-stm32.9-2020-q2-update.macos64_2.0.0.202105311346/tools/bin/../lib/gcc/arm-none-eabi/9.3.1/../../../../arm-none-eabi/lib/thumb/v6-m/nofp/libc_nano.a(lib_a-memset.o)
 .ARM.attributes
                0x0000000000000434       0x1e /Applications/STM32CubeIDE.app/Contents/Eclipse/plugins/com.st.stm32cube.ide.mcu.externaltools.gnu-tools-for-stm32.9-2020-q2-update.macos64_2.0.0.202105311346/tools/bin/../lib/gcc/arm-none-eabi/9.3.1/thumb/v6-m/nofp/libgcc.a(_udivsi3.o)
 .ARM.attributes
                0x0000000000000452       0x1e /Applications/STM32CubeIDE.app/Contents/Eclipse/plugins/com.st.stm32cube.ide.mcu.externaltools.gnu-tools-for-stm32.9-2020-q2-update.macos64_2.0.0.202105311346/tools/bin/../lib/gcc/arm-none-eabi/9.3.1/thumb/v6-m/nofp/libgcc.a(_dvmd_tls.o)
 .ARM.attributes
                0x0000000000000470       0x1e /Applications/STM32CubeIDE.app/Contents/Eclipse/plugins/com.st.stm32cube.ide.mcu.externaltools.gnu-tools-for-stm32.9-2020-q2-update.macos64_2.0.0.202105311346/tools/bin/../lib/gcc/arm-none-eabi/9.3.1/thumb/v6-m/nofp/libgcc.a(_aeabi_uldivmod.o)
 .ARM.attributes
                0x000000000000048e       0x2c /Applications/STM32CubeIDE.app/Contents/Eclipse/plugins/com.st.stm32cube.ide.mcu.externaltools.gnu-tools-for-stm32.9-2020-q2-update.macos64_2.0.0.202105311346/tools/bin/../lib/gcc/arm-none-eabi/9.3.1/thumb/v6-m/nofp/libgcc.a(_muldi3.o)
 .ARM.attributes
                0x00000000000004ba       0x2c /Applications/STM32CubeIDE.app/Contents/Eclipse/plugins/com.st.stm32cube.ide.mcu.externaltools.gnu-tools-for-stm32.9-2020-q2-update.macos64_2.0.0.202105311346/tools/bin/../lib/gcc/arm-none-eabi/9.3.1/thumb/v6-m/nofp/libgcc.a(_udivmoddi4.o)
 .ARM.attributes
                0x00000000000004e6       0x1e /Applications/STM32CubeIDE.app/Contents/Eclipse/plugins/com.st.stm32cube.ide.mcu.externaltools.gnu-tools-for-stm32.9-2020-q2-update.macos64_2.0.0.202105311346/tools/bin/../lib/gcc/arm-none-eabi/9.3.1/thumb/v6-m/nofp/libgcc.a(_clzdi2.o)
 .ARM.attributes
                0x0000000000000504       0x1e /Applications/STM32CubeIDE.app/Contents/Eclipse/plugins/com.st.stm32cube.ide.mcu.externaltools.gnu-tools-for-stm32.9-2020-q2-update.macos64_2.0.0.202105311346/tools/bin/../lib/gcc/arm-none-eabi/9.3.1/thumb/v6-m/nofp/libgcc.a(_clzsi2.o)
 .ARM.attributes
                0x0000000000000522       0x1e /Applications/STM32CubeIDE.app/Contents/Eclipse/plugins/com.st.stm32cube.ide.mcu.externaltools.gnu-tools-for-stm32.9-2020-q2-update.macos64_2.0.0.202105311346/tools/bin/../lib/gcc/arm-none-eabi/9.3.1/thumb/v6-m/nofp/crtn.o
OUTPUT(Simulateur_USB_HID.elf elf32-littlearm)
LOAD linker stubs
LOAD /Applications/STM32CubeIDE.app/Contents/Eclipse/plugins/com.st.stm32cube.ide.mcu.externaltools.gnu-tools-for-stm32.9-2020-q2-update.macos64_2.0.0.202105311346/tools/bin/../lib/gcc/arm-none-eabi/9.3.1/../../../../arm-none-eabi/lib/thumb/v6-m/nofp/libc.a
LOAD /Applications/STM32CubeIDE.app/Contents/Eclipse/plugins/com.st.stm32cube.ide.mcu.externaltools.gnu-tools-for-stm32.9-2020-q2-update.macos64_2.0.0.202105311346/tools/bin/../lib/gcc/arm-none-eabi/9.3.1/../../../../arm-none-eabi/lib/thumb/v6-m/nofp/libm.a
LOAD /Applications/STM32CubeIDE.app/Contents/Eclipse/plugins/com.st.stm32cube.ide.mcu.externaltools.gnu-tools-for-stm32.9-2020-q2-update.macos64_2.0.0.202105311346/tools/bin/../lib/gcc/arm-none-eabi/9.3.1/thumb/v6-m/nofp/libgcc.a

.debug_info     0x0000000000000000    0x12408
 .debug_info    0x0000000000000000     0x1b45 ./Core/Src/main.o
 .debug_info    0x0000000000001b45      0x94e ./Core/Src/stm32l0xx_hal_msp.o
 .debug_info    0x0000000000002493      0x71d ./Core/Src/stm32l0xx_it.o
 .debug_info    0x0000000000002bb0      0x363 ./Core/Src/system_stm32l0xx.o
 .debug_info    0x0000000000002f13       0x22 ./Core/Startup/startup_stm32l073cztx.o
 .debug_info    0x0000000000002f35      0x92f ./Drivers/STM32L0xx_HAL_Driver/stm32l0xx_hal.o
 .debug_info    0x0000000000003864      0xe01 ./Drivers/STM32L0xx_HAL_Driver/stm32l0xx_hal_adc.o
 .debug_info    0x0000000000004665      0x9af ./Drivers/STM32L0xx_HAL_Driver/stm32l0xx_hal_cortex.o
 .debug_info    0x0000000000005014      0x790 ./Drivers/STM32L0xx_HAL_Driver/stm32l0xx_hal_gpio.o
 .debug_info    0x00000000000057a4     0x1578 ./Drivers/STM32L0xx_HAL_Driver/stm32l0xx_hal_pcd.o
 .debug_info    0x0000000000006d1c      0x93d ./Drivers/STM32L0xx_HAL_Driver/stm32l0xx_hal_pcd_ex.o
 .debug_info    0x0000000000007659      0xa85 ./Drivers/STM32L0xx_HAL_Driver/stm32l0xx_hal_rcc.o
 .debug_info    0x00000000000080de      0x8e9 ./Drivers/STM32L0xx_HAL_Driver/stm32l0xx_hal_rcc_ex.o
 .debug_info    0x00000000000089c7     0x1749 ./Drivers/STM32L0xx_HAL_Driver/stm32l0xx_ll_usb.o
 .debug_info    0x000000000000a110     0x12e9 ./Middlewares/USB_Device_Library/usbd_core.o
 .debug_info    0x000000000000b3f9     0x1256 ./Middlewares/USB_Device_Library/usbd_ctlreq.o
 .debug_info    0x000000000000c64f     0x1249 ./Middlewares/USB_Device_Library/usbd_hid.o
 .debug_info    0x000000000000d898     0x1028 ./Middlewares/USB_Device_Library/usbd_ioreq.o
 .debug_info    0x000000000000e8c0      0xea9 ./USB_DEVICE/App/usb_device.o
 .debug_info    0x000000000000f769      0xde2 ./USB_DEVICE/App/usbd_desc.o
 .debug_info    0x000000000001054b     0x1ebd ./USB_DEVICE/Target/usbd_conf.o

.debug_abbrev   0x0000000000000000     0x2e41
 .debug_abbrev  0x0000000000000000      0x2f0 ./Core/Src/main.o
 .debug_abbrev  0x00000000000002f0      0x1b2 ./Core/Src/stm32l0xx_hal_msp.o
 .debug_abbrev  0x00000000000004a2      0x1a7 ./Core/Src/stm32l0xx_it.o
 .debug_abbrev  0x0000000000000649      0x145 ./Core/Src/system_stm32l0xx.o
 .debug_abbrev  0x000000000000078e       0x12 ./Core/Startup/startup_stm32l073cztx.o
 .debug_abbrev  0x00000000000007a0      0x267 ./Drivers/STM32L0xx_HAL_Driver/stm32l0xx_hal.o
 .debug_abbrev  0x0000000000000a07      0x222 ./Drivers/STM32L0xx_HAL_Driver/stm32l0xx_hal_adc.o
 .debug_abbrev  0x0000000000000c29      0x2b4 ./Drivers/STM32L0xx_HAL_Driver/stm32l0xx_hal_cortex.o
 .debug_abbrev  0x0000000000000edd      0x1e8 ./Drivers/STM32L0xx_HAL_Driver/stm32l0xx_hal_gpio.o
 .debug_abbrev  0x00000000000010c5      0x29e ./Drivers/STM32L0xx_HAL_Driver/stm32l0xx_hal_pcd.o
 .debug_abbrev  0x0000000000001363      0x219 ./Drivers/STM32L0xx_HAL_Driver/stm32l0xx_hal_pcd_ex.o
 .debug_abbrev  0x000000000000157c      0x246 ./Drivers/STM32L0xx_HAL_Driver/stm32l0xx_hal_rcc.o
 .debug_abbrev  0x00000000000017c2      0x20b ./Drivers/STM32L0xx_HAL_Driver/stm32l0xx_hal_rcc_ex.o
 .debug_abbrev  0x00000000000019cd      0x25c ./Drivers/STM32L0xx_HAL_Driver/stm32l0xx_ll_usb.o
 .debug_abbrev  0x0000000000001c29      0x2a8 ./Middlewares/USB_Device_Library/usbd_core.o
 .debug_abbrev  0x0000000000001ed1      0x2de ./Middlewares/USB_Device_Library/usbd_ctlreq.o
 .debug_abbrev  0x00000000000021af      0x2b7 ./Middlewares/USB_Device_Library/usbd_hid.o
 .debug_abbrev  0x0000000000002466      0x20a ./Middlewares/USB_Device_Library/usbd_ioreq.o
 .debug_abbrev  0x0000000000002670      0x1db ./USB_DEVICE/App/usb_device.o
 .debug_abbrev  0x000000000000284b      0x2ca ./USB_DEVICE/App/usbd_desc.o
 .debug_abbrev  0x0000000000002b15      0x32c ./USB_DEVICE/Target/usbd_conf.o

.debug_aranges  0x0000000000000000      0xb48
 .debug_aranges
                0x0000000000000000       0x48 ./Core/Src/main.o
 .debug_aranges
                0x0000000000000048       0x30 ./Core/Src/stm32l0xx_hal_msp.o
 .debug_aranges
                0x0000000000000078       0x48 ./Core/Src/stm32l0xx_it.o
 .debug_aranges
                0x00000000000000c0       0x28 ./Core/Src/system_stm32l0xx.o
 .debug_aranges
                0x00000000000000e8       0x28 ./Core/Startup/startup_stm32l073cztx.o
 .debug_aranges
                0x0000000000000110      0x110 ./Drivers/STM32L0xx_HAL_Driver/stm32l0xx_hal.o
 .debug_aranges
                0x0000000000000220      0x100 ./Drivers/STM32L0xx_HAL_Driver/stm32l0xx_hal_adc.o
 .debug_aranges
                0x0000000000000320       0xd8 ./Drivers/STM32L0xx_HAL_Driver/stm32l0xx_hal_cortex.o
 .debug_aranges
                0x00000000000003f8       0x58 ./Drivers/STM32L0xx_HAL_Driver/stm32l0xx_hal_gpio.o
 .debug_aranges
                0x0000000000000450      0x130 ./Drivers/STM32L0xx_HAL_Driver/stm32l0xx_hal_pcd.o
 .debug_aranges
                0x0000000000000580       0x58 ./Drivers/STM32L0xx_HAL_Driver/stm32l0xx_hal_pcd_ex.o
 .debug_aranges
                0x00000000000005d8       0x80 ./Drivers/STM32L0xx_HAL_Driver/stm32l0xx_hal_rcc.o
 .debug_aranges
                0x0000000000000658       0xb0 ./Drivers/STM32L0xx_HAL_Driver/stm32l0xx_hal_rcc_ex.o
 .debug_aranges
                0x0000000000000708       0xb0 ./Drivers/STM32L0xx_HAL_Driver/stm32l0xx_ll_usb.o
 .debug_aranges
                0x00000000000007b8       0xb8 ./Middlewares/USB_Device_Library/usbd_core.o
 .debug_aranges
                0x0000000000000870       0x88 ./Middlewares/USB_Device_Library/usbd_ctlreq.o
 .debug_aranges
                0x00000000000008f8       0x68 ./Middlewares/USB_Device_Library/usbd_hid.o
 .debug_aranges
                0x0000000000000960       0x50 ./Middlewares/USB_Device_Library/usbd_ioreq.o
 .debug_aranges
                0x00000000000009b0       0x20 ./USB_DEVICE/App/usb_device.o
 .debug_aranges
                0x00000000000009d0       0x60 ./USB_DEVICE/App/usbd_desc.o
 .debug_aranges
                0x0000000000000a30      0x118 ./USB_DEVICE/Target/usbd_conf.o

.debug_ranges   0x0000000000000000      0xa00
 .debug_ranges  0x0000000000000000       0x38 ./Core/Src/main.o
 .debug_ranges  0x0000000000000038       0x20 ./Core/Src/stm32l0xx_hal_msp.o
 .debug_ranges  0x0000000000000058       0x38 ./Core/Src/stm32l0xx_it.o
 .debug_ranges  0x0000000000000090       0x18 ./Core/Src/system_stm32l0xx.o
 .debug_ranges  0x00000000000000a8       0x20 ./Core/Startup/startup_stm32l073cztx.o
 .debug_ranges  0x00000000000000c8      0x100 ./Drivers/STM32L0xx_HAL_Driver/stm32l0xx_hal.o
 .debug_ranges  0x00000000000001c8       0xf0 ./Drivers/STM32L0xx_HAL_Driver/stm32l0xx_hal_adc.o
 .debug_ranges  0x00000000000002b8       0xc8 ./Drivers/STM32L0xx_HAL_Driver/stm32l0xx_hal_cortex.o
 .debug_ranges  0x0000000000000380       0x48 ./Drivers/STM32L0xx_HAL_Driver/stm32l0xx_hal_gpio.o
 .debug_ranges  0x00000000000003c8      0x120 ./Drivers/STM32L0xx_HAL_Driver/stm32l0xx_hal_pcd.o
 .debug_ranges  0x00000000000004e8       0x48 ./Drivers/STM32L0xx_HAL_Driver/stm32l0xx_hal_pcd_ex.o
 .debug_ranges  0x0000000000000530       0x70 ./Drivers/STM32L0xx_HAL_Driver/stm32l0xx_hal_rcc.o
 .debug_ranges  0x00000000000005a0       0xa0 ./Drivers/STM32L0xx_HAL_Driver/stm32l0xx_hal_rcc_ex.o
 .debug_ranges  0x0000000000000640       0xa0 ./Drivers/STM32L0xx_HAL_Driver/stm32l0xx_ll_usb.o
 .debug_ranges  0x00000000000006e0       0xa8 ./Middlewares/USB_Device_Library/usbd_core.o
 .debug_ranges  0x0000000000000788       0x78 ./Middlewares/USB_Device_Library/usbd_ctlreq.o
 .debug_ranges  0x0000000000000800       0x58 ./Middlewares/USB_Device_Library/usbd_hid.o
 .debug_ranges  0x0000000000000858       0x40 ./Middlewares/USB_Device_Library/usbd_ioreq.o
 .debug_ranges  0x0000000000000898       0x10 ./USB_DEVICE/App/usb_device.o
 .debug_ranges  0x00000000000008a8       0x50 ./USB_DEVICE/App/usbd_desc.o
 .debug_ranges  0x00000000000008f8      0x108 ./USB_DEVICE/Target/usbd_conf.o

.debug_macro    0x0000000000000000    0x16f5c
 .debug_macro   0x0000000000000000      0x413 ./Core/Src/main.o
 .debug_macro   0x0000000000000413      0xa7e ./Core/Src/main.o
 .debug_macro   0x0000000000000e91      0x125 ./Core/Src/main.o
 .debug_macro   0x0000000000000fb6       0x2e ./Core/Src/main.o
 .debug_macro   0x0000000000000fe4       0x28 ./Core/Src/main.o
 .debug_macro   0x000000000000100c       0x22 ./Core/Src/main.o
 .debug_macro   0x000000000000102e       0x8e ./Core/Src/main.o
 .debug_macro   0x00000000000010bc       0x51 ./Core/Src/main.o
 .debug_macro   0x000000000000110d      0x103 ./Core/Src/main.o
 .debug_macro   0x0000000000001210       0x6a ./Core/Src/main.o
 .debug_macro   0x000000000000127a      0x1df ./Core/Src/main.o
 .debug_macro   0x0000000000001459       0x1c ./Core/Src/main.o
 .debug_macro   0x0000000000001475       0x22 ./Core/Src/main.o
 .debug_macro   0x0000000000001497       0xb5 ./Core/Src/main.o
 .debug_macro   0x000000000000154c      0x4da ./Core/Src/main.o
 .debug_macro   0x0000000000001a26      0x11f ./Core/Src/main.o
 .debug_macro   0x0000000000001b45     0xa44c ./Core/Src/main.o
 .debug_macro   0x000000000000bf91       0x66 ./Core/Src/main.o
 .debug_macro   0x000000000000bff7     0x355c ./Core/Src/main.o
 .debug_macro   0x000000000000f553      0x174 ./Core/Src/main.o
 .debug_macro   0x000000000000f6c7       0x5b ./Core/Src/main.o
 .debug_macro   0x000000000000f722      0x8eb ./Core/Src/main.o
 .debug_macro   0x000000000001000d      0xbb4 ./Core/Src/main.o
 .debug_macro   0x0000000000010bc1      0x197 ./Core/Src/main.o
 .debug_macro   0x0000000000010d58      0x13f ./Core/Src/main.o
 .debug_macro   0x0000000000010e97      0x1d1 ./Core/Src/main.o
 .debug_macro   0x0000000000011068       0x82 ./Core/Src/main.o
 .debug_macro   0x00000000000110ea      0x28e ./Core/Src/main.o
 .debug_macro   0x0000000000011378      0x1e9 ./Core/Src/main.o
 .debug_macro   0x0000000000011561      0x4ef ./Core/Src/main.o
 .debug_macro   0x0000000000011a50       0x6b ./Core/Src/main.o
 .debug_macro   0x0000000000011abb      0x13e ./Core/Src/main.o
 .debug_macro   0x0000000000011bf9      0x4b5 ./Core/Src/main.o
 .debug_macro   0x00000000000120ae      0x22c ./Core/Src/main.o
 .debug_macro   0x00000000000122da       0x5b ./Core/Src/main.o
 .debug_macro   0x0000000000012335       0xa5 ./Core/Src/main.o
 .debug_macro   0x00000000000123da      0x18d ./Core/Src/main.o
 .debug_macro   0x0000000000012567       0x16 ./Core/Src/main.o
 .debug_macro   0x000000000001257d       0x65 ./Core/Src/main.o
 .debug_macro   0x00000000000125e2      0x234 ./Core/Src/main.o
 .debug_macro   0x0000000000012816      0x1a2 ./Core/Src/main.o
 .debug_macro   0x00000000000129b8       0x1c ./Core/Src/main.o
 .debug_macro   0x00000000000129d4       0x52 ./Core/Src/main.o
 .debug_macro   0x0000000000012a26       0x18 ./Core/Src/main.o
 .debug_macro   0x0000000000012a3e       0x3c ./Core/Src/main.o
 .debug_macro   0x0000000000012a7a       0x34 ./Core/Src/main.o
 .debug_macro   0x0000000000012aae       0x16 ./Core/Src/main.o
 .debug_macro   0x0000000000012ac4       0x35 ./Core/Src/main.o
 .debug_macro   0x0000000000012af9      0x333 ./Core/Src/main.o
 .debug_macro   0x0000000000012e2c       0x10 ./Core/Src/main.o
 .debug_macro   0x0000000000012e3c       0x16 ./Core/Src/main.o
 .debug_macro   0x0000000000012e52       0x43 ./Core/Src/main.o
 .debug_macro   0x0000000000012e95       0x34 ./Core/Src/main.o
 .debug_macro   0x0000000000012ec9       0x10 ./Core/Src/main.o
 .debug_macro   0x0000000000012ed9       0x58 ./Core/Src/main.o
 .debug_macro   0x0000000000012f31       0x71 ./Core/Src/main.o
 .debug_macro   0x0000000000012fa2       0x1c ./Core/Src/main.o
 .debug_macro   0x0000000000012fbe      0x12a ./Core/Src/main.o
 .debug_macro   0x00000000000130e8       0x10 ./Core/Src/main.o
 .debug_macro   0x00000000000130f8       0x1c ./Core/Src/main.o
 .debug_macro   0x0000000000013114       0x52 ./Core/Src/main.o
 .debug_macro   0x0000000000013166       0x22 ./Core/Src/main.o
 .debug_macro   0x0000000000013188       0x10 ./Core/Src/main.o
 .debug_macro   0x0000000000013198       0x40 ./Core/Src/main.o
 .debug_macro   0x00000000000131d8       0xd5 ./Core/Src/main.o
 .debug_macro   0x00000000000132ad       0x1c ./Core/Src/main.o
 .debug_macro   0x00000000000132c9       0x3d ./Core/Src/main.o
 .debug_macro   0x0000000000013306       0x16 ./Core/Src/main.o
 .debug_macro   0x000000000001331c      0x145 ./Core/Src/main.o
 .debug_macro   0x0000000000013461       0x16 ./Core/Src/main.o
 .debug_macro   0x0000000000013477       0x16 ./Core/Src/main.o
 .debug_macro   0x000000000001348d       0x29 ./Core/Src/main.o
 .debug_macro   0x00000000000134b6       0x16 ./Core/Src/main.o
 .debug_macro   0x00000000000134cc       0x20 ./Core/Src/main.o
 .debug_macro   0x00000000000134ec       0x5f ./Core/Src/main.o
 .debug_macro   0x000000000001354b      0x1c8 ./Core/Src/main.o
 .debug_macro   0x0000000000013713       0x5e ./Core/Src/main.o
 .debug_macro   0x0000000000013771      0x1ed ./Core/Src/stm32l0xx_hal_msp.o
 .debug_macro   0x000000000001395e      0x1f7 ./Core/Src/stm32l0xx_it.o
 .debug_macro   0x0000000000013b55      0x1de ./Core/Src/system_stm32l0xx.o
 .debug_macro   0x0000000000013d33      0x202 ./Drivers/STM32L0xx_HAL_Driver/stm32l0xx_hal.o
 .debug_macro   0x0000000000013f35      0x1ed ./Drivers/STM32L0xx_HAL_Driver/stm32l0xx_hal_adc.o
 .debug_macro   0x0000000000014122      0x1de ./Drivers/STM32L0xx_HAL_Driver/stm32l0xx_hal_cortex.o
 .debug_macro   0x0000000000014300      0x1e5 ./Drivers/STM32L0xx_HAL_Driver/stm32l0xx_hal_gpio.o
 .debug_macro   0x00000000000144e5      0x1ea ./Drivers/STM32L0xx_HAL_Driver/stm32l0xx_hal_pcd.o
 .debug_macro   0x00000000000146cf      0x1de ./Drivers/STM32L0xx_HAL_Driver/stm32l0xx_hal_pcd_ex.o
 .debug_macro   0x00000000000148ad      0x214 ./Drivers/STM32L0xx_HAL_Driver/stm32l0xx_hal_rcc.o
 .debug_macro   0x0000000000014ac1      0x1de ./Drivers/STM32L0xx_HAL_Driver/stm32l0xx_hal_rcc_ex.o
 .debug_macro   0x0000000000014c9f      0x1de ./Drivers/STM32L0xx_HAL_Driver/stm32l0xx_ll_usb.o
 .debug_macro   0x0000000000014e7d      0x3ea ./Middlewares/USB_Device_Library/usbd_core.o
 .debug_macro   0x0000000000015267       0x97 ./Middlewares/USB_Device_Library/usbd_core.o
 .debug_macro   0x00000000000152fe       0xfd ./Middlewares/USB_Device_Library/usbd_core.o
 .debug_macro   0x00000000000153fb       0xaf ./Middlewares/USB_Device_Library/usbd_core.o
 .debug_macro   0x00000000000154aa       0x55 ./Middlewares/USB_Device_Library/usbd_core.o
 .debug_macro   0x00000000000154ff      0x1ce ./Middlewares/USB_Device_Library/usbd_core.o
 .debug_macro   0x00000000000156cd      0x3f4 ./Middlewares/USB_Device_Library/usbd_ctlreq.o
 .debug_macro   0x0000000000015ac1      0x403 ./Middlewares/USB_Device_Library/usbd_hid.o
 .debug_macro   0x0000000000015ec4      0x3f0 ./Middlewares/USB_Device_Library/usbd_ioreq.o
 .debug_macro   0x00000000000162b4      0x41a ./USB_DEVICE/App/usb_device.o
 .debug_macro   0x00000000000166ce       0x22 ./USB_DEVICE/App/usb_device.o
 .debug_macro   0x00000000000166f0       0x22 ./USB_DEVICE/App/usb_device.o
 .debug_macro   0x0000000000016712      0x427 ./USB_DEVICE/App/usbd_desc.o
 .debug_macro   0x0000000000016b39       0x1c ./USB_DEVICE/App/usbd_desc.o
 .debug_macro   0x0000000000016b55      0x407 ./USB_DEVICE/Target/usbd_conf.o

.debug_line     0x0000000000000000    0x114bd
 .debug_line    0x0000000000000000      0xdaf ./Core/Src/main.o
 .debug_line    0x0000000000000daf      0x889 ./Core/Src/stm32l0xx_hal_msp.o
 .debug_line    0x0000000000001638      0x8be ./Core/Src/stm32l0xx_it.o
 .debug_line    0x0000000000001ef6      0x8f1 ./Core/Src/system_stm32l0xx.o
 .debug_line    0x00000000000027e7       0x89 ./Core/Startup/startup_stm32l073cztx.o
 .debug_line    0x0000000000002870      0xbd4 ./Drivers/STM32L0xx_HAL_Driver/stm32l0xx_hal.o
 .debug_line    0x0000000000003444     0x12dd ./Drivers/STM32L0xx_HAL_Driver/stm32l0xx_hal_adc.o
 .debug_line    0x0000000000004721      0xca2 ./Drivers/STM32L0xx_HAL_Driver/stm32l0xx_hal_cortex.o
 .debug_line    0x00000000000053c3      0xc79 ./Drivers/STM32L0xx_HAL_Driver/stm32l0xx_hal_gpio.o
 .debug_line    0x000000000000603c     0x147e ./Drivers/STM32L0xx_HAL_Driver/stm32l0xx_hal_pcd.o
 .debug_line    0x00000000000074ba      0x9f5 ./Drivers/STM32L0xx_HAL_Driver/stm32l0xx_hal_pcd_ex.o
 .debug_line    0x0000000000007eaf     0x1060 ./Drivers/STM32L0xx_HAL_Driver/stm32l0xx_hal_rcc.o
 .debug_line    0x0000000000008f0f      0xf83 ./Drivers/STM32L0xx_HAL_Driver/stm32l0xx_hal_rcc_ex.o
 .debug_line    0x0000000000009e92     0x10b0 ./Drivers/STM32L0xx_HAL_Driver/stm32l0xx_ll_usb.o
 .debug_line    0x000000000000af42      0xfda ./Middlewares/USB_Device_Library/usbd_core.o
 .debug_line    0x000000000000bf1c     0x11f6 ./Middlewares/USB_Device_Library/usbd_ctlreq.o
 .debug_line    0x000000000000d112      0xe51 ./Middlewares/USB_Device_Library/usbd_hid.o
 .debug_line    0x000000000000df63      0xc70 ./Middlewares/USB_Device_Library/usbd_ioreq.o
 .debug_line    0x000000000000ebd3      0xc15 ./USB_DEVICE/App/usb_device.o
 .debug_line    0x000000000000f7e8      0xcb9 ./USB_DEVICE/App/usbd_desc.o
 .debug_line    0x00000000000104a1     0x101c ./USB_DEVICE/Target/usbd_conf.o

.debug_str      0x0000000000000000    0x816cb
 .debug_str     0x0000000000000000    0x7ea30 ./Core/Src/main.o
                                      0x7eec9 (size before relaxing)
 .debug_str     0x000000000007ea30       0x4e ./Core/Src/stm32l0xx_hal_msp.o
                                      0x79a43 (size before relaxing)
 .debug_str     0x000000000007ea7e      0x381 ./Core/Src/stm32l0xx_it.o
                                      0x7993b (size before relaxing)
 .debug_str     0x000000000007edff       0x61 ./Core/Src/system_stm32l0xx.o
                                      0x795a7 (size before relaxing)
 .debug_str     0x000000000007ee60       0x36 ./Core/Startup/startup_stm32l073cztx.o
                                         0x95 (size before relaxing)
 .debug_str     0x000000000007ee96      0x5ba ./Drivers/STM32L0xx_HAL_Driver/stm32l0xx_hal.o
                                      0x79c9f (size before relaxing)
 .debug_str     0x000000000007f450      0x385 ./Drivers/STM32L0xx_HAL_Driver/stm32l0xx_hal_adc.o
                                      0x79cd2 (size before relaxing)
 .debug_str     0x000000000007f7d5      0x2fc ./Drivers/STM32L0xx_HAL_Driver/stm32l0xx_hal_cortex.o
                                      0x79aa4 (size before relaxing)
 .debug_str     0x000000000007fad1      0x16e ./Drivers/STM32L0xx_HAL_Driver/stm32l0xx_hal_gpio.o
                                      0x797d1 (size before relaxing)
 .debug_str     0x000000000007fc3f      0x418 ./Drivers/STM32L0xx_HAL_Driver/stm32l0xx_hal_pcd.o
                                      0x79cf1 (size before relaxing)
 .debug_str     0x0000000000080057      0x206 ./Drivers/STM32L0xx_HAL_Driver/stm32l0xx_hal_pcd_ex.o
                                      0x79ac9 (size before relaxing)
 .debug_str     0x000000000008025d      0x31d ./Drivers/STM32L0xx_HAL_Driver/stm32l0xx_hal_rcc.o
                                      0x79b02 (size before relaxing)
 .debug_str     0x000000000008057a      0x39b ./Drivers/STM32L0xx_HAL_Driver/stm32l0xx_hal_rcc_ex.o
                                      0x79ac8 (size before relaxing)
 .debug_str     0x0000000000080915      0x236 ./Drivers/STM32L0xx_HAL_Driver/stm32l0xx_ll_usb.o
                                      0x799b0 (size before relaxing)
 .debug_str     0x0000000000080b4b      0x237 ./Middlewares/USB_Device_Library/usbd_core.o
                                      0x7e6d4 (size before relaxing)
 .debug_str     0x0000000000080d82      0x174 ./Middlewares/USB_Device_Library/usbd_ctlreq.o
                                      0x7e65a (size before relaxing)
 .debug_str     0x0000000000080ef6      0x25d ./Middlewares/USB_Device_Library/usbd_hid.o
                                      0x7e8cd (size before relaxing)
 .debug_str     0x0000000000081153      0x109 ./Middlewares/USB_Device_Library/usbd_ioreq.o
                                      0x7e5e2 (size before relaxing)
 .debug_str     0x000000000008125c       0xb5 ./USB_DEVICE/App/usb_device.o
                                      0x7e710 (size before relaxing)
 .debug_str     0x0000000000081311      0x258 ./USB_DEVICE/App/usbd_desc.o
                                      0x7e50d (size before relaxing)
 .debug_str     0x0000000000081569      0x162 ./USB_DEVICE/Target/usbd_conf.o
                                      0x7efa8 (size before relaxing)

.comment        0x0000000000000000       0x53
 .comment       0x0000000000000000       0x53 ./Core/Src/main.o
                                         0x54 (size before relaxing)
 .comment       0x0000000000000053       0x54 ./Core/Src/stm32l0xx_hal_msp.o
 .comment       0x0000000000000053       0x54 ./Core/Src/stm32l0xx_it.o
 .comment       0x0000000000000053       0x54 ./Core/Src/system_stm32l0xx.o
 .comment       0x0000000000000053       0x54 ./Drivers/STM32L0xx_HAL_Driver/stm32l0xx_hal.o
 .comment       0x0000000000000053       0x54 ./Drivers/STM32L0xx_HAL_Driver/stm32l0xx_hal_adc.o
 .comment       0x0000000000000053       0x54 ./Drivers/STM32L0xx_HAL_Driver/stm32l0xx_hal_cortex.o
 .comment       0x0000000000000053       0x54 ./Drivers/STM32L0xx_HAL_Driver/stm32l0xx_hal_gpio.o
 .comment       0x0000000000000053       0x54 ./Drivers/STM32L0xx_HAL_Driver/stm32l0xx_hal_pcd.o
 .comment       0x0000000000000053       0x54 ./Drivers/STM32L0xx_HAL_Driver/stm32l0xx_hal_pcd_ex.o
 .comment       0x0000000000000053       0x54 ./Drivers/STM32L0xx_HAL_Driver/stm32l0xx_hal_rcc.o
 .comment       0x0000000000000053       0x54 ./Drivers/STM32L0xx_HAL_Driver/stm32l0xx_hal_rcc_ex.o
 .comment       0x0000000000000053       0x54 ./Drivers/STM32L0xx_HAL_Driver/stm32l0xx_ll_usb.o
 .comment       0x0000000000000053       0x54 ./Middlewares/USB_Device_Library/usbd_core.o
 .comment       0x0000000000000053       0x54 ./Middlewares/USB_Device_Library/usbd_ctlreq.o
 .comment       0x0000000000000053       0x54 ./Middlewares/USB_Device_Library/usbd_hid.o
 .comment       0x0000000000000053       0x54 ./Middlewares/USB_Device_Library/usbd_ioreq.o
 .comment       0x0000000000000053       0x54 ./USB_DEVICE/App/usb_device.o
 .comment       0x0000000000000053       0x54 ./USB_DEVICE/App/usbd_desc.o
 .comment       0x0000000000000053       0x54 ./USB_DEVICE/Target/usbd_conf.o

.debug_frame    0x0000000000000000     0x26a4
 .debug_frame   0x0000000000000000       0xc8 ./Core/Src/main.o
 .debug_frame   0x00000000000000c8       0x6c ./Core/Src/stm32l0xx_hal_msp.o
 .debug_frame   0x0000000000000134       0xb8 ./Core/Src/stm32l0xx_it.o
 .debug_frame   0x00000000000001ec       0x4c ./Core/Src/system_stm32l0xx.o
 .debug_frame   0x0000000000000238      0x394 ./Drivers/STM32L0xx_HAL_Driver/stm32l0xx_hal.o
 .debug_frame   0x00000000000005cc      0x3c0 ./Drivers/STM32L0xx_HAL_Driver/stm32l0xx_hal_adc.o
 .debug_frame   0x000000000000098c      0x2fc ./Drivers/STM32L0xx_HAL_Driver/stm32l0xx_hal_cortex.o
 .debug_frame   0x0000000000000c88      0x110 ./Drivers/STM32L0xx_HAL_Driver/stm32l0xx_hal_gpio.o
 .debug_frame   0x0000000000000d98      0x478 ./Drivers/STM32L0xx_HAL_Driver/stm32l0xx_hal_pcd.o
 .debug_frame   0x0000000000001210      0x110 ./Drivers/STM32L0xx_HAL_Driver/stm32l0xx_hal_pcd_ex.o
 .debug_frame   0x0000000000001320      0x1a8 ./Drivers/STM32L0xx_HAL_Driver/stm32l0xx_hal_rcc.o
 .debug_frame   0x00000000000014c8      0x244 ./Drivers/STM32L0xx_HAL_Driver/stm32l0xx_hal_rcc_ex.o
 .debug_frame   0x000000000000170c      0x280 ./Drivers/STM32L0xx_HAL_Driver/stm32l0xx_ll_usb.o
 .debug_frame   0x000000000000198c      0x290 ./Middlewares/USB_Device_Library/usbd_core.o
 .debug_frame   0x0000000000001c1c      0x1d8 ./Middlewares/USB_Device_Library/usbd_ctlreq.o
 .debug_frame   0x0000000000001df4      0x150 ./Middlewares/USB_Device_Library/usbd_hid.o
 .debug_frame   0x0000000000001f44       0xf0 ./Middlewares/USB_Device_Library/usbd_ioreq.o
 .debug_frame   0x0000000000002034       0x2c ./USB_DEVICE/App/usb_device.o
 .debug_frame   0x0000000000002060      0x130 ./USB_DEVICE/App/usbd_desc.o
 .debug_frame   0x0000000000002190      0x438 ./USB_DEVICE/Target/usbd_conf.o
 .debug_frame   0x00000000000025c8       0x2c /Applications/STM32CubeIDE.app/Contents/Eclipse/plugins/com.st.stm32cube.ide.mcu.externaltools.gnu-tools-for-stm32.9-2020-q2-update.macos64_2.0.0.202105311346/tools/bin/../lib/gcc/arm-none-eabi/9.3.1/../../../../arm-none-eabi/lib/thumb/v6-m/nofp/libc_nano.a(lib_a-init.o)
 .debug_frame   0x00000000000025f4       0x20 /Applications/STM32CubeIDE.app/Contents/Eclipse/plugins/com.st.stm32cube.ide.mcu.externaltools.gnu-tools-for-stm32.9-2020-q2-update.macos64_2.0.0.202105311346/tools/bin/../lib/gcc/arm-none-eabi/9.3.1/../../../../arm-none-eabi/lib/thumb/v6-m/nofp/libc_nano.a(lib_a-memset.o)
 .debug_frame   0x0000000000002614       0x20 /Applications/STM32CubeIDE.app/Contents/Eclipse/plugins/com.st.stm32cube.ide.mcu.externaltools.gnu-tools-for-stm32.9-2020-q2-update.macos64_2.0.0.202105311346/tools/bin/../lib/gcc/arm-none-eabi/9.3.1/thumb/v6-m/nofp/libgcc.a(_udivsi3.o)
 .debug_frame   0x0000000000002634       0x34 /Applications/STM32CubeIDE.app/Contents/Eclipse/plugins/com.st.stm32cube.ide.mcu.externaltools.gnu-tools-for-stm32.9-2020-q2-update.macos64_2.0.0.202105311346/tools/bin/../lib/gcc/arm-none-eabi/9.3.1/thumb/v6-m/nofp/libgcc.a(_muldi3.o)
 .debug_frame   0x0000000000002668       0x3c /Applications/STM32CubeIDE.app/Contents/Eclipse/plugins/com.st.stm32cube.ide.mcu.externaltools.gnu-tools-for-stm32.9-2020-q2-update.macos64_2.0.0.202105311346/tools/bin/../lib/gcc/arm-none-eabi/9.3.1/thumb/v6-m/nofp/libgcc.a(_udivmoddi4.o)
