14:00:57 **** Incremental Build of configuration Debug for project Simulator_HID_CUSTOM ****
make -j7 all 
arm-none-eabi-gcc "../USB_DEVICE/Target/usbd_conf.c" -mcpu=cortex-m0plus -std=gnu11 -g3 -DDEBUG -DUSE_HAL_DRIVER -DSTM32L073xx -c -I../Core/Inc -I../Drivers/STM32L0xx_HAL_Driver/Inc -I../Drivers/STM32L0xx_HAL_Driver/Inc/Legacy -I../Drivers/CMSIS/Device/ST/STM32L0xx/Include -I../Drivers/CMSIS/Include -I../USB_DEVICE/App -I../USB_DEVICE/Target -I../Middlewares/ST/STM32_USB_Device_Library/Core/Inc -I../Middlewares/ST/STM32_USB_Device_Library/Class/CustomHID/Inc -O0 -ffunction-sections -fdata-sections -Wall -fstack-usage -MMD -MP -MF"USB_DEVICE/Target/usbd_conf.d" -MT"USB_DEVICE/Target/usbd_conf.o" --specs=nano.specs -mfloat-abi=soft -mthumb -o "USB_DEVICE/Target/usbd_conf.o"
arm-none-eabi-gcc "../USB_DEVICE/App/usb_device.c" -mcpu=cortex-m0plus -std=gnu11 -g3 -DDEBUG -DUSE_HAL_DRIVER -DSTM32L073xx -c -I../Core/Inc -I../Drivers/STM32L0xx_HAL_Driver/Inc -I../Drivers/STM32L0xx_HAL_Driver/Inc/Legacy -I../Drivers/CMSIS/Device/ST/STM32L0xx/Include -I../Drivers/CMSIS/Include -I../USB_DEVICE/App -I../USB_DEVICE/Target -I../Middlewares/ST/STM32_USB_Device_Library/Core/Inc -I../Middlewares/ST/STM32_USB_Device_Library/Class/CustomHID/Inc -O0 -ffunction-sections -fdata-sections -Wall -fstack-usage -MMD -MP -MF"USB_DEVICE/App/usb_device.d" -MT"USB_DEVICE/App/usb_device.o" --specs=nano.specs -mfloat-abi=soft -mthumb -o "USB_DEVICE/App/usb_device.o"
arm-none-eabi-gcc "../USB_DEVICE/App/usbd_custom_hid_if.c" -mcpu=cortex-m0plus -std=gnu11 -g3 -DDEBUG -DUSE_HAL_DRIVER -DSTM32L073xx -c -I../Core/Inc -I../Drivers/STM32L0xx_HAL_Driver/Inc -I../Drivers/STM32L0xx_HAL_Driver/Inc/Legacy -I../Drivers/CMSIS/Device/ST/STM32L0xx/Include -I../Drivers/CMSIS/Include -I../USB_DEVICE/App -I../USB_DEVICE/Target -I../Middlewares/ST/STM32_USB_Device_Library/Core/Inc -I../Middlewares/ST/STM32_USB_Device_Library/Class/CustomHID/Inc -O0 -ffunction-sections -fdata-sections -Wall -fstack-usage -MMD -MP -MF"USB_DEVICE/App/usbd_custom_hid_if.d" -MT"USB_DEVICE/App/usbd_custom_hid_if.o" --specs=nano.specs -mfloat-abi=soft -mthumb -o "USB_DEVICE/App/usbd_custom_hid_if.o"
arm-none-eabi-gcc "../USB_DEVICE/App/usbd_desc.c" -mcpu=cortex-m0plus -std=gnu11 -g3 -DDEBUG -DUSE_HAL_DRIVER -DSTM32L073xx -c -I../Core/Inc -I../Drivers/STM32L0xx_HAL_Driver/Inc -I../Drivers/STM32L0xx_HAL_Driver/Inc/Legacy -I../Drivers/CMSIS/Device/ST/STM32L0xx/Include -I../Drivers/CMSIS/Include -I../USB_DEVICE/App -I../USB_DEVICE/Target -I../Middlewares/ST/STM32_USB_Device_Library/Core/Inc -I../Middlewares/ST/STM32_USB_Device_Library/Class/CustomHID/Inc -O0 -ffunction-sections -fdata-sections -Wall -fstack-usage -MMD -MP -MF"USB_DEVICE/App/usbd_desc.d" -MT"USB_DEVICE/App/usbd_desc.o" --specs=nano.specs -mfloat-abi=soft -mthumb -o "USB_DEVICE/App/usbd_desc.o"
arm-none-eabi-gcc "../Middlewares/ST/STM32_USB_Device_Library/Core/Src/usbd_core.c" -mcpu=cortex-m0plus -std=gnu11 -g3 -DDEBUG -DUSE_HAL_DRIVER -DSTM32L073xx -c -I../Core/Inc -I../Drivers/STM32L0xx_HAL_Driver/Inc -I../Drivers/STM32L0xx_HAL_Driver/Inc/Legacy -I../Drivers/CMSIS/Device/ST/STM32L0xx/Include -I../Drivers/CMSIS/Include -I../USB_DEVICE/App -I../USB_DEVICE/Target -I../Middlewares/ST/STM32_USB_Device_Library/Core/Inc -I../Middlewares/ST/STM32_USB_Device_Library/Class/CustomHID/Inc -O0 -ffunction-sections -fdata-sections -Wall -fstack-usage -MMD -MP -MF"Middlewares/ST/STM32_USB_Device_Library/Core/Src/usbd_core.d" -MT"Middlewares/ST/STM32_USB_Device_Library/Core/Src/usbd_core.o" --specs=nano.specs -mfloat-abi=soft -mthumb -o "Middlewares/ST/STM32_USB_Device_Library/Core/Src/usbd_core.o"
arm-none-eabi-gcc "../Middlewares/ST/STM32_USB_Device_Library/Core/Src/usbd_ctlreq.c" -mcpu=cortex-m0plus -std=gnu11 -g3 -DDEBUG -DUSE_HAL_DRIVER -DSTM32L073xx -c -I../Core/Inc -I../Drivers/STM32L0xx_HAL_Driver/Inc -I../Drivers/STM32L0xx_HAL_Driver/Inc/Legacy -I../Drivers/CMSIS/Device/ST/STM32L0xx/Include -I../Drivers/CMSIS/Include -I../USB_DEVICE/App -I../USB_DEVICE/Target -I../Middlewares/ST/STM32_USB_Device_Library/Core/Inc -I../Middlewares/ST/STM32_USB_Device_Library/Class/CustomHID/Inc -O0 -ffunction-sections -fdata-sections -Wall -fstack-usage -MMD -MP -MF"Middlewares/ST/STM32_USB_Device_Library/Core/Src/usbd_ctlreq.d" -MT"Middlewares/ST/STM32_USB_Device_Library/Core/Src/usbd_ctlreq.o" --specs=nano.specs -mfloat-abi=soft -mthumb -o "Middlewares/ST/STM32_USB_Device_Library/Core/Src/usbd_ctlreq.o"
arm-none-eabi-gcc "../Middlewares/ST/STM32_USB_Device_Library/Core/Src/usbd_ioreq.c" -mcpu=cortex-m0plus -std=gnu11 -g3 -DDEBUG -DUSE_HAL_DRIVER -DSTM32L073xx -c -I../Core/Inc -I../Drivers/STM32L0xx_HAL_Driver/Inc -I../Drivers/STM32L0xx_HAL_Driver/Inc/Legacy -I../Drivers/CMSIS/Device/ST/STM32L0xx/Include -I../Drivers/CMSIS/Include -I../USB_DEVICE/App -I../USB_DEVICE/Target -I../Middlewares/ST/STM32_USB_Device_Library/Core/Inc -I../Middlewares/ST/STM32_USB_Device_Library/Class/CustomHID/Inc -O0 -ffunction-sections -fdata-sections -Wall -fstack-usage -MMD -MP -MF"Middlewares/ST/STM32_USB_Device_Library/Core/Src/usbd_ioreq.d" -MT"Middlewares/ST/STM32_USB_Device_Library/Core/Src/usbd_ioreq.o" --specs=nano.specs -mfloat-abi=soft -mthumb -o "Middlewares/ST/STM32_USB_Device_Library/Core/Src/usbd_ioreq.o"
arm-none-eabi-gcc "../Middlewares/ST/STM32_USB_Device_Library/Class/CustomHID/Src/usbd_customhid.c" -mcpu=cortex-m0plus -std=gnu11 -g3 -DDEBUG -DUSE_HAL_DRIVER -DSTM32L073xx -c -I../Core/Inc -I../Drivers/STM32L0xx_HAL_Driver/Inc -I../Drivers/STM32L0xx_HAL_Driver/Inc/Legacy -I../Drivers/CMSIS/Device/ST/STM32L0xx/Include -I../Drivers/CMSIS/Include -I../USB_DEVICE/App -I../USB_DEVICE/Target -I../Middlewares/ST/STM32_USB_Device_Library/Core/Inc -I../Middlewares/ST/STM32_USB_Device_Library/Class/CustomHID/Inc -O0 -ffunction-sections -fdata-sections -Wall -fstack-usage -MMD -MP -MF"Middlewares/ST/STM32_USB_Device_Library/Class/CustomHID/Src/usbd_customhid.d" -MT"Middlewares/ST/STM32_USB_Device_Library/Class/CustomHID/Src/usbd_customhid.o" --specs=nano.specs -mfloat-abi=soft -mthumb -o "Middlewares/ST/STM32_USB_Device_Library/Class/CustomHID/Src/usbd_customhid.o"
arm-none-eabi-gcc "../Core/Src/main.c" -mcpu=cortex-m0plus -std=gnu11 -g3 -DDEBUG -DUSE_HAL_DRIVER -DSTM32L073xx -c -I../Core/Inc -I../Drivers/STM32L0xx_HAL_Driver/Inc -I../Drivers/STM32L0xx_HAL_Driver/Inc/Legacy -I../Drivers/CMSIS/Device/ST/STM32L0xx/Include -I../Drivers/CMSIS/Include -I../USB_DEVICE/App -I../USB_DEVICE/Target -I../Middlewares/ST/STM32_USB_Device_Library/Core/Inc -I../Middlewares/ST/STM32_USB_Device_Library/Class/CustomHID/Inc -O0 -ffunction-sections -fdata-sections -Wall -fstack-usage -MMD -MP -MF"Core/Src/main.d" -MT"Core/Src/main.o" --specs=nano.specs -mfloat-abi=soft -mthumb -o "Core/Src/main.o"
../Core/Src/main.c: In function 'main':
../Core/Src/main.c:246:19: warning: suggest parentheses around comparison in operand of '|' [-Wparentheses]
  246 |    if (ADC_VAL[0] < 0 | ADC_VAL[0] > 60000) ADC_VAL[0] = 0;
      |        ~~~~~~~~~~~^~~
../Core/Src/main.c:248:19: warning: suggest parentheses around comparison in operand of '&' [-Wparentheses]
  248 |    if (ADC_VAL[0] > 255 & ADC_VAL[0] < 50000) ADC_VAL[0] = 255;
      |        ~~~~~~~~~~~^~~~~
../Core/Src/main.c:251:19: warning: suggest parentheses around comparison in operand of '|' [-Wparentheses]
  251 |    if (ADC_VAL[1] < 0 | ADC_VAL[1] > 60000) ADC_VAL[1] = 0;
      |        ~~~~~~~~~~~^~~
../Core/Src/main.c:253:19: warning: suggest parentheses around comparison in operand of '&' [-Wparentheses]
  253 |    if (ADC_VAL[1] > 255 & ADC_VAL[1] < 50000) ADC_VAL[1] = 255;
      |        ~~~~~~~~~~~^~~~~
../Core/Src/main.c:256:19: warning: suggest parentheses around comparison in operand of '|' [-Wparentheses]
  256 |    if (ADC_VAL[2] < 0 | ADC_VAL[2] > 60000) ADC_VAL[2] = 0;
      |        ~~~~~~~~~~~^~~
../Core/Src/main.c:258:19: warning: suggest parentheses around comparison in operand of '&' [-Wparentheses]
  258 |    if (ADC_VAL[2] > 255 & ADC_VAL[2] < 50000) ADC_VAL[2] = 255;
      |        ~~~~~~~~~~~^~~~~
../Core/Src/main.c:261:19: warning: suggest parentheses around comparison in operand of '|' [-Wparentheses]
  261 |    if (ADC_VAL[3] < 0 | ADC_VAL[3] > 60000) ADC_VAL[3] = 0;
      |        ~~~~~~~~~~~^~~
../Core/Src/main.c:263:19: warning: suggest parentheses around comparison in operand of '&' [-Wparentheses]
  263 |    if (ADC_VAL[3] > 255 & ADC_VAL[3] < 50000) ADC_VAL[3] = 255;
      |        ~~~~~~~~~~~^~~~~
../Core/Src/main.c:266:19: warning: suggest parentheses around comparison in operand of '|' [-Wparentheses]
  266 |    if (ADC_VAL[4] < 0 | ADC_VAL[4] > 60000) ADC_VAL[4] = 0;
      |        ~~~~~~~~~~~^~~
../Core/Src/main.c:268:19: warning: suggest parentheses around comparison in operand of '&' [-Wparentheses]
  268 |    if (ADC_VAL[4] > 255 & ADC_VAL[4] < 50000) ADC_VAL[4] = 255;
      |        ~~~~~~~~~~~^~~~~
../Core/Src/main.c:278:31: warning: passing argument 1 of 'USBD_CUSTOM_HID_SendReport' from incompatible pointer type [-Wincompatible-pointer-types]
  278 |    USBD_CUSTOM_HID_SendReport(&hUsbDeviceFS, &pumahid, sizeof(pumahid)); // Envoie des valeurs par USB
      |                               ^~~~~~~~~~~~~
      |                               |
      |                               USBD_CUSTOM_HID_HandleTypeDef * {aka struct <anonymous> *}
In file included from ../Core/Src/main.c:25:
../Middlewares/ST/STM32_USB_Device_Library/Class/CustomHID/Inc/usbd_customhid.h:140:56: note: expected 'USBD_HandleTypeDef *' {aka 'struct _USBD_HandleTypeDef *'} but argument is of type 'USBD_CUSTOM_HID_HandleTypeDef *' {aka 'struct <anonymous> *'}
  140 | uint8_t USBD_CUSTOM_HID_SendReport(USBD_HandleTypeDef *pdev,
      |                                    ~~~~~~~~~~~~~~~~~~~~^~~~
../Core/Src/main.c:278:46: warning: passing argument 2 of 'USBD_CUSTOM_HID_SendReport' from incompatible pointer type [-Wincompatible-pointer-types]
  278 |    USBD_CUSTOM_HID_SendReport(&hUsbDeviceFS, &pumahid, sizeof(pumahid)); // Envoie des valeurs par USB
      |                                              ^~~~~~~~
      |                                              |
      |                                              pumaHID * {aka struct <anonymous> *}
In file included from ../Core/Src/main.c:25:
../Middlewares/ST/STM32_USB_Device_Library/Class/CustomHID/Inc/usbd_customhid.h:141:45: note: expected 'uint8_t *' {aka 'unsigned char *'} but argument is of type 'pumaHID *' {aka 'struct <anonymous> *'}
  141 |                                    uint8_t *report,
      |                                    ~~~~~~~~~^~~~~~
../Core/Src/main.c:120:7: warning: unused variable 'msg' [-Wunused-variable]
  120 |  char msg[80];
      |       ^~~
../Core/Src/main.c: In function 'conversion_adc':
../Core/Src/main.c:572:9: warning: function returns address of local variable [-Wreturn-local-addr]
  572 |  return valeur_adc;
      |         ^~~~~~~~~~
arm-none-eabi-gcc -o "Simulator_HID_CUSTOM.elf" @"objects.list"   -mcpu=cortex-m0plus -T"/Users/christophemura/Documents/IUT/S4/Programme/Programme_Simulateur/Simulator_HID_CUSTOM/STM32L073CZTX_FLASH.ld" --specs=nosys.specs -Wl,-Map="Simulator_HID_CUSTOM.map" -Wl,--gc-sections -static --specs=nano.specs -mfloat-abi=soft -mthumb -Wl,--start-group -lc -lm -Wl,--end-group
Finished building target: Simulator_HID_CUSTOM.elf
 
arm-none-eabi-size   Simulator_HID_CUSTOM.elf 
arm-none-eabi-objdump -h -S  Simulator_HID_CUSTOM.elf  > "Simulator_HID_CUSTOM.list"
arm-none-eabi-objcopy  -O binary  Simulator_HID_CUSTOM.elf  "Simulator_HID_CUSTOM.bin"
   text	   data	    bss	    dec	    hex	filename
  40068	    508	   7508	  48084	   bbd4	Simulator_HID_CUSTOM.elf
Finished building: Simulator_HID_CUSTOM.list
Finished building: default.size.stdout
 
 
Finished building: Simulator_HID_CUSTOM.bin
 
14:01:08 **** Incremental Build of configuration Debug for project Simulator_HID_CUSTOM ****
make -j7 all 
arm-none-eabi-size   Simulator_HID_CUSTOM.elf 
   text	   data	    bss	    dec	    hex	filename
  40068	    508	   7508	  48084	   bbd4	Simulator_HID_CUSTOM.elf
Finished building: default.size.stdout
 
14:01:30 **** Incremental Build of configuration Debug for project Simulator_HID_CUSTOM ****
make -j7 all 
arm-none-eabi-size   Simulator_HID_CUSTOM.elf 
   text	   data	    bss	    dec	    hex	filename
  40068	    508	   7508	  48084	   bbd4	Simulator_HID_CUSTOM.elf
Finished building: default.size.stdout
 
14:04:12 **** Build of configuration Debug for project USB_SIMULATOR ****
make -j7 all 
arm-none-eabi-gcc "/Users/christophemura/STM32Cube/Repository/STM32Cube_FW_L0_V1.12.1/Middlewares/ST/STM32_USB_Device_Library/Class/HID/Src/usbd_hid.c" -mcpu=cortex-m0plus -std=gnu11 -g3 -DDEBUG -DUSE_HAL_DRIVER -DSTM32L073xx -c -I../Core/Inc -I/Users/christophemura/STM32Cube/Repository/STM32Cube_FW_L0_V1.12.1/Drivers/STM32L0xx_HAL_Driver/Inc -I/Users/christophemura/STM32Cube/Repository/STM32Cube_FW_L0_V1.12.1/Drivers/STM32L0xx_HAL_Driver/Inc/Legacy -I/Users/christophemura/STM32Cube/Repository/STM32Cube_FW_L0_V1.12.1/Drivers/CMSIS/Device/ST/STM32L0xx/Include -I/Users/christophemura/STM32Cube/Repository/STM32Cube_FW_L0_V1.12.1/Drivers/CMSIS/Include -I../USB_DEVICE/App -I../USB_DEVICE/Target -I/Users/christophemura/STM32Cube/Repository/STM32Cube_FW_L0_V1.12.1/Middlewares/ST/STM32_USB_Device_Library/Core/Inc -I/Users/christophemura/STM32Cube/Repository/STM32Cube_FW_L0_V1.12.1/Middlewares/ST/STM32_USB_Device_Library/Class/HID/Inc -O0 -ffunction-sections -fdata-sections -Wall -fstack-usage -MMD -MP -MF"Middlewares/USB_Device_Library/usbd_hid.d" -MT"Middlewares/USB_Device_Library/usbd_hid.o" --specs=nano.specs -mfloat-abi=soft -mthumb -o "Middlewares/USB_Device_Library/usbd_hid.o"
arm-none-eabi-gcc -o "USB_SIMULATOR.elf" @"objects.list"   -mcpu=cortex-m0plus -T"/Users/christophemura/Documents/IUT/S4/Programme/Programme_Simulateur/USB_SIMULATOR/STM32L073CZTX_FLASH.ld" --specs=nosys.specs -Wl,-Map="USB_SIMULATOR.map" -Wl,--gc-sections -static --specs=nano.specs -mfloat-abi=soft -mthumb -Wl,--start-group -lc -lm -Wl,--end-group
Finished building target: USB_SIMULATOR.elf
 
arm-none-eabi-size   USB_SIMULATOR.elf 
arm-none-eabi-objdump -h -S  USB_SIMULATOR.elf  > "USB_SIMULATOR.list"
arm-none-eabi-objcopy  -O binary  USB_SIMULATOR.elf  "USB_SIMULATOR.bin"
   text	   data	    bss	    dec	    hex	filename
  33876	    376	   3704	  37956	   9444	USB_SIMULATOR.elf
Finished building: default.size.stdout
 
Finished building: USB_SIMULATOR.bin
 
Finished building: USB_SIMULATOR.list
 
