14:51:38 **** Build of configuration Debug for project HID_CUSTOM_SIMULATEUR ****
make -j7 all 
arm-none-eabi-gcc "../USB_DEVICE/Target/usbd_conf.c" -mcpu=cortex-m0plus -std=gnu11 -g3 -DDEBUG -DUSE_HAL_DRIVER -DSTM32L073xx -c -I../Core/Inc -I/Users/christophemura/STM32Cube/Repository/STM32Cube_FW_L0_V1.12.1/Drivers/STM32L0xx_HAL_Driver/Inc -I/Users/christophemura/STM32Cube/Repository/STM32Cube_FW_L0_V1.12.1/Drivers/STM32L0xx_HAL_Driver/Inc/Legacy -I/Users/christophemura/STM32Cube/Repository/STM32Cube_FW_L0_V1.12.1/Drivers/CMSIS/Device/ST/STM32L0xx/Include -I/Users/christophemura/STM32Cube/Repository/STM32Cube_FW_L0_V1.12.1/Drivers/CMSIS/Include -I../USB_DEVICE/App -I../USB_DEVICE/Target -I/Users/christophemura/STM32Cube/Repository/STM32Cube_FW_L0_V1.12.1/Middlewares/ST/STM32_USB_Device_Library/Core/Inc -I/Users/christophemura/STM32Cube/Repository/STM32Cube_FW_L0_V1.12.1/Middlewares/ST/STM32_USB_Device_Library/Class/CustomHID/Inc -O0 -ffunction-sections -fdata-sections -Wall -fstack-usage -MMD -MP -MF"USB_DEVICE/Target/usbd_conf.d" -MT"USB_DEVICE/Target/usbd_conf.o" --specs=nano.specs -mfloat-abi=soft -mthumb -o "USB_DEVICE/Target/usbd_conf.o"
arm-none-eabi-gcc "../USB_DEVICE/App/usb_device.c" -mcpu=cortex-m0plus -std=gnu11 -g3 -DDEBUG -DUSE_HAL_DRIVER -DSTM32L073xx -c -I../Core/Inc -I/Users/christophemura/STM32Cube/Repository/STM32Cube_FW_L0_V1.12.1/Drivers/STM32L0xx_HAL_Driver/Inc -I/Users/christophemura/STM32Cube/Repository/STM32Cube_FW_L0_V1.12.1/Drivers/STM32L0xx_HAL_Driver/Inc/Legacy -I/Users/christophemura/STM32Cube/Repository/STM32Cube_FW_L0_V1.12.1/Drivers/CMSIS/Device/ST/STM32L0xx/Include -I/Users/christophemura/STM32Cube/Repository/STM32Cube_FW_L0_V1.12.1/Drivers/CMSIS/Include -I../USB_DEVICE/App -I../USB_DEVICE/Target -I/Users/christophemura/STM32Cube/Repository/STM32Cube_FW_L0_V1.12.1/Middlewares/ST/STM32_USB_Device_Library/Core/Inc -I/Users/christophemura/STM32Cube/Repository/STM32Cube_FW_L0_V1.12.1/Middlewares/ST/STM32_USB_Device_Library/Class/CustomHID/Inc -O0 -ffunction-sections -fdata-sections -Wall -fstack-usage -MMD -MP -MF"USB_DEVICE/App/usb_device.d" -MT"USB_DEVICE/App/usb_device.o" --specs=nano.specs -mfloat-abi=soft -mthumb -o "USB_DEVICE/App/usb_device.o"
arm-none-eabi-gcc "../USB_DEVICE/App/usbd_custom_hid_if.c" -mcpu=cortex-m0plus -std=gnu11 -g3 -DDEBUG -DUSE_HAL_DRIVER -DSTM32L073xx -c -I../Core/Inc -I/Users/christophemura/STM32Cube/Repository/STM32Cube_FW_L0_V1.12.1/Drivers/STM32L0xx_HAL_Driver/Inc -I/Users/christophemura/STM32Cube/Repository/STM32Cube_FW_L0_V1.12.1/Drivers/STM32L0xx_HAL_Driver/Inc/Legacy -I/Users/christophemura/STM32Cube/Repository/STM32Cube_FW_L0_V1.12.1/Drivers/CMSIS/Device/ST/STM32L0xx/Include -I/Users/christophemura/STM32Cube/Repository/STM32Cube_FW_L0_V1.12.1/Drivers/CMSIS/Include -I../USB_DEVICE/App -I../USB_DEVICE/Target -I/Users/christophemura/STM32Cube/Repository/STM32Cube_FW_L0_V1.12.1/Middlewares/ST/STM32_USB_Device_Library/Core/Inc -I/Users/christophemura/STM32Cube/Repository/STM32Cube_FW_L0_V1.12.1/Middlewares/ST/STM32_USB_Device_Library/Class/CustomHID/Inc -O0 -ffunction-sections -fdata-sections -Wall -fstack-usage -MMD -MP -MF"USB_DEVICE/App/usbd_custom_hid_if.d" -MT"USB_DEVICE/App/usbd_custom_hid_if.o" --specs=nano.specs -mfloat-abi=soft -mthumb -o "USB_DEVICE/App/usbd_custom_hid_if.o"
arm-none-eabi-gcc "../USB_DEVICE/App/usbd_desc.c" -mcpu=cortex-m0plus -std=gnu11 -g3 -DDEBUG -DUSE_HAL_DRIVER -DSTM32L073xx -c -I../Core/Inc -I/Users/christophemura/STM32Cube/Repository/STM32Cube_FW_L0_V1.12.1/Drivers/STM32L0xx_HAL_Driver/Inc -I/Users/christophemura/STM32Cube/Repository/STM32Cube_FW_L0_V1.12.1/Drivers/STM32L0xx_HAL_Driver/Inc/Legacy -I/Users/christophemura/STM32Cube/Repository/STM32Cube_FW_L0_V1.12.1/Drivers/CMSIS/Device/ST/STM32L0xx/Include -I/Users/christophemura/STM32Cube/Repository/STM32Cube_FW_L0_V1.12.1/Drivers/CMSIS/Include -I../USB_DEVICE/App -I../USB_DEVICE/Target -I/Users/christophemura/STM32Cube/Repository/STM32Cube_FW_L0_V1.12.1/Middlewares/ST/STM32_USB_Device_Library/Core/Inc -I/Users/christophemura/STM32Cube/Repository/STM32Cube_FW_L0_V1.12.1/Middlewares/ST/STM32_USB_Device_Library/Class/CustomHID/Inc -O0 -ffunction-sections -fdata-sections -Wall -fstack-usage -MMD -MP -MF"USB_DEVICE/App/usbd_desc.d" -MT"USB_DEVICE/App/usbd_desc.o" --specs=nano.specs -mfloat-abi=soft -mthumb -o "USB_DEVICE/App/usbd_desc.o"
arm-none-eabi-gcc "/Users/christophemura/STM32Cube/Repository/STM32Cube_FW_L0_V1.12.1/Middlewares/ST/STM32_USB_Device_Library/Core/Src/usbd_core.c" -mcpu=cortex-m0plus -std=gnu11 -g3 -DDEBUG -DUSE_HAL_DRIVER -DSTM32L073xx -c -I../Core/Inc -I/Users/christophemura/STM32Cube/Repository/STM32Cube_FW_L0_V1.12.1/Drivers/STM32L0xx_HAL_Driver/Inc -I/Users/christophemura/STM32Cube/Repository/STM32Cube_FW_L0_V1.12.1/Drivers/STM32L0xx_HAL_Driver/Inc/Legacy -I/Users/christophemura/STM32Cube/Repository/STM32Cube_FW_L0_V1.12.1/Drivers/CMSIS/Device/ST/STM32L0xx/Include -I/Users/christophemura/STM32Cube/Repository/STM32Cube_FW_L0_V1.12.1/Drivers/CMSIS/Include -I../USB_DEVICE/App -I../USB_DEVICE/Target -I/Users/christophemura/STM32Cube/Repository/STM32Cube_FW_L0_V1.12.1/Middlewares/ST/STM32_USB_Device_Library/Core/Inc -I/Users/christophemura/STM32Cube/Repository/STM32Cube_FW_L0_V1.12.1/Middlewares/ST/STM32_USB_Device_Library/Class/CustomHID/Inc -O0 -ffunction-sections -fdata-sections -Wall -fstack-usage -MMD -MP -MF"Middlewares/USB_Device_Library/usbd_core.d" -MT"Middlewares/USB_Device_Library/usbd_core.o" --specs=nano.specs -mfloat-abi=soft -mthumb -o "Middlewares/USB_Device_Library/usbd_core.o"
arm-none-eabi-gcc "/Users/christophemura/STM32Cube/Repository/STM32Cube_FW_L0_V1.12.1/Middlewares/ST/STM32_USB_Device_Library/Core/Src/usbd_ctlreq.c" -mcpu=cortex-m0plus -std=gnu11 -g3 -DDEBUG -DUSE_HAL_DRIVER -DSTM32L073xx -c -I../Core/Inc -I/Users/christophemura/STM32Cube/Repository/STM32Cube_FW_L0_V1.12.1/Drivers/STM32L0xx_HAL_Driver/Inc -I/Users/christophemura/STM32Cube/Repository/STM32Cube_FW_L0_V1.12.1/Drivers/STM32L0xx_HAL_Driver/Inc/Legacy -I/Users/christophemura/STM32Cube/Repository/STM32Cube_FW_L0_V1.12.1/Drivers/CMSIS/Device/ST/STM32L0xx/Include -I/Users/christophemura/STM32Cube/Repository/STM32Cube_FW_L0_V1.12.1/Drivers/CMSIS/Include -I../USB_DEVICE/App -I../USB_DEVICE/Target -I/Users/christophemura/STM32Cube/Repository/STM32Cube_FW_L0_V1.12.1/Middlewares/ST/STM32_USB_Device_Library/Core/Inc -I/Users/christophemura/STM32Cube/Repository/STM32Cube_FW_L0_V1.12.1/Middlewares/ST/STM32_USB_Device_Library/Class/CustomHID/Inc -O0 -ffunction-sections -fdata-sections -Wall -fstack-usage -MMD -MP -MF"Middlewares/USB_Device_Library/usbd_ctlreq.d" -MT"Middlewares/USB_Device_Library/usbd_ctlreq.o" --specs=nano.specs -mfloat-abi=soft -mthumb -o "Middlewares/USB_Device_Library/usbd_ctlreq.o"
arm-none-eabi-gcc "/Users/christophemura/STM32Cube/Repository/STM32Cube_FW_L0_V1.12.1/Middlewares/ST/STM32_USB_Device_Library/Class/CustomHID/Src/usbd_customhid.c" -mcpu=cortex-m0plus -std=gnu11 -g3 -DDEBUG -DUSE_HAL_DRIVER -DSTM32L073xx -c -I../Core/Inc -I/Users/christophemura/STM32Cube/Repository/STM32Cube_FW_L0_V1.12.1/Drivers/STM32L0xx_HAL_Driver/Inc -I/Users/christophemura/STM32Cube/Repository/STM32Cube_FW_L0_V1.12.1/Drivers/STM32L0xx_HAL_Driver/Inc/Legacy -I/Users/christophemura/STM32Cube/Repository/STM32Cube_FW_L0_V1.12.1/Drivers/CMSIS/Device/ST/STM32L0xx/Include -I/Users/christophemura/STM32Cube/Repository/STM32Cube_FW_L0_V1.12.1/Drivers/CMSIS/Include -I../USB_DEVICE/App -I../USB_DEVICE/Target -I/Users/christophemura/STM32Cube/Repository/STM32Cube_FW_L0_V1.12.1/Middlewares/ST/STM32_USB_Device_Library/Core/Inc -I/Users/christophemura/STM32Cube/Repository/STM32Cube_FW_L0_V1.12.1/Middlewares/ST/STM32_USB_Device_Library/Class/CustomHID/Inc -O0 -ffunction-sections -fdata-sections -Wall -fstack-usage -MMD -MP -MF"Middlewares/USB_Device_Library/usbd_customhid.d" -MT"Middlewares/USB_Device_Library/usbd_customhid.o" --specs=nano.specs -mfloat-abi=soft -mthumb -o "Middlewares/USB_Device_Library/usbd_customhid.o"
../USB_DEVICE/App/usbd_custom_hid_if.c:135:3: warning: excess elements in array initializer
  135 |   0xC0    /*     END_COLLECTION              */
      |   ^~~~
../USB_DEVICE/App/usbd_custom_hid_if.c:135:3: note: (near initialization for 'CUSTOM_HID_ReportDesc_FS')
../USB_DEVICE/App/usbd_custom_hid_if.c:177:3: warning: initialization of 'int8_t (*)(uint8_t *)' {aka 'signed char (*)(unsigned char *)'} from incompatible pointer type 'int8_t (*)(uint8_t,  uint8_t)' {aka 'signed char (*)(unsigned char,  unsigned char)'} [-Wincompatible-pointer-types]
  177 |   CUSTOM_HID_OutEvent_FS
      |   ^~~~~~~~~~~~~~~~~~~~~~
../USB_DEVICE/App/usbd_custom_hid_if.c:177:3: note: (near initialization for 'USBD_CustomHID_fops_FS.OutEvent')
arm-none-eabi-gcc "/Users/christophemura/STM32Cube/Repository/STM32Cube_FW_L0_V1.12.1/Middlewares/ST/STM32_USB_Device_Library/Core/Src/usbd_ioreq.c" -mcpu=cortex-m0plus -std=gnu11 -g3 -DDEBUG -DUSE_HAL_DRIVER -DSTM32L073xx -c -I../Core/Inc -I/Users/christophemura/STM32Cube/Repository/STM32Cube_FW_L0_V1.12.1/Drivers/STM32L0xx_HAL_Driver/Inc -I/Users/christophemura/STM32Cube/Repository/STM32Cube_FW_L0_V1.12.1/Drivers/STM32L0xx_HAL_Driver/Inc/Legacy -I/Users/christophemura/STM32Cube/Repository/STM32Cube_FW_L0_V1.12.1/Drivers/CMSIS/Device/ST/STM32L0xx/Include -I/Users/christophemura/STM32Cube/Repository/STM32Cube_FW_L0_V1.12.1/Drivers/CMSIS/Include -I../USB_DEVICE/App -I../USB_DEVICE/Target -I/Users/christophemura/STM32Cube/Repository/STM32Cube_FW_L0_V1.12.1/Middlewares/ST/STM32_USB_Device_Library/Core/Inc -I/Users/christophemura/STM32Cube/Repository/STM32Cube_FW_L0_V1.12.1/Middlewares/ST/STM32_USB_Device_Library/Class/CustomHID/Inc -O0 -ffunction-sections -fdata-sections -Wall -fstack-usage -MMD -MP -MF"Middlewares/USB_Device_Library/usbd_ioreq.d" -MT"Middlewares/USB_Device_Library/usbd_ioreq.o" --specs=nano.specs -mfloat-abi=soft -mthumb -o "Middlewares/USB_Device_Library/usbd_ioreq.o"
arm-none-eabi-gcc "/Users/christophemura/STM32Cube/Repository/STM32Cube_FW_L0_V1.12.1/Drivers/STM32L0xx_HAL_Driver/Src/stm32l0xx_hal.c" -mcpu=cortex-m0plus -std=gnu11 -g3 -DDEBUG -DUSE_HAL_DRIVER -DSTM32L073xx -c -I../Core/Inc -I/Users/christophemura/STM32Cube/Repository/STM32Cube_FW_L0_V1.12.1/Drivers/STM32L0xx_HAL_Driver/Inc -I/Users/christophemura/STM32Cube/Repository/STM32Cube_FW_L0_V1.12.1/Drivers/STM32L0xx_HAL_Driver/Inc/Legacy -I/Users/christophemura/STM32Cube/Repository/STM32Cube_FW_L0_V1.12.1/Drivers/CMSIS/Device/ST/STM32L0xx/Include -I/Users/christophemura/STM32Cube/Repository/STM32Cube_FW_L0_V1.12.1/Drivers/CMSIS/Include -I../USB_DEVICE/App -I../USB_DEVICE/Target -I/Users/christophemura/STM32Cube/Repository/STM32Cube_FW_L0_V1.12.1/Middlewares/ST/STM32_USB_Device_Library/Core/Inc -I/Users/christophemura/STM32Cube/Repository/STM32Cube_FW_L0_V1.12.1/Middlewares/ST/STM32_USB_Device_Library/Class/CustomHID/Inc -O0 -ffunction-sections -fdata-sections -Wall -fstack-usage -MMD -MP -MF"Drivers/STM32L0xx_HAL_Driver/stm32l0xx_hal.d" -MT"Drivers/STM32L0xx_HAL_Driver/stm32l0xx_hal.o" --specs=nano.specs -mfloat-abi=soft -mthumb -o "Drivers/STM32L0xx_HAL_Driver/stm32l0xx_hal.o"
arm-none-eabi-gcc "/Users/christophemura/STM32Cube/Repository/STM32Cube_FW_L0_V1.12.1/Drivers/STM32L0xx_HAL_Driver/Src/stm32l0xx_hal_adc.c" -mcpu=cortex-m0plus -std=gnu11 -g3 -DDEBUG -DUSE_HAL_DRIVER -DSTM32L073xx -c -I../Core/Inc -I/Users/christophemura/STM32Cube/Repository/STM32Cube_FW_L0_V1.12.1/Drivers/STM32L0xx_HAL_Driver/Inc -I/Users/christophemura/STM32Cube/Repository/STM32Cube_FW_L0_V1.12.1/Drivers/STM32L0xx_HAL_Driver/Inc/Legacy -I/Users/christophemura/STM32Cube/Repository/STM32Cube_FW_L0_V1.12.1/Drivers/CMSIS/Device/ST/STM32L0xx/Include -I/Users/christophemura/STM32Cube/Repository/STM32Cube_FW_L0_V1.12.1/Drivers/CMSIS/Include -I../USB_DEVICE/App -I../USB_DEVICE/Target -I/Users/christophemura/STM32Cube/Repository/STM32Cube_FW_L0_V1.12.1/Middlewares/ST/STM32_USB_Device_Library/Core/Inc -I/Users/christophemura/STM32Cube/Repository/STM32Cube_FW_L0_V1.12.1/Middlewares/ST/STM32_USB_Device_Library/Class/CustomHID/Inc -O0 -ffunction-sections -fdata-sections -Wall -fstack-usage -MMD -MP -MF"Drivers/STM32L0xx_HAL_Driver/stm32l0xx_hal_adc.d" -MT"Drivers/STM32L0xx_HAL_Driver/stm32l0xx_hal_adc.o" --specs=nano.specs -mfloat-abi=soft -mthumb -o "Drivers/STM32L0xx_HAL_Driver/stm32l0xx_hal_adc.o"
arm-none-eabi-gcc "/Users/christophemura/STM32Cube/Repository/STM32Cube_FW_L0_V1.12.1/Drivers/STM32L0xx_HAL_Driver/Src/stm32l0xx_hal_adc_ex.c" -mcpu=cortex-m0plus -std=gnu11 -g3 -DDEBUG -DUSE_HAL_DRIVER -DSTM32L073xx -c -I../Core/Inc -I/Users/christophemura/STM32Cube/Repository/STM32Cube_FW_L0_V1.12.1/Drivers/STM32L0xx_HAL_Driver/Inc -I/Users/christophemura/STM32Cube/Repository/STM32Cube_FW_L0_V1.12.1/Drivers/STM32L0xx_HAL_Driver/Inc/Legacy -I/Users/christophemura/STM32Cube/Repository/STM32Cube_FW_L0_V1.12.1/Drivers/CMSIS/Device/ST/STM32L0xx/Include -I/Users/christophemura/STM32Cube/Repository/STM32Cube_FW_L0_V1.12.1/Drivers/CMSIS/Include -I../USB_DEVICE/App -I../USB_DEVICE/Target -I/Users/christophemura/STM32Cube/Repository/STM32Cube_FW_L0_V1.12.1/Middlewares/ST/STM32_USB_Device_Library/Core/Inc -I/Users/christophemura/STM32Cube/Repository/STM32Cube_FW_L0_V1.12.1/Middlewares/ST/STM32_USB_Device_Library/Class/CustomHID/Inc -O0 -ffunction-sections -fdata-sections -Wall -fstack-usage -MMD -MP -MF"Drivers/STM32L0xx_HAL_Driver/stm32l0xx_hal_adc_ex.d" -MT"Drivers/STM32L0xx_HAL_Driver/stm32l0xx_hal_adc_ex.o" --specs=nano.specs -mfloat-abi=soft -mthumb -o "Drivers/STM32L0xx_HAL_Driver/stm32l0xx_hal_adc_ex.o"
arm-none-eabi-gcc "/Users/christophemura/STM32Cube/Repository/STM32Cube_FW_L0_V1.12.1/Drivers/STM32L0xx_HAL_Driver/Src/stm32l0xx_hal_cortex.c" -mcpu=cortex-m0plus -std=gnu11 -g3 -DDEBUG -DUSE_HAL_DRIVER -DSTM32L073xx -c -I../Core/Inc -I/Users/christophemura/STM32Cube/Repository/STM32Cube_FW_L0_V1.12.1/Drivers/STM32L0xx_HAL_Driver/Inc -I/Users/christophemura/STM32Cube/Repository/STM32Cube_FW_L0_V1.12.1/Drivers/STM32L0xx_HAL_Driver/Inc/Legacy -I/Users/christophemura/STM32Cube/Repository/STM32Cube_FW_L0_V1.12.1/Drivers/CMSIS/Device/ST/STM32L0xx/Include -I/Users/christophemura/STM32Cube/Repository/STM32Cube_FW_L0_V1.12.1/Drivers/CMSIS/Include -I../USB_DEVICE/App -I../USB_DEVICE/Target -I/Users/christophemura/STM32Cube/Repository/STM32Cube_FW_L0_V1.12.1/Middlewares/ST/STM32_USB_Device_Library/Core/Inc -I/Users/christophemura/STM32Cube/Repository/STM32Cube_FW_L0_V1.12.1/Middlewares/ST/STM32_USB_Device_Library/Class/CustomHID/Inc -O0 -ffunction-sections -fdata-sections -Wall -fstack-usage -MMD -MP -MF"Drivers/STM32L0xx_HAL_Driver/stm32l0xx_hal_cortex.d" -MT"Drivers/STM32L0xx_HAL_Driver/stm32l0xx_hal_cortex.o" --specs=nano.specs -mfloat-abi=soft -mthumb -o "Drivers/STM32L0xx_HAL_Driver/stm32l0xx_hal_cortex.o"
arm-none-eabi-gcc "/Users/christophemura/STM32Cube/Repository/STM32Cube_FW_L0_V1.12.1/Drivers/STM32L0xx_HAL_Driver/Src/stm32l0xx_hal_dma.c" -mcpu=cortex-m0plus -std=gnu11 -g3 -DDEBUG -DUSE_HAL_DRIVER -DSTM32L073xx -c -I../Core/Inc -I/Users/christophemura/STM32Cube/Repository/STM32Cube_FW_L0_V1.12.1/Drivers/STM32L0xx_HAL_Driver/Inc -I/Users/christophemura/STM32Cube/Repository/STM32Cube_FW_L0_V1.12.1/Drivers/STM32L0xx_HAL_Driver/Inc/Legacy -I/Users/christophemura/STM32Cube/Repository/STM32Cube_FW_L0_V1.12.1/Drivers/CMSIS/Device/ST/STM32L0xx/Include -I/Users/christophemura/STM32Cube/Repository/STM32Cube_FW_L0_V1.12.1/Drivers/CMSIS/Include -I../USB_DEVICE/App -I../USB_DEVICE/Target -I/Users/christophemura/STM32Cube/Repository/STM32Cube_FW_L0_V1.12.1/Middlewares/ST/STM32_USB_Device_Library/Core/Inc -I/Users/christophemura/STM32Cube/Repository/STM32Cube_FW_L0_V1.12.1/Middlewares/ST/STM32_USB_Device_Library/Class/CustomHID/Inc -O0 -ffunction-sections -fdata-sections -Wall -fstack-usage -MMD -MP -MF"Drivers/STM32L0xx_HAL_Driver/stm32l0xx_hal_dma.d" -MT"Drivers/STM32L0xx_HAL_Driver/stm32l0xx_hal_dma.o" --specs=nano.specs -mfloat-abi=soft -mthumb -o "Drivers/STM32L0xx_HAL_Driver/stm32l0xx_hal_dma.o"
arm-none-eabi-gcc "/Users/christophemura/STM32Cube/Repository/STM32Cube_FW_L0_V1.12.1/Drivers/STM32L0xx_HAL_Driver/Src/stm32l0xx_hal_exti.c" -mcpu=cortex-m0plus -std=gnu11 -g3 -DDEBUG -DUSE_HAL_DRIVER -DSTM32L073xx -c -I../Core/Inc -I/Users/christophemura/STM32Cube/Repository/STM32Cube_FW_L0_V1.12.1/Drivers/STM32L0xx_HAL_Driver/Inc -I/Users/christophemura/STM32Cube/Repository/STM32Cube_FW_L0_V1.12.1/Drivers/STM32L0xx_HAL_Driver/Inc/Legacy -I/Users/christophemura/STM32Cube/Repository/STM32Cube_FW_L0_V1.12.1/Drivers/CMSIS/Device/ST/STM32L0xx/Include -I/Users/christophemura/STM32Cube/Repository/STM32Cube_FW_L0_V1.12.1/Drivers/CMSIS/Include -I../USB_DEVICE/App -I../USB_DEVICE/Target -I/Users/christophemura/STM32Cube/Repository/STM32Cube_FW_L0_V1.12.1/Middlewares/ST/STM32_USB_Device_Library/Core/Inc -I/Users/christophemura/STM32Cube/Repository/STM32Cube_FW_L0_V1.12.1/Middlewares/ST/STM32_USB_Device_Library/Class/CustomHID/Inc -O0 -ffunction-sections -fdata-sections -Wall -fstack-usage -MMD -MP -MF"Drivers/STM32L0xx_HAL_Driver/stm32l0xx_hal_exti.d" -MT"Drivers/STM32L0xx_HAL_Driver/stm32l0xx_hal_exti.o" --specs=nano.specs -mfloat-abi=soft -mthumb -o "Drivers/STM32L0xx_HAL_Driver/stm32l0xx_hal_exti.o"
arm-none-eabi-gcc "/Users/christophemura/STM32Cube/Repository/STM32Cube_FW_L0_V1.12.1/Drivers/STM32L0xx_HAL_Driver/Src/stm32l0xx_hal_flash.c" -mcpu=cortex-m0plus -std=gnu11 -g3 -DDEBUG -DUSE_HAL_DRIVER -DSTM32L073xx -c -I../Core/Inc -I/Users/christophemura/STM32Cube/Repository/STM32Cube_FW_L0_V1.12.1/Drivers/STM32L0xx_HAL_Driver/Inc -I/Users/christophemura/STM32Cube/Repository/STM32Cube_FW_L0_V1.12.1/Drivers/STM32L0xx_HAL_Driver/Inc/Legacy -I/Users/christophemura/STM32Cube/Repository/STM32Cube_FW_L0_V1.12.1/Drivers/CMSIS/Device/ST/STM32L0xx/Include -I/Users/christophemura/STM32Cube/Repository/STM32Cube_FW_L0_V1.12.1/Drivers/CMSIS/Include -I../USB_DEVICE/App -I../USB_DEVICE/Target -I/Users/christophemura/STM32Cube/Repository/STM32Cube_FW_L0_V1.12.1/Middlewares/ST/STM32_USB_Device_Library/Core/Inc -I/Users/christophemura/STM32Cube/Repository/STM32Cube_FW_L0_V1.12.1/Middlewares/ST/STM32_USB_Device_Library/Class/CustomHID/Inc -O0 -ffunction-sections -fdata-sections -Wall -fstack-usage -MMD -MP -MF"Drivers/STM32L0xx_HAL_Driver/stm32l0xx_hal_flash.d" -MT"Drivers/STM32L0xx_HAL_Driver/stm32l0xx_hal_flash.o" --specs=nano.specs -mfloat-abi=soft -mthumb -o "Drivers/STM32L0xx_HAL_Driver/stm32l0xx_hal_flash.o"
arm-none-eabi-gcc "/Users/christophemura/STM32Cube/Repository/STM32Cube_FW_L0_V1.12.1/Drivers/STM32L0xx_HAL_Driver/Src/stm32l0xx_hal_flash_ex.c" -mcpu=cortex-m0plus -std=gnu11 -g3 -DDEBUG -DUSE_HAL_DRIVER -DSTM32L073xx -c -I../Core/Inc -I/Users/christophemura/STM32Cube/Repository/STM32Cube_FW_L0_V1.12.1/Drivers/STM32L0xx_HAL_Driver/Inc -I/Users/christophemura/STM32Cube/Repository/STM32Cube_FW_L0_V1.12.1/Drivers/STM32L0xx_HAL_Driver/Inc/Legacy -I/Users/christophemura/STM32Cube/Repository/STM32Cube_FW_L0_V1.12.1/Drivers/CMSIS/Device/ST/STM32L0xx/Include -I/Users/christophemura/STM32Cube/Repository/STM32Cube_FW_L0_V1.12.1/Drivers/CMSIS/Include -I../USB_DEVICE/App -I../USB_DEVICE/Target -I/Users/christophemura/STM32Cube/Repository/STM32Cube_FW_L0_V1.12.1/Middlewares/ST/STM32_USB_Device_Library/Core/Inc -I/Users/christophemura/STM32Cube/Repository/STM32Cube_FW_L0_V1.12.1/Middlewares/ST/STM32_USB_Device_Library/Class/CustomHID/Inc -O0 -ffunction-sections -fdata-sections -Wall -fstack-usage -MMD -MP -MF"Drivers/STM32L0xx_HAL_Driver/stm32l0xx_hal_flash_ex.d" -MT"Drivers/STM32L0xx_HAL_Driver/stm32l0xx_hal_flash_ex.o" --specs=nano.specs -mfloat-abi=soft -mthumb -o "Drivers/STM32L0xx_HAL_Driver/stm32l0xx_hal_flash_ex.o"
arm-none-eabi-gcc "/Users/christophemura/STM32Cube/Repository/STM32Cube_FW_L0_V1.12.1/Drivers/STM32L0xx_HAL_Driver/Src/stm32l0xx_hal_flash_ramfunc.c" -mcpu=cortex-m0plus -std=gnu11 -g3 -DDEBUG -DUSE_HAL_DRIVER -DSTM32L073xx -c -I../Core/Inc -I/Users/christophemura/STM32Cube/Repository/STM32Cube_FW_L0_V1.12.1/Drivers/STM32L0xx_HAL_Driver/Inc -I/Users/christophemura/STM32Cube/Repository/STM32Cube_FW_L0_V1.12.1/Drivers/STM32L0xx_HAL_Driver/Inc/Legacy -I/Users/christophemura/STM32Cube/Repository/STM32Cube_FW_L0_V1.12.1/Drivers/CMSIS/Device/ST/STM32L0xx/Include -I/Users/christophemura/STM32Cube/Repository/STM32Cube_FW_L0_V1.12.1/Drivers/CMSIS/Include -I../USB_DEVICE/App -I../USB_DEVICE/Target -I/Users/christophemura/STM32Cube/Repository/STM32Cube_FW_L0_V1.12.1/Middlewares/ST/STM32_USB_Device_Library/Core/Inc -I/Users/christophemura/STM32Cube/Repository/STM32Cube_FW_L0_V1.12.1/Middlewares/ST/STM32_USB_Device_Library/Class/CustomHID/Inc -O0 -ffunction-sections -fdata-sections -Wall -fstack-usage -MMD -MP -MF"Drivers/STM32L0xx_HAL_Driver/stm32l0xx_hal_flash_ramfunc.d" -MT"Drivers/STM32L0xx_HAL_Driver/stm32l0xx_hal_flash_ramfunc.o" --specs=nano.specs -mfloat-abi=soft -mthumb -o "Drivers/STM32L0xx_HAL_Driver/stm32l0xx_hal_flash_ramfunc.o"
arm-none-eabi-gcc "/Users/christophemura/STM32Cube/Repository/STM32Cube_FW_L0_V1.12.1/Drivers/STM32L0xx_HAL_Driver/Src/stm32l0xx_hal_gpio.c" -mcpu=cortex-m0plus -std=gnu11 -g3 -DDEBUG -DUSE_HAL_DRIVER -DSTM32L073xx -c -I../Core/Inc -I/Users/christophemura/STM32Cube/Repository/STM32Cube_FW_L0_V1.12.1/Drivers/STM32L0xx_HAL_Driver/Inc -I/Users/christophemura/STM32Cube/Repository/STM32Cube_FW_L0_V1.12.1/Drivers/STM32L0xx_HAL_Driver/Inc/Legacy -I/Users/christophemura/STM32Cube/Repository/STM32Cube_FW_L0_V1.12.1/Drivers/CMSIS/Device/ST/STM32L0xx/Include -I/Users/christophemura/STM32Cube/Repository/STM32Cube_FW_L0_V1.12.1/Drivers/CMSIS/Include -I../USB_DEVICE/App -I../USB_DEVICE/Target -I/Users/christophemura/STM32Cube/Repository/STM32Cube_FW_L0_V1.12.1/Middlewares/ST/STM32_USB_Device_Library/Core/Inc -I/Users/christophemura/STM32Cube/Repository/STM32Cube_FW_L0_V1.12.1/Middlewares/ST/STM32_USB_Device_Library/Class/CustomHID/Inc -O0 -ffunction-sections -fdata-sections -Wall -fstack-usage -MMD -MP -MF"Drivers/STM32L0xx_HAL_Driver/stm32l0xx_hal_gpio.d" -MT"Drivers/STM32L0xx_HAL_Driver/stm32l0xx_hal_gpio.o" --specs=nano.specs -mfloat-abi=soft -mthumb -o "Drivers/STM32L0xx_HAL_Driver/stm32l0xx_hal_gpio.o"
arm-none-eabi-gcc "/Users/christophemura/STM32Cube/Repository/STM32Cube_FW_L0_V1.12.1/Drivers/STM32L0xx_HAL_Driver/Src/stm32l0xx_hal_i2c.c" -mcpu=cortex-m0plus -std=gnu11 -g3 -DDEBUG -DUSE_HAL_DRIVER -DSTM32L073xx -c -I../Core/Inc -I/Users/christophemura/STM32Cube/Repository/STM32Cube_FW_L0_V1.12.1/Drivers/STM32L0xx_HAL_Driver/Inc -I/Users/christophemura/STM32Cube/Repository/STM32Cube_FW_L0_V1.12.1/Drivers/STM32L0xx_HAL_Driver/Inc/Legacy -I/Users/christophemura/STM32Cube/Repository/STM32Cube_FW_L0_V1.12.1/Drivers/CMSIS/Device/ST/STM32L0xx/Include -I/Users/christophemura/STM32Cube/Repository/STM32Cube_FW_L0_V1.12.1/Drivers/CMSIS/Include -I../USB_DEVICE/App -I../USB_DEVICE/Target -I/Users/christophemura/STM32Cube/Repository/STM32Cube_FW_L0_V1.12.1/Middlewares/ST/STM32_USB_Device_Library/Core/Inc -I/Users/christophemura/STM32Cube/Repository/STM32Cube_FW_L0_V1.12.1/Middlewares/ST/STM32_USB_Device_Library/Class/CustomHID/Inc -O0 -ffunction-sections -fdata-sections -Wall -fstack-usage -MMD -MP -MF"Drivers/STM32L0xx_HAL_Driver/stm32l0xx_hal_i2c.d" -MT"Drivers/STM32L0xx_HAL_Driver/stm32l0xx_hal_i2c.o" --specs=nano.specs -mfloat-abi=soft -mthumb -o "Drivers/STM32L0xx_HAL_Driver/stm32l0xx_hal_i2c.o"
arm-none-eabi-gcc "/Users/christophemura/STM32Cube/Repository/STM32Cube_FW_L0_V1.12.1/Drivers/STM32L0xx_HAL_Driver/Src/stm32l0xx_hal_i2c_ex.c" -mcpu=cortex-m0plus -std=gnu11 -g3 -DDEBUG -DUSE_HAL_DRIVER -DSTM32L073xx -c -I../Core/Inc -I/Users/christophemura/STM32Cube/Repository/STM32Cube_FW_L0_V1.12.1/Drivers/STM32L0xx_HAL_Driver/Inc -I/Users/christophemura/STM32Cube/Repository/STM32Cube_FW_L0_V1.12.1/Drivers/STM32L0xx_HAL_Driver/Inc/Legacy -I/Users/christophemura/STM32Cube/Repository/STM32Cube_FW_L0_V1.12.1/Drivers/CMSIS/Device/ST/STM32L0xx/Include -I/Users/christophemura/STM32Cube/Repository/STM32Cube_FW_L0_V1.12.1/Drivers/CMSIS/Include -I../USB_DEVICE/App -I../USB_DEVICE/Target -I/Users/christophemura/STM32Cube/Repository/STM32Cube_FW_L0_V1.12.1/Middlewares/ST/STM32_USB_Device_Library/Core/Inc -I/Users/christophemura/STM32Cube/Repository/STM32Cube_FW_L0_V1.12.1/Middlewares/ST/STM32_USB_Device_Library/Class/CustomHID/Inc -O0 -ffunction-sections -fdata-sections -Wall -fstack-usage -MMD -MP -MF"Drivers/STM32L0xx_HAL_Driver/stm32l0xx_hal_i2c_ex.d" -MT"Drivers/STM32L0xx_HAL_Driver/stm32l0xx_hal_i2c_ex.o" --specs=nano.specs -mfloat-abi=soft -mthumb -o "Drivers/STM32L0xx_HAL_Driver/stm32l0xx_hal_i2c_ex.o"
arm-none-eabi-gcc "/Users/christophemura/STM32Cube/Repository/STM32Cube_FW_L0_V1.12.1/Drivers/STM32L0xx_HAL_Driver/Src/stm32l0xx_hal_pcd.c" -mcpu=cortex-m0plus -std=gnu11 -g3 -DDEBUG -DUSE_HAL_DRIVER -DSTM32L073xx -c -I../Core/Inc -I/Users/christophemura/STM32Cube/Repository/STM32Cube_FW_L0_V1.12.1/Drivers/STM32L0xx_HAL_Driver/Inc -I/Users/christophemura/STM32Cube/Repository/STM32Cube_FW_L0_V1.12.1/Drivers/STM32L0xx_HAL_Driver/Inc/Legacy -I/Users/christophemura/STM32Cube/Repository/STM32Cube_FW_L0_V1.12.1/Drivers/CMSIS/Device/ST/STM32L0xx/Include -I/Users/christophemura/STM32Cube/Repository/STM32Cube_FW_L0_V1.12.1/Drivers/CMSIS/Include -I../USB_DEVICE/App -I../USB_DEVICE/Target -I/Users/christophemura/STM32Cube/Repository/STM32Cube_FW_L0_V1.12.1/Middlewares/ST/STM32_USB_Device_Library/Core/Inc -I/Users/christophemura/STM32Cube/Repository/STM32Cube_FW_L0_V1.12.1/Middlewares/ST/STM32_USB_Device_Library/Class/CustomHID/Inc -O0 -ffunction-sections -fdata-sections -Wall -fstack-usage -MMD -MP -MF"Drivers/STM32L0xx_HAL_Driver/stm32l0xx_hal_pcd.d" -MT"Drivers/STM32L0xx_HAL_Driver/stm32l0xx_hal_pcd.o" --specs=nano.specs -mfloat-abi=soft -mthumb -o "Drivers/STM32L0xx_HAL_Driver/stm32l0xx_hal_pcd.o"
arm-none-eabi-gcc "/Users/christophemura/STM32Cube/Repository/STM32Cube_FW_L0_V1.12.1/Drivers/STM32L0xx_HAL_Driver/Src/stm32l0xx_hal_pcd_ex.c" -mcpu=cortex-m0plus -std=gnu11 -g3 -DDEBUG -DUSE_HAL_DRIVER -DSTM32L073xx -c -I../Core/Inc -I/Users/christophemura/STM32Cube/Repository/STM32Cube_FW_L0_V1.12.1/Drivers/STM32L0xx_HAL_Driver/Inc -I/Users/christophemura/STM32Cube/Repository/STM32Cube_FW_L0_V1.12.1/Drivers/STM32L0xx_HAL_Driver/Inc/Legacy -I/Users/christophemura/STM32Cube/Repository/STM32Cube_FW_L0_V1.12.1/Drivers/CMSIS/Device/ST/STM32L0xx/Include -I/Users/christophemura/STM32Cube/Repository/STM32Cube_FW_L0_V1.12.1/Drivers/CMSIS/Include -I../USB_DEVICE/App -I../USB_DEVICE/Target -I/Users/christophemura/STM32Cube/Repository/STM32Cube_FW_L0_V1.12.1/Middlewares/ST/STM32_USB_Device_Library/Core/Inc -I/Users/christophemura/STM32Cube/Repository/STM32Cube_FW_L0_V1.12.1/Middlewares/ST/STM32_USB_Device_Library/Class/CustomHID/Inc -O0 -ffunction-sections -fdata-sections -Wall -fstack-usage -MMD -MP -MF"Drivers/STM32L0xx_HAL_Driver/stm32l0xx_hal_pcd_ex.d" -MT"Drivers/STM32L0xx_HAL_Driver/stm32l0xx_hal_pcd_ex.o" --specs=nano.specs -mfloat-abi=soft -mthumb -o "Drivers/STM32L0xx_HAL_Driver/stm32l0xx_hal_pcd_ex.o"
arm-none-eabi-gcc "/Users/christophemura/STM32Cube/Repository/STM32Cube_FW_L0_V1.12.1/Drivers/STM32L0xx_HAL_Driver/Src/stm32l0xx_hal_pwr.c" -mcpu=cortex-m0plus -std=gnu11 -g3 -DDEBUG -DUSE_HAL_DRIVER -DSTM32L073xx -c -I../Core/Inc -I/Users/christophemura/STM32Cube/Repository/STM32Cube_FW_L0_V1.12.1/Drivers/STM32L0xx_HAL_Driver/Inc -I/Users/christophemura/STM32Cube/Repository/STM32Cube_FW_L0_V1.12.1/Drivers/STM32L0xx_HAL_Driver/Inc/Legacy -I/Users/christophemura/STM32Cube/Repository/STM32Cube_FW_L0_V1.12.1/Drivers/CMSIS/Device/ST/STM32L0xx/Include -I/Users/christophemura/STM32Cube/Repository/STM32Cube_FW_L0_V1.12.1/Drivers/CMSIS/Include -I../USB_DEVICE/App -I../USB_DEVICE/Target -I/Users/christophemura/STM32Cube/Repository/STM32Cube_FW_L0_V1.12.1/Middlewares/ST/STM32_USB_Device_Library/Core/Inc -I/Users/christophemura/STM32Cube/Repository/STM32Cube_FW_L0_V1.12.1/Middlewares/ST/STM32_USB_Device_Library/Class/CustomHID/Inc -O0 -ffunction-sections -fdata-sections -Wall -fstack-usage -MMD -MP -MF"Drivers/STM32L0xx_HAL_Driver/stm32l0xx_hal_pwr.d" -MT"Drivers/STM32L0xx_HAL_Driver/stm32l0xx_hal_pwr.o" --specs=nano.specs -mfloat-abi=soft -mthumb -o "Drivers/STM32L0xx_HAL_Driver/stm32l0xx_hal_pwr.o"
arm-none-eabi-gcc "/Users/christophemura/STM32Cube/Repository/STM32Cube_FW_L0_V1.12.1/Drivers/STM32L0xx_HAL_Driver/Src/stm32l0xx_hal_pwr_ex.c" -mcpu=cortex-m0plus -std=gnu11 -g3 -DDEBUG -DUSE_HAL_DRIVER -DSTM32L073xx -c -I../Core/Inc -I/Users/christophemura/STM32Cube/Repository/STM32Cube_FW_L0_V1.12.1/Drivers/STM32L0xx_HAL_Driver/Inc -I/Users/christophemura/STM32Cube/Repository/STM32Cube_FW_L0_V1.12.1/Drivers/STM32L0xx_HAL_Driver/Inc/Legacy -I/Users/christophemura/STM32Cube/Repository/STM32Cube_FW_L0_V1.12.1/Drivers/CMSIS/Device/ST/STM32L0xx/Include -I/Users/christophemura/STM32Cube/Repository/STM32Cube_FW_L0_V1.12.1/Drivers/CMSIS/Include -I../USB_DEVICE/App -I../USB_DEVICE/Target -I/Users/christophemura/STM32Cube/Repository/STM32Cube_FW_L0_V1.12.1/Middlewares/ST/STM32_USB_Device_Library/Core/Inc -I/Users/christophemura/STM32Cube/Repository/STM32Cube_FW_L0_V1.12.1/Middlewares/ST/STM32_USB_Device_Library/Class/CustomHID/Inc -O0 -ffunction-sections -fdata-sections -Wall -fstack-usage -MMD -MP -MF"Drivers/STM32L0xx_HAL_Driver/stm32l0xx_hal_pwr_ex.d" -MT"Drivers/STM32L0xx_HAL_Driver/stm32l0xx_hal_pwr_ex.o" --specs=nano.specs -mfloat-abi=soft -mthumb -o "Drivers/STM32L0xx_HAL_Driver/stm32l0xx_hal_pwr_ex.o"
arm-none-eabi-gcc "/Users/christophemura/STM32Cube/Repository/STM32Cube_FW_L0_V1.12.1/Drivers/STM32L0xx_HAL_Driver/Src/stm32l0xx_hal_rcc.c" -mcpu=cortex-m0plus -std=gnu11 -g3 -DDEBUG -DUSE_HAL_DRIVER -DSTM32L073xx -c -I../Core/Inc -I/Users/christophemura/STM32Cube/Repository/STM32Cube_FW_L0_V1.12.1/Drivers/STM32L0xx_HAL_Driver/Inc -I/Users/christophemura/STM32Cube/Repository/STM32Cube_FW_L0_V1.12.1/Drivers/STM32L0xx_HAL_Driver/Inc/Legacy -I/Users/christophemura/STM32Cube/Repository/STM32Cube_FW_L0_V1.12.1/Drivers/CMSIS/Device/ST/STM32L0xx/Include -I/Users/christophemura/STM32Cube/Repository/STM32Cube_FW_L0_V1.12.1/Drivers/CMSIS/Include -I../USB_DEVICE/App -I../USB_DEVICE/Target -I/Users/christophemura/STM32Cube/Repository/STM32Cube_FW_L0_V1.12.1/Middlewares/ST/STM32_USB_Device_Library/Core/Inc -I/Users/christophemura/STM32Cube/Repository/STM32Cube_FW_L0_V1.12.1/Middlewares/ST/STM32_USB_Device_Library/Class/CustomHID/Inc -O0 -ffunction-sections -fdata-sections -Wall -fstack-usage -MMD -MP -MF"Drivers/STM32L0xx_HAL_Driver/stm32l0xx_hal_rcc.d" -MT"Drivers/STM32L0xx_HAL_Driver/stm32l0xx_hal_rcc.o" --specs=nano.specs -mfloat-abi=soft -mthumb -o "Drivers/STM32L0xx_HAL_Driver/stm32l0xx_hal_rcc.o"
arm-none-eabi-gcc "/Users/christophemura/STM32Cube/Repository/STM32Cube_FW_L0_V1.12.1/Drivers/STM32L0xx_HAL_Driver/Src/stm32l0xx_hal_rcc_ex.c" -mcpu=cortex-m0plus -std=gnu11 -g3 -DDEBUG -DUSE_HAL_DRIVER -DSTM32L073xx -c -I../Core/Inc -I/Users/christophemura/STM32Cube/Repository/STM32Cube_FW_L0_V1.12.1/Drivers/STM32L0xx_HAL_Driver/Inc -I/Users/christophemura/STM32Cube/Repository/STM32Cube_FW_L0_V1.12.1/Drivers/STM32L0xx_HAL_Driver/Inc/Legacy -I/Users/christophemura/STM32Cube/Repository/STM32Cube_FW_L0_V1.12.1/Drivers/CMSIS/Device/ST/STM32L0xx/Include -I/Users/christophemura/STM32Cube/Repository/STM32Cube_FW_L0_V1.12.1/Drivers/CMSIS/Include -I../USB_DEVICE/App -I../USB_DEVICE/Target -I/Users/christophemura/STM32Cube/Repository/STM32Cube_FW_L0_V1.12.1/Middlewares/ST/STM32_USB_Device_Library/Core/Inc -I/Users/christophemura/STM32Cube/Repository/STM32Cube_FW_L0_V1.12.1/Middlewares/ST/STM32_USB_Device_Library/Class/CustomHID/Inc -O0 -ffunction-sections -fdata-sections -Wall -fstack-usage -MMD -MP -MF"Drivers/STM32L0xx_HAL_Driver/stm32l0xx_hal_rcc_ex.d" -MT"Drivers/STM32L0xx_HAL_Driver/stm32l0xx_hal_rcc_ex.o" --specs=nano.specs -mfloat-abi=soft -mthumb -o "Drivers/STM32L0xx_HAL_Driver/stm32l0xx_hal_rcc_ex.o"
arm-none-eabi-gcc "/Users/christophemura/STM32Cube/Repository/STM32Cube_FW_L0_V1.12.1/Drivers/STM32L0xx_HAL_Driver/Src/stm32l0xx_hal_tim.c" -mcpu=cortex-m0plus -std=gnu11 -g3 -DDEBUG -DUSE_HAL_DRIVER -DSTM32L073xx -c -I../Core/Inc -I/Users/christophemura/STM32Cube/Repository/STM32Cube_FW_L0_V1.12.1/Drivers/STM32L0xx_HAL_Driver/Inc -I/Users/christophemura/STM32Cube/Repository/STM32Cube_FW_L0_V1.12.1/Drivers/STM32L0xx_HAL_Driver/Inc/Legacy -I/Users/christophemura/STM32Cube/Repository/STM32Cube_FW_L0_V1.12.1/Drivers/CMSIS/Device/ST/STM32L0xx/Include -I/Users/christophemura/STM32Cube/Repository/STM32Cube_FW_L0_V1.12.1/Drivers/CMSIS/Include -I../USB_DEVICE/App -I../USB_DEVICE/Target -I/Users/christophemura/STM32Cube/Repository/STM32Cube_FW_L0_V1.12.1/Middlewares/ST/STM32_USB_Device_Library/Core/Inc -I/Users/christophemura/STM32Cube/Repository/STM32Cube_FW_L0_V1.12.1/Middlewares/ST/STM32_USB_Device_Library/Class/CustomHID/Inc -O0 -ffunction-sections -fdata-sections -Wall -fstack-usage -MMD -MP -MF"Drivers/STM32L0xx_HAL_Driver/stm32l0xx_hal_tim.d" -MT"Drivers/STM32L0xx_HAL_Driver/stm32l0xx_hal_tim.o" --specs=nano.specs -mfloat-abi=soft -mthumb -o "Drivers/STM32L0xx_HAL_Driver/stm32l0xx_hal_tim.o"
arm-none-eabi-gcc "/Users/christophemura/STM32Cube/Repository/STM32Cube_FW_L0_V1.12.1/Drivers/STM32L0xx_HAL_Driver/Src/stm32l0xx_hal_tim_ex.c" -mcpu=cortex-m0plus -std=gnu11 -g3 -DDEBUG -DUSE_HAL_DRIVER -DSTM32L073xx -c -I../Core/Inc -I/Users/christophemura/STM32Cube/Repository/STM32Cube_FW_L0_V1.12.1/Drivers/STM32L0xx_HAL_Driver/Inc -I/Users/christophemura/STM32Cube/Repository/STM32Cube_FW_L0_V1.12.1/Drivers/STM32L0xx_HAL_Driver/Inc/Legacy -I/Users/christophemura/STM32Cube/Repository/STM32Cube_FW_L0_V1.12.1/Drivers/CMSIS/Device/ST/STM32L0xx/Include -I/Users/christophemura/STM32Cube/Repository/STM32Cube_FW_L0_V1.12.1/Drivers/CMSIS/Include -I../USB_DEVICE/App -I../USB_DEVICE/Target -I/Users/christophemura/STM32Cube/Repository/STM32Cube_FW_L0_V1.12.1/Middlewares/ST/STM32_USB_Device_Library/Core/Inc -I/Users/christophemura/STM32Cube/Repository/STM32Cube_FW_L0_V1.12.1/Middlewares/ST/STM32_USB_Device_Library/Class/CustomHID/Inc -O0 -ffunction-sections -fdata-sections -Wall -fstack-usage -MMD -MP -MF"Drivers/STM32L0xx_HAL_Driver/stm32l0xx_hal_tim_ex.d" -MT"Drivers/STM32L0xx_HAL_Driver/stm32l0xx_hal_tim_ex.o" --specs=nano.specs -mfloat-abi=soft -mthumb -o "Drivers/STM32L0xx_HAL_Driver/stm32l0xx_hal_tim_ex.o"
arm-none-eabi-gcc "/Users/christophemura/STM32Cube/Repository/STM32Cube_FW_L0_V1.12.1/Drivers/STM32L0xx_HAL_Driver/Src/stm32l0xx_hal_uart.c" -mcpu=cortex-m0plus -std=gnu11 -g3 -DDEBUG -DUSE_HAL_DRIVER -DSTM32L073xx -c -I../Core/Inc -I/Users/christophemura/STM32Cube/Repository/STM32Cube_FW_L0_V1.12.1/Drivers/STM32L0xx_HAL_Driver/Inc -I/Users/christophemura/STM32Cube/Repository/STM32Cube_FW_L0_V1.12.1/Drivers/STM32L0xx_HAL_Driver/Inc/Legacy -I/Users/christophemura/STM32Cube/Repository/STM32Cube_FW_L0_V1.12.1/Drivers/CMSIS/Device/ST/STM32L0xx/Include -I/Users/christophemura/STM32Cube/Repository/STM32Cube_FW_L0_V1.12.1/Drivers/CMSIS/Include -I../USB_DEVICE/App -I../USB_DEVICE/Target -I/Users/christophemura/STM32Cube/Repository/STM32Cube_FW_L0_V1.12.1/Middlewares/ST/STM32_USB_Device_Library/Core/Inc -I/Users/christophemura/STM32Cube/Repository/STM32Cube_FW_L0_V1.12.1/Middlewares/ST/STM32_USB_Device_Library/Class/CustomHID/Inc -O0 -ffunction-sections -fdata-sections -Wall -fstack-usage -MMD -MP -MF"Drivers/STM32L0xx_HAL_Driver/stm32l0xx_hal_uart.d" -MT"Drivers/STM32L0xx_HAL_Driver/stm32l0xx_hal_uart.o" --specs=nano.specs -mfloat-abi=soft -mthumb -o "Drivers/STM32L0xx_HAL_Driver/stm32l0xx_hal_uart.o"
arm-none-eabi-gcc "/Users/christophemura/STM32Cube/Repository/STM32Cube_FW_L0_V1.12.1/Drivers/STM32L0xx_HAL_Driver/Src/stm32l0xx_hal_uart_ex.c" -mcpu=cortex-m0plus -std=gnu11 -g3 -DDEBUG -DUSE_HAL_DRIVER -DSTM32L073xx -c -I../Core/Inc -I/Users/christophemura/STM32Cube/Repository/STM32Cube_FW_L0_V1.12.1/Drivers/STM32L0xx_HAL_Driver/Inc -I/Users/christophemura/STM32Cube/Repository/STM32Cube_FW_L0_V1.12.1/Drivers/STM32L0xx_HAL_Driver/Inc/Legacy -I/Users/christophemura/STM32Cube/Repository/STM32Cube_FW_L0_V1.12.1/Drivers/CMSIS/Device/ST/STM32L0xx/Include -I/Users/christophemura/STM32Cube/Repository/STM32Cube_FW_L0_V1.12.1/Drivers/CMSIS/Include -I../USB_DEVICE/App -I../USB_DEVICE/Target -I/Users/christophemura/STM32Cube/Repository/STM32Cube_FW_L0_V1.12.1/Middlewares/ST/STM32_USB_Device_Library/Core/Inc -I/Users/christophemura/STM32Cube/Repository/STM32Cube_FW_L0_V1.12.1/Middlewares/ST/STM32_USB_Device_Library/Class/CustomHID/Inc -O0 -ffunction-sections -fdata-sections -Wall -fstack-usage -MMD -MP -MF"Drivers/STM32L0xx_HAL_Driver/stm32l0xx_hal_uart_ex.d" -MT"Drivers/STM32L0xx_HAL_Driver/stm32l0xx_hal_uart_ex.o" --specs=nano.specs -mfloat-abi=soft -mthumb -o "Drivers/STM32L0xx_HAL_Driver/stm32l0xx_hal_uart_ex.o"
arm-none-eabi-gcc "/Users/christophemura/STM32Cube/Repository/STM32Cube_FW_L0_V1.12.1/Drivers/STM32L0xx_HAL_Driver/Src/stm32l0xx_ll_usb.c" -mcpu=cortex-m0plus -std=gnu11 -g3 -DDEBUG -DUSE_HAL_DRIVER -DSTM32L073xx -c -I../Core/Inc -I/Users/christophemura/STM32Cube/Repository/STM32Cube_FW_L0_V1.12.1/Drivers/STM32L0xx_HAL_Driver/Inc -I/Users/christophemura/STM32Cube/Repository/STM32Cube_FW_L0_V1.12.1/Drivers/STM32L0xx_HAL_Driver/Inc/Legacy -I/Users/christophemura/STM32Cube/Repository/STM32Cube_FW_L0_V1.12.1/Drivers/CMSIS/Device/ST/STM32L0xx/Include -I/Users/christophemura/STM32Cube/Repository/STM32Cube_FW_L0_V1.12.1/Drivers/CMSIS/Include -I../USB_DEVICE/App -I../USB_DEVICE/Target -I/Users/christophemura/STM32Cube/Repository/STM32Cube_FW_L0_V1.12.1/Middlewares/ST/STM32_USB_Device_Library/Core/Inc -I/Users/christophemura/STM32Cube/Repository/STM32Cube_FW_L0_V1.12.1/Middlewares/ST/STM32_USB_Device_Library/Class/CustomHID/Inc -O0 -ffunction-sections -fdata-sections -Wall -fstack-usage -MMD -MP -MF"Drivers/STM32L0xx_HAL_Driver/stm32l0xx_ll_usb.d" -MT"Drivers/STM32L0xx_HAL_Driver/stm32l0xx_ll_usb.o" --specs=nano.specs -mfloat-abi=soft -mthumb -o "Drivers/STM32L0xx_HAL_Driver/stm32l0xx_ll_usb.o"
arm-none-eabi-gcc -mcpu=cortex-m0plus -g3 -DDEBUG -c -x assembler-with-cpp -MMD -MP -MF"Core/Startup/startup_stm32l073cztx.d" -MT"Core/Startup/startup_stm32l073cztx.o" --specs=nano.specs -mfloat-abi=soft -mthumb -o "Core/Startup/startup_stm32l073cztx.o" "../Core/Startup/startup_stm32l073cztx.s"
arm-none-eabi-gcc "../Core/Src/main.c" -mcpu=cortex-m0plus -std=gnu11 -g3 -DDEBUG -DUSE_HAL_DRIVER -DSTM32L073xx -c -I../Core/Inc -I/Users/christophemura/STM32Cube/Repository/STM32Cube_FW_L0_V1.12.1/Drivers/STM32L0xx_HAL_Driver/Inc -I/Users/christophemura/STM32Cube/Repository/STM32Cube_FW_L0_V1.12.1/Drivers/STM32L0xx_HAL_Driver/Inc/Legacy -I/Users/christophemura/STM32Cube/Repository/STM32Cube_FW_L0_V1.12.1/Drivers/CMSIS/Device/ST/STM32L0xx/Include -I/Users/christophemura/STM32Cube/Repository/STM32Cube_FW_L0_V1.12.1/Drivers/CMSIS/Include -I../USB_DEVICE/App -I../USB_DEVICE/Target -I/Users/christophemura/STM32Cube/Repository/STM32Cube_FW_L0_V1.12.1/Middlewares/ST/STM32_USB_Device_Library/Core/Inc -I/Users/christophemura/STM32Cube/Repository/STM32Cube_FW_L0_V1.12.1/Middlewares/ST/STM32_USB_Device_Library/Class/CustomHID/Inc -O0 -ffunction-sections -fdata-sections -Wall -fstack-usage -MMD -MP -MF"Core/Src/main.d" -MT"Core/Src/main.o" --specs=nano.specs -mfloat-abi=soft -mthumb -o "Core/Src/main.o"
arm-none-eabi-gcc "../Core/Src/stm32l0xx_hal_msp.c" -mcpu=cortex-m0plus -std=gnu11 -g3 -DDEBUG -DUSE_HAL_DRIVER -DSTM32L073xx -c -I../Core/Inc -I/Users/christophemura/STM32Cube/Repository/STM32Cube_FW_L0_V1.12.1/Drivers/STM32L0xx_HAL_Driver/Inc -I/Users/christophemura/STM32Cube/Repository/STM32Cube_FW_L0_V1.12.1/Drivers/STM32L0xx_HAL_Driver/Inc/Legacy -I/Users/christophemura/STM32Cube/Repository/STM32Cube_FW_L0_V1.12.1/Drivers/CMSIS/Device/ST/STM32L0xx/Include -I/Users/christophemura/STM32Cube/Repository/STM32Cube_FW_L0_V1.12.1/Drivers/CMSIS/Include -I../USB_DEVICE/App -I../USB_DEVICE/Target -I/Users/christophemura/STM32Cube/Repository/STM32Cube_FW_L0_V1.12.1/Middlewares/ST/STM32_USB_Device_Library/Core/Inc -I/Users/christophemura/STM32Cube/Repository/STM32Cube_FW_L0_V1.12.1/Middlewares/ST/STM32_USB_Device_Library/Class/CustomHID/Inc -O0 -ffunction-sections -fdata-sections -Wall -fstack-usage -MMD -MP -MF"Core/Src/stm32l0xx_hal_msp.d" -MT"Core/Src/stm32l0xx_hal_msp.o" --specs=nano.specs -mfloat-abi=soft -mthumb -o "Core/Src/stm32l0xx_hal_msp.o"
arm-none-eabi-gcc "../Core/Src/stm32l0xx_it.c" -mcpu=cortex-m0plus -std=gnu11 -g3 -DDEBUG -DUSE_HAL_DRIVER -DSTM32L073xx -c -I../Core/Inc -I/Users/christophemura/STM32Cube/Repository/STM32Cube_FW_L0_V1.12.1/Drivers/STM32L0xx_HAL_Driver/Inc -I/Users/christophemura/STM32Cube/Repository/STM32Cube_FW_L0_V1.12.1/Drivers/STM32L0xx_HAL_Driver/Inc/Legacy -I/Users/christophemura/STM32Cube/Repository/STM32Cube_FW_L0_V1.12.1/Drivers/CMSIS/Device/ST/STM32L0xx/Include -I/Users/christophemura/STM32Cube/Repository/STM32Cube_FW_L0_V1.12.1/Drivers/CMSIS/Include -I../USB_DEVICE/App -I../USB_DEVICE/Target -I/Users/christophemura/STM32Cube/Repository/STM32Cube_FW_L0_V1.12.1/Middlewares/ST/STM32_USB_Device_Library/Core/Inc -I/Users/christophemura/STM32Cube/Repository/STM32Cube_FW_L0_V1.12.1/Middlewares/ST/STM32_USB_Device_Library/Class/CustomHID/Inc -O0 -ffunction-sections -fdata-sections -Wall -fstack-usage -MMD -MP -MF"Core/Src/stm32l0xx_it.d" -MT"Core/Src/stm32l0xx_it.o" --specs=nano.specs -mfloat-abi=soft -mthumb -o "Core/Src/stm32l0xx_it.o"
arm-none-eabi-gcc "../Core/Src/syscalls.c" -mcpu=cortex-m0plus -std=gnu11 -g3 -DDEBUG -DUSE_HAL_DRIVER -DSTM32L073xx -c -I../Core/Inc -I/Users/christophemura/STM32Cube/Repository/STM32Cube_FW_L0_V1.12.1/Drivers/STM32L0xx_HAL_Driver/Inc -I/Users/christophemura/STM32Cube/Repository/STM32Cube_FW_L0_V1.12.1/Drivers/STM32L0xx_HAL_Driver/Inc/Legacy -I/Users/christophemura/STM32Cube/Repository/STM32Cube_FW_L0_V1.12.1/Drivers/CMSIS/Device/ST/STM32L0xx/Include -I/Users/christophemura/STM32Cube/Repository/STM32Cube_FW_L0_V1.12.1/Drivers/CMSIS/Include -I../USB_DEVICE/App -I../USB_DEVICE/Target -I/Users/christophemura/STM32Cube/Repository/STM32Cube_FW_L0_V1.12.1/Middlewares/ST/STM32_USB_Device_Library/Core/Inc -I/Users/christophemura/STM32Cube/Repository/STM32Cube_FW_L0_V1.12.1/Middlewares/ST/STM32_USB_Device_Library/Class/CustomHID/Inc -O0 -ffunction-sections -fdata-sections -Wall -fstack-usage -MMD -MP -MF"Core/Src/syscalls.d" -MT"Core/Src/syscalls.o" --specs=nano.specs -mfloat-abi=soft -mthumb -o "Core/Src/syscalls.o"
../Core/Src/main.c: In function 'main':
../Core/Src/main.c:228:31: warning: passing argument 1 of 'USBD_CUSTOM_HID_SendReport' from incompatible pointer type [-Wincompatible-pointer-types]
  228 |    USBD_CUSTOM_HID_SendReport(&hUsbDeviceFS, &pumahid, sizeof(pumahid));
      |                               ^~~~~~~~~~~~~
      |                               |
      |                               USBD_CUSTOM_HID_HandleTypeDef * {aka struct <anonymous> *}
In file included from ../Core/Src/main.c:25:
/Users/christophemura/STM32Cube/Repository/STM32Cube_FW_L0_V1.12.1/Middlewares/ST/STM32_USB_Device_Library/Class/CustomHID/Inc/usbd_customhid.h:140:56: note: expected 'USBD_HandleTypeDef *' {aka 'struct _USBD_HandleTypeDef *'} but argument is of type 'USBD_CUSTOM_HID_HandleTypeDef *' {aka 'struct <anonymous> *'}
  140 | uint8_t USBD_CUSTOM_HID_SendReport(USBD_HandleTypeDef *pdev,
      |                                    ~~~~~~~~~~~~~~~~~~~~^~~~
../Core/Src/main.c:228:46: warning: passing argument 2 of 'USBD_CUSTOM_HID_SendReport' from incompatible pointer type [-Wincompatible-pointer-types]
  228 |    USBD_CUSTOM_HID_SendReport(&hUsbDeviceFS, &pumahid, sizeof(pumahid));
      |                                              ^~~~~~~~
      |                                              |
      |                                              pumaHID * {aka struct <anonymous> *}
In file included from ../Core/Src/main.c:25:
/Users/christophemura/STM32Cube/Repository/STM32Cube_FW_L0_V1.12.1/Middlewares/ST/STM32_USB_Device_Library/Class/CustomHID/Inc/usbd_customhid.h:141:45: note: expected 'uint8_t *' {aka 'unsigned char *'} but argument is of type 'pumaHID *' {aka 'struct <anonymous> *'}
  141 |                                    uint8_t *report,
      |                                    ~~~~~~~~~^~~~~~
arm-none-eabi-gcc "../Core/Src/sysmem.c" -mcpu=cortex-m0plus -std=gnu11 -g3 -DDEBUG -DUSE_HAL_DRIVER -DSTM32L073xx -c -I../Core/Inc -I/Users/christophemura/STM32Cube/Repository/STM32Cube_FW_L0_V1.12.1/Drivers/STM32L0xx_HAL_Driver/Inc -I/Users/christophemura/STM32Cube/Repository/STM32Cube_FW_L0_V1.12.1/Drivers/STM32L0xx_HAL_Driver/Inc/Legacy -I/Users/christophemura/STM32Cube/Repository/STM32Cube_FW_L0_V1.12.1/Drivers/CMSIS/Device/ST/STM32L0xx/Include -I/Users/christophemura/STM32Cube/Repository/STM32Cube_FW_L0_V1.12.1/Drivers/CMSIS/Include -I../USB_DEVICE/App -I../USB_DEVICE/Target -I/Users/christophemura/STM32Cube/Repository/STM32Cube_FW_L0_V1.12.1/Middlewares/ST/STM32_USB_Device_Library/Core/Inc -I/Users/christophemura/STM32Cube/Repository/STM32Cube_FW_L0_V1.12.1/Middlewares/ST/STM32_USB_Device_Library/Class/CustomHID/Inc -O0 -ffunction-sections -fdata-sections -Wall -fstack-usage -MMD -MP -MF"Core/Src/sysmem.d" -MT"Core/Src/sysmem.o" --specs=nano.specs -mfloat-abi=soft -mthumb -o "Core/Src/sysmem.o"
arm-none-eabi-gcc "../Core/Src/system_stm32l0xx.c" -mcpu=cortex-m0plus -std=gnu11 -g3 -DDEBUG -DUSE_HAL_DRIVER -DSTM32L073xx -c -I../Core/Inc -I/Users/christophemura/STM32Cube/Repository/STM32Cube_FW_L0_V1.12.1/Drivers/STM32L0xx_HAL_Driver/Inc -I/Users/christophemura/STM32Cube/Repository/STM32Cube_FW_L0_V1.12.1/Drivers/STM32L0xx_HAL_Driver/Inc/Legacy -I/Users/christophemura/STM32Cube/Repository/STM32Cube_FW_L0_V1.12.1/Drivers/CMSIS/Device/ST/STM32L0xx/Include -I/Users/christophemura/STM32Cube/Repository/STM32Cube_FW_L0_V1.12.1/Drivers/CMSIS/Include -I../USB_DEVICE/App -I../USB_DEVICE/Target -I/Users/christophemura/STM32Cube/Repository/STM32Cube_FW_L0_V1.12.1/Middlewares/ST/STM32_USB_Device_Library/Core/Inc -I/Users/christophemura/STM32Cube/Repository/STM32Cube_FW_L0_V1.12.1/Middlewares/ST/STM32_USB_Device_Library/Class/CustomHID/Inc -O0 -ffunction-sections -fdata-sections -Wall -fstack-usage -MMD -MP -MF"Core/Src/system_stm32l0xx.d" -MT"Core/Src/system_stm32l0xx.o" --specs=nano.specs -mfloat-abi=soft -mthumb -o "Core/Src/system_stm32l0xx.o"
arm-none-eabi-gcc -o "HID_CUSTOM_SIMULATEUR.elf" @"objects.list"   -mcpu=cortex-m0plus -T"/Users/christophemura/Documents/IUT/S4/Projet/Programme/HID_CUSTOM_SIMULATEUR/STM32L073CZTX_FLASH.ld" --specs=nosys.specs -Wl,-Map="HID_CUSTOM_SIMULATEUR.map" -Wl,--gc-sections -static --specs=nano.specs -mfloat-abi=soft -mthumb -Wl,--start-group -lc -lm -Wl,--end-group
Finished building target: HID_CUSTOM_SIMULATEUR.elf
 
arm-none-eabi-size   HID_CUSTOM_SIMULATEUR.elf 
arm-none-eabi-objdump -h -S  HID_CUSTOM_SIMULATEUR.elf  > "HID_CUSTOM_SIMULATEUR.list"
arm-none-eabi-objcopy  -O binary  HID_CUSTOM_SIMULATEUR.elf  "HID_CUSTOM_SIMULATEUR.bin"
   text	   data	    bss	    dec	    hex	filename
  38940	    516	   3876	  43332	   a944	HID_CUSTOM_SIMULATEUR.elf
Finished building: default.size.stdout
Finished building: HID_CUSTOM_SIMULATEUR.bin
 
 
Finished building: HID_CUSTOM_SIMULATEUR.list
 

14:51:44 Build Finished. 0 errors, 4 warnings. (took 5s.430ms)

