16:40:43 **** Incremental Build of configuration Debug for project Simulator_HID_CUSTOM ****
make -j7 all 
arm-none-eabi-gcc "../Core/Src/main.c" -mcpu=cortex-m0plus -std=gnu11 -g3 -DDEBUG -DUSE_HAL_DRIVER -DSTM32L073xx -c -I../Core/Inc -I../Drivers/STM32L0xx_HAL_Driver/Inc -I../Drivers/STM32L0xx_HAL_Driver/Inc/Legacy -I../Drivers/CMSIS/Device/ST/STM32L0xx/Include -I../Drivers/CMSIS/Include -I../USB_DEVICE/App -I../USB_DEVICE/Target -I../Middlewares/ST/STM32_USB_Device_Library/Core/Inc -I../Middlewares/ST/STM32_USB_Device_Library/Class/CustomHID/Inc -O0 -ffunction-sections -fdata-sections -Wall -fstack-usage -MMD -MP -MF"Core/Src/main.d" -MT"Core/Src/main.o" --specs=nano.specs -mfloat-abi=soft -mthumb -o "Core/Src/main.o"
../Core/Src/main.c: In function 'main':
../Core/Src/main.c:245:19: warning: suggest parentheses around comparison in operand of '|' [-Wparentheses]
  245 |    if (ADC_VAL[0] < 0 | ADC_VAL[0] > 60000) ADC_VAL[0] = 0;
      |        ~~~~~~~~~~~^~~
../Core/Src/main.c:247:19: warning: suggest parentheses around comparison in operand of '&' [-Wparentheses]
  247 |    if (ADC_VAL[0] > 255 & ADC_VAL[0] < 50000) ADC_VAL[0] = 255;
      |        ~~~~~~~~~~~^~~~~
../Core/Src/main.c:250:19: warning: suggest parentheses around comparison in operand of '|' [-Wparentheses]
  250 |    if (ADC_VAL[1] < 0 | ADC_VAL[1] > 60000) ADC_VAL[1] = 0;
      |        ~~~~~~~~~~~^~~
../Core/Src/main.c:252:19: warning: suggest parentheses around comparison in operand of '&' [-Wparentheses]
  252 |    if (ADC_VAL[1] > 255 & ADC_VAL[1] < 50000) ADC_VAL[1] = 255;
      |        ~~~~~~~~~~~^~~~~
../Core/Src/main.c:255:19: warning: suggest parentheses around comparison in operand of '|' [-Wparentheses]
  255 |    if (ADC_VAL[2] < 0 | ADC_VAL[2] > 60000) ADC_VAL[2] = 0;
      |        ~~~~~~~~~~~^~~
../Core/Src/main.c:257:19: warning: suggest parentheses around comparison in operand of '&' [-Wparentheses]
  257 |    if (ADC_VAL[2] > 255 & ADC_VAL[2] < 50000) ADC_VAL[2] = 255;
      |        ~~~~~~~~~~~^~~~~
../Core/Src/main.c:260:19: warning: suggest parentheses around comparison in operand of '|' [-Wparentheses]
  260 |    if (ADC_VAL[3] < 0 | ADC_VAL[3] > 60000) ADC_VAL[3] = 0;
      |        ~~~~~~~~~~~^~~
../Core/Src/main.c:262:19: warning: suggest parentheses around comparison in operand of '&' [-Wparentheses]
  262 |    if (ADC_VAL[3] > 255 & ADC_VAL[3] < 50000) ADC_VAL[3] = 255;
      |        ~~~~~~~~~~~^~~~~
../Core/Src/main.c:265:19: warning: suggest parentheses around comparison in operand of '|' [-Wparentheses]
  265 |    if (ADC_VAL[4] < 0 | ADC_VAL[4] > 60000) ADC_VAL[4] = 0;
      |        ~~~~~~~~~~~^~~
../Core/Src/main.c:267:19: warning: suggest parentheses around comparison in operand of '&' [-Wparentheses]
  267 |    if (ADC_VAL[4] > 255 & ADC_VAL[4] < 50000) ADC_VAL[4] = 255;
      |        ~~~~~~~~~~~^~~~~
../Core/Src/main.c:278:31: warning: passing argument 1 of 'USBD_CUSTOM_HID_SendReport' from incompatible pointer type [-Wincompatible-pointer-types]
  278 |    USBD_CUSTOM_HID_SendReport(&hUsbDeviceFS, &pumahid, sizeof(pumahid));
      |                               ^~~~~~~~~~~~~
      |                               |
      |                               USBD_CUSTOM_HID_HandleTypeDef * {aka struct <anonymous> *}
In file included from ../Core/Src/main.c:25:
../Middlewares/ST/STM32_USB_Device_Library/Class/CustomHID/Inc/usbd_customhid.h:140:56: note: expected 'USBD_HandleTypeDef *' {aka 'struct _USBD_HandleTypeDef *'} but argument is of type 'USBD_CUSTOM_HID_HandleTypeDef *' {aka 'struct <anonymous> *'}
  140 | uint8_t USBD_CUSTOM_HID_SendReport(USBD_HandleTypeDef *pdev,
      |                                    ~~~~~~~~~~~~~~~~~~~~^~~~
../Core/Src/main.c:278:46: warning: passing argument 2 of 'USBD_CUSTOM_HID_SendReport' from incompatible pointer type [-Wincompatible-pointer-types]
  278 |    USBD_CUSTOM_HID_SendReport(&hUsbDeviceFS, &pumahid, sizeof(pumahid));
      |                                              ^~~~~~~~
      |                                              |
      |                                              pumaHID * {aka struct <anonymous> *}
In file included from ../Core/Src/main.c:25:
../Middlewares/ST/STM32_USB_Device_Library/Class/CustomHID/Inc/usbd_customhid.h:141:45: note: expected 'uint8_t *' {aka 'unsigned char *'} but argument is of type 'pumaHID *' {aka 'struct <anonymous> *'}
  141 |                                    uint8_t *report,
      |                                    ~~~~~~~~~^~~~~~
../Core/Src/main.c:120:7: warning: unused variable 'msg' [-Wunused-variable]
  120 |  char msg[80];
      |       ^~~
arm-none-eabi-gcc -o "Simulator_HID_CUSTOM.elf" @"objects.list"   -mcpu=cortex-m0plus -T"/Users/christophemura/Documents/IUT/S4/Programme/Programme_Simulateur/Simulator_HID_CUSTOM/STM32L073CZTX_FLASH.ld" --specs=nosys.specs -Wl,-Map="Simulator_HID_CUSTOM.map" -Wl,--gc-sections -static --specs=nano.specs -mfloat-abi=soft -mthumb -Wl,--start-group -lc -lm -Wl,--end-group
Finished building target: Simulator_HID_CUSTOM.elf
 
arm-none-eabi-size   Simulator_HID_CUSTOM.elf 
arm-none-eabi-objdump -h -S  Simulator_HID_CUSTOM.elf  > "Simulator_HID_CUSTOM.list"
arm-none-eabi-objcopy  -O binary  Simulator_HID_CUSTOM.elf  "Simulator_HID_CUSTOM.bin"
   text	   data	    bss	    dec	    hex	filename
  40056	    516	   7420	  47992	   bb78	Simulator_HID_CUSTOM.elf
Finished building: default.size.stdout
 
Finished building: Simulator_HID_CUSTOM.bin
 
Finished building: Simulator_HID_CUSTOM.list
 

16:40:45 Build Finished. 0 errors, 13 warnings. (took 1s.388ms)

