16:19:57 **** Incremental Build of configuration Debug for project test_USB ****
make -j7 all 
arm-none-eabi-gcc "../USB_DEVICE/App/usbd_custom_hid_if.c" -mcpu=cortex-m0plus -std=gnu11 -g3 -DDEBUG -DUSE_HAL_DRIVER -DSTM32L073xx -c -I../Core/Inc -I/Users/christophemura/STM32Cube/Repository/STM32Cube_FW_L0_V1.12.1/Drivers/STM32L0xx_HAL_Driver/Inc -I/Users/christophemura/STM32Cube/Repository/STM32Cube_FW_L0_V1.12.1/Drivers/STM32L0xx_HAL_Driver/Inc/Legacy -I/Users/christophemura/STM32Cube/Repository/STM32Cube_FW_L0_V1.12.1/Drivers/CMSIS/Device/ST/STM32L0xx/Include -I/Users/christophemura/STM32Cube/Repository/STM32Cube_FW_L0_V1.12.1/Drivers/CMSIS/Include -I../USB_DEVICE/App -I../USB_DEVICE/Target -I/Users/christophemura/STM32Cube/Repository/STM32Cube_FW_L0_V1.12.1/Middlewares/ST/STM32_USB_Device_Library/Core/Inc -I/Users/christophemura/STM32Cube/Repository/STM32Cube_FW_L0_V1.12.1/Middlewares/ST/STM32_USB_Device_Library/Class/CustomHID/Inc -O0 -ffunction-sections -fdata-sections -Wall -fstack-usage -MMD -MP -MF"USB_DEVICE/App/usbd_custom_hid_if.d" -MT"USB_DEVICE/App/usbd_custom_hid_if.o" --specs=nano.specs -mfloat-abi=soft -mthumb -o "USB_DEVICE/App/usbd_custom_hid_if.o"
arm-none-eabi-gcc -o "test_USB.elf" @"objects.list"   -mcpu=cortex-m0plus -T"/Users/christophemura/Documents/IUT/S4/Programme/Programme_Simulateur/test_USB/STM32L073CZTX_FLASH.ld" --specs=nosys.specs -Wl,-Map="test_USB.map" -Wl,--gc-sections -static --specs=nano.specs -mfloat-abi=soft -mthumb -Wl,--start-group -lc -lm -Wl,--end-group
Finished building target: test_USB.elf
 
arm-none-eabi-size   test_USB.elf 
arm-none-eabi-objdump -h -S  test_USB.elf  > "test_USB.list"
arm-none-eabi-objcopy  -O binary  test_USB.elf  "test_USB.bin"
   text	   data	    bss	    dec	    hex	filename
  35048	    520	   3800	  39368	   99c8	test_USB.elf
Finished building: default.size.stdout
 
Finished building: test_USB.bin
 
Finished building: test_USB.list
 

16:19:58 Build Finished. 0 errors, 0 warnings. (took 1s.293ms)

