13:34:06 **** Incremental Build of configuration Debug for project USB_SIMULATOR ****
make -j7 all 
arm-none-eabi-gcc "../Core/Src/main.c" -mcpu=cortex-m0plus -std=gnu11 -g3 -DDEBUG -DUSE_HAL_DRIVER -DSTM32L073xx -c -I../Core/Inc -I/Users/christophemura/STM32Cube/Repository/STM32Cube_FW_L0_V1.12.1/Drivers/STM32L0xx_HAL_Driver/Inc -I/Users/christophemura/STM32Cube/Repository/STM32Cube_FW_L0_V1.12.1/Drivers/STM32L0xx_HAL_Driver/Inc/Legacy -I/Users/christophemura/STM32Cube/Repository/STM32Cube_FW_L0_V1.12.1/Drivers/CMSIS/Device/ST/STM32L0xx/Include -I/Users/christophemura/STM32Cube/Repository/STM32Cube_FW_L0_V1.12.1/Drivers/CMSIS/Include -I../USB_DEVICE/App -I../USB_DEVICE/Target -I/Users/christophemura/STM32Cube/Repository/STM32Cube_FW_L0_V1.12.1/Middlewares/ST/STM32_USB_Device_Library/Core/Inc -I/Users/christophemura/STM32Cube/Repository/STM32Cube_FW_L0_V1.12.1/Middlewares/ST/STM32_USB_Device_Library/Class/HID/Inc -O0 -ffunction-sections -fdata-sections -Wall -fstack-usage -MMD -MP -MF"Core/Src/main.d" -MT"Core/Src/main.o" --specs=nano.specs -mfloat-abi=soft -mthumb -o "Core/Src/main.o"
arm-none-eabi-gcc -o "USB_SIMULATOR.elf" @"objects.list"   -mcpu=cortex-m0plus -T"/Users/christophemura/Documents/IUT/S4/Programme/Programme_Simulateur/USB_SIMULATOR/STM32L073CZTX_FLASH.ld" --specs=nosys.specs -Wl,-Map="USB_SIMULATOR.map" -Wl,--gc-sections -static --specs=nano.specs -mfloat-abi=soft -mthumb -Wl,--start-group -lc -lm -Wl,--end-group
Finished building target: USB_SIMULATOR.elf
 
arm-none-eabi-size   USB_SIMULATOR.elf 
arm-none-eabi-objdump -h -S  USB_SIMULATOR.elf  > "USB_SIMULATOR.list"
arm-none-eabi-objcopy  -O binary  USB_SIMULATOR.elf  "USB_SIMULATOR.bin"
   text	   data	    bss	    dec	    hex	filename
  33876	    376	   3704	  37956	   9444	USB_SIMULATOR.elf
Finished building: default.size.stdout
 
Finished building: USB_SIMULATOR.bin
 
Finished building: USB_SIMULATOR.list
 

13:34:07 Build Finished. 0 errors, 0 warnings. (took 1s.83ms)

